Archive member included to satisfy reference by file (symbol)

/opt/gcc-arm-none-eabi-9-2020-q2-update/bin/../lib/gcc/arm-none-eabi/9.3.1/../../../../arm-none-eabi/lib/thumb/v7e-m+fp/hard/libc.a(lib_a-ctype_.o)
                              _build/nrf_log_str_formatter.o (_ctype_)
/opt/gcc-arm-none-eabi-9-2020-q2-update/bin/../lib/gcc/arm-none-eabi/9.3.1/../../../../arm-none-eabi/lib/thumb/v7e-m+fp/hard/libc.a(lib_a-exit.o)
                              /opt/gcc-arm-none-eabi-9-2020-q2-update/bin/../lib/gcc/arm-none-eabi/9.3.1/../../../../arm-none-eabi/lib/thumb/v7e-m+fp/hard/crt0.o (exit)
/opt/gcc-arm-none-eabi-9-2020-q2-update/bin/../lib/gcc/arm-none-eabi/9.3.1/../../../../arm-none-eabi/lib/thumb/v7e-m+fp/hard/libc.a(lib_a-impure.o)
                              /opt/gcc-arm-none-eabi-9-2020-q2-update/bin/../lib/gcc/arm-none-eabi/9.3.1/../../../../arm-none-eabi/lib/thumb/v7e-m+fp/hard/libc.a(lib_a-exit.o) (_global_impure_ptr)
/opt/gcc-arm-none-eabi-9-2020-q2-update/bin/../lib/gcc/arm-none-eabi/9.3.1/../../../../arm-none-eabi/lib/thumb/v7e-m+fp/hard/libc.a(lib_a-init.o)
                              /opt/gcc-arm-none-eabi-9-2020-q2-update/bin/../lib/gcc/arm-none-eabi/9.3.1/../../../../arm-none-eabi/lib/thumb/v7e-m+fp/hard/crt0.o (__libc_init_array)
/opt/gcc-arm-none-eabi-9-2020-q2-update/bin/../lib/gcc/arm-none-eabi/9.3.1/../../../../arm-none-eabi/lib/thumb/v7e-m+fp/hard/libc.a(lib_a-malloc.o)
                              _build/virtual_timer.o (malloc)
/opt/gcc-arm-none-eabi-9-2020-q2-update/bin/../lib/gcc/arm-none-eabi/9.3.1/../../../../arm-none-eabi/lib/thumb/v7e-m+fp/hard/libc.a(lib_a-mallocr.o)
                              /opt/gcc-arm-none-eabi-9-2020-q2-update/bin/../lib/gcc/arm-none-eabi/9.3.1/../../../../arm-none-eabi/lib/thumb/v7e-m+fp/hard/libc.a(lib_a-malloc.o) (_malloc_r)
/opt/gcc-arm-none-eabi-9-2020-q2-update/bin/../lib/gcc/arm-none-eabi/9.3.1/../../../../arm-none-eabi/lib/thumb/v7e-m+fp/hard/libc.a(lib_a-memcmp.o)
                              _build/nrf_twi_mngr.o (memcmp)
/opt/gcc-arm-none-eabi-9-2020-q2-update/bin/../lib/gcc/arm-none-eabi/9.3.1/../../../../arm-none-eabi/lib/thumb/v7e-m+fp/hard/libc.a(lib_a-memcpy.o)
                              _build/app_scheduler.o (memcpy)
/opt/gcc-arm-none-eabi-9-2020-q2-update/bin/../lib/gcc/arm-none-eabi/9.3.1/../../../../arm-none-eabi/lib/thumb/v7e-m+fp/hard/libc.a(lib_a-memset.o)
                              /opt/gcc-arm-none-eabi-9-2020-q2-update/bin/../lib/gcc/arm-none-eabi/9.3.1/../../../../arm-none-eabi/lib/thumb/v7e-m+fp/hard/crt0.o (memset)
/opt/gcc-arm-none-eabi-9-2020-q2-update/bin/../lib/gcc/arm-none-eabi/9.3.1/../../../../arm-none-eabi/lib/thumb/v7e-m+fp/hard/libc.a(lib_a-mlock.o)
                              /opt/gcc-arm-none-eabi-9-2020-q2-update/bin/../lib/gcc/arm-none-eabi/9.3.1/../../../../arm-none-eabi/lib/thumb/v7e-m+fp/hard/libc.a(lib_a-mallocr.o) (__malloc_lock)
/opt/gcc-arm-none-eabi-9-2020-q2-update/bin/../lib/gcc/arm-none-eabi/9.3.1/../../../../arm-none-eabi/lib/thumb/v7e-m+fp/hard/libc.a(lib_a-printf.o)
                              _build/lsm303agr.o (printf)
/opt/gcc-arm-none-eabi-9-2020-q2-update/bin/../lib/gcc/arm-none-eabi/9.3.1/../../../../arm-none-eabi/lib/thumb/v7e-m+fp/hard/libc.a(lib_a-sbrkr.o)
                              /opt/gcc-arm-none-eabi-9-2020-q2-update/bin/../lib/gcc/arm-none-eabi/9.3.1/../../../../arm-none-eabi/lib/thumb/v7e-m+fp/hard/libc.a(lib_a-mallocr.o) (_sbrk_r)
/opt/gcc-arm-none-eabi-9-2020-q2-update/bin/../lib/gcc/arm-none-eabi/9.3.1/../../../../arm-none-eabi/lib/thumb/v7e-m+fp/hard/libc.a(lib_a-setbuf.o)
                              _build/microbit_before_startup.o (setbuf)
/opt/gcc-arm-none-eabi-9-2020-q2-update/bin/../lib/gcc/arm-none-eabi/9.3.1/../../../../arm-none-eabi/lib/thumb/v7e-m+fp/hard/libc.a(lib_a-setvbuf.o)
                              /opt/gcc-arm-none-eabi-9-2020-q2-update/bin/../lib/gcc/arm-none-eabi/9.3.1/../../../../arm-none-eabi/lib/thumb/v7e-m+fp/hard/libc.a(lib_a-setbuf.o) (setvbuf)
/opt/gcc-arm-none-eabi-9-2020-q2-update/bin/../lib/gcc/arm-none-eabi/9.3.1/../../../../arm-none-eabi/lib/thumb/v7e-m+fp/hard/libc.a(lib_a-snprintf.o)
                              _build/main.o (snprintf)
/opt/gcc-arm-none-eabi-9-2020-q2-update/bin/../lib/gcc/arm-none-eabi/9.3.1/../../../../arm-none-eabi/lib/thumb/v7e-m+fp/hard/libc.a(lib_a-strlen.o)
                              _build/nrf_fprintf_format.o (strlen)
/opt/gcc-arm-none-eabi-9-2020-q2-update/bin/../lib/gcc/arm-none-eabi/9.3.1/../../../../arm-none-eabi/lib/thumb/v7e-m+fp/hard/libc.a(lib_a-svfprintf.o)
                              /opt/gcc-arm-none-eabi-9-2020-q2-update/bin/../lib/gcc/arm-none-eabi/9.3.1/../../../../arm-none-eabi/lib/thumb/v7e-m+fp/hard/libc.a(lib_a-snprintf.o) (_svfprintf_r)
/opt/gcc-arm-none-eabi-9-2020-q2-update/bin/../lib/gcc/arm-none-eabi/9.3.1/../../../../arm-none-eabi/lib/thumb/v7e-m+fp/hard/libc.a(lib_a-vfprintf.o)
[...]
Memory Configuration

Name             Origin             Length             Attributes
FLASH            0x0000000000000000 0x0000000000080000 xr
RAM              0x0000000020000000 0x0000000000020000 xrw
*default*        0x0000000000000000 0xffffffffffffffff

Linker script and memory map

                0x000000000007f000                __stop_ot_flash_data = ((ORIGIN (FLASH) + LENGTH (FLASH)) - FLASH_PAGE_SIZE)
                0x000000000007b000                __start_ot_flash_data = (__stop_ot_flash_data - (FLASH_PAGE_SIZE * FLASH_DATA_PAGES_USED))
                0x0000000000000001                ASSERT ((__start_ot_flash_data >= (__etext + SIZEOF (.data))), Error: Code overlaps flash data area.)

.text           0x0000000000000000     0xf3d0
 *(.isr_vector)
 .isr_vector    0x0000000000000000      0x200 _build/gcc_startup_nrf52833.os
                0x0000000000000000                __isr_vector
 *(.text*)
 .text          0x0000000000000200       0x40 /opt/gcc-arm-none-eabi-9-2020-q2-update/bin/../lib/gcc/arm-none-eabi/9.3.1/thumb/v7e-m+fp/hard/crtbegin.o
 .text          0x0000000000000240       0x7c /opt/gcc-arm-none-eabi-9-2020-q2-update/bin/../lib/gcc/arm-none-eabi/9.3.1/../../../../arm-none-eabi/lib/thumb/v7e-m+fp/hard/crt0.o
                0x0000000000000240                _stack_init
                0x0000000000000248                _mainCRTStartup
                0x0000000000000248                _start
 .text.nrf_gpio_pin_port_decode
                0x00000000000002bc       0x30 _build/led_matrix.o
 .text.nrf_gpio_pin_clear
                0x00000000000002ec       0x1a _build/led_matrix.o
 .text.nrf_gpio_pin_set
                0x0000000000000306       0x1a _build/led_matrix.o
 .text.nrf_gpio_pin_write
                0x0000000000000320        0xa _build/led_matrix.o
 *fill*         0x000000000000032a        0x2 
 .text.update_leds
                0x000000000000032c       0xc4 _build/led_matrix.o
                0x000000000000032c                update_leds
 .text.nrf_gpio_pin_dir_set.constprop.0
                0x00000000000003f0       0x1a _build/led_matrix.o
 *fill*         0x000000000000040a        0x6 
 .text.init_print_string
                0x0000000000000410       0x7c _build/led_matrix.o
                0x0000000000000410                init_print_string
 .text.new_print_string
                0x000000000000048c       0x24 _build/led_matrix.o
                0x000000000000048c                new_print_string
 .text.update_matrix
                0x00000000000004b0       0x1c _build/led_matrix.o
                0x00000000000004b0                update_matrix
 .text.print_string
                0x00000000000004cc       0x78 _build/led_matrix.o
                0x00000000000004cc                print_string
 .text.led_matrix_init
                0x0000000000000544       0x8c _build/led_matrix.o
                0x0000000000000544                led_matrix_init
 .text.i2c_reg_read
                0x00000000000005d0       0x54 _build/lsm303agr.o
 .text.i2c_reg_write
                0x0000000000000624       0x3c _build/lsm303agr.o
 .text.lsm303agr_init
                0x0000000000000660       0xfc _build/lsm303agr.o
                0x0000000000000660                lsm303agr_init
 .text.lsm303agr_read_temperature
                0x000000000000075c       0x40 _build/lsm303agr.o
                0x000000000000075c                lsm303agr_read_temperature
 *fill*         0x000000000000079c        0x4 
 .text.lsm303agr_read_accelerometer
                0x00000000000007a0      0x114 _build/lsm303agr.o
                0x00000000000007a0                lsm303agr_read_accelerometer
 .text.list_insert_sorted
                0x00000000000008b4       0x64 _build/virtual_timer_linked_list.o
                0x00000000000008b4                list_insert_sorted
 .text.list_get_first
                0x0000000000000918        0xc _build/virtual_timer_linked_list.o
                0x0000000000000918                list_get_first
 .text.list_remove_first
                0x0000000000000924       0x10 _build/virtual_timer_linked_list.o
                0x0000000000000924                list_remove_first
 .text.print_temp
                0x0000000000000934       0x30 _build/main.o
 .text.check_temp_and_accel
                0x0000000000000964       0x28 _build/main.o
 .text.nrf_gpio_pin_port_decode
                0x000000000000098c       0x30 _build/main.o
 .text.nrf_gpio_cfg_output
                0x00000000000009bc       0x1c _build/main.o
 .text.nrf_gpio_pin_set
                0x00000000000009d8       0x1a _build/main.o
 *fill*         0x00000000000009f2        0x2 
 .text.sample_timer_callback
                0x00000000000009f4       0x30 _build/main.o
 *fill*         0x0000000000000a24        0x4 
 .text.startup.main
                0x0000000000000a28      0x124 _build/main.o
                0x0000000000000a28                main
 .text.timer_start
                0x0000000000000b4c       0x44 _build/virtual_timer.o
 .text.interrupt_helper
                0x0000000000000b90       0x38 _build/virtual_timer.o
                0x0000000000000b90                interrupt_helper
 .text.TIMER4_IRQHandler
                0x0000000000000bc8       0x3c _build/virtual_timer.o
                0x0000000000000bc8                TIMER4_IRQHandler
 .text.virtual_timer_init
                0x0000000000000c04       0x3c _build/virtual_timer.o
                0x0000000000000c04                virtual_timer_init
 .text.virtual_timer_start_repeated
                0x0000000000000c40        0x6 _build/virtual_timer.o
                0x0000000000000c40                virtual_timer_start_repeated
 *fill*         0x0000000000000c46        0x2 
 .text.nrf_gpio_pin_port_decode
                0x0000000000000c48       0x30 _build/better_error_handling.o
 .text.nrf_gpio_pin_clear
                0x0000000000000c78       0x1a _build/better_error_handling.o
 .text.nrf_gpio_pin_set
                0x0000000000000c92       0x1a _build/better_error_handling.o
 .text.nrf_delay_ms.part.0
                0x0000000000000cac       0x1c _build/better_error_handling.o
 .text.error_blink_pattern
                0x0000000000000cc8      0x104 _build/better_error_handling.o
 .text.app_error_fault_handler
                0x0000000000000dcc       0x74 _build/better_error_handling.o
                0x0000000000000dcc                app_error_fault_handler
 .text.HardFault_process
                0x0000000000000e40        0x6 _build/better_error_handling.o
                0x0000000000000e40                HardFault_process
 .text.nrf_log_backend_uart_flush
                0x0000000000000e46        0x2 _build/microbit_nrf_log_backend_uart.o
 .text.nrf_log_backend_uart_put
                0x0000000000000e48       0x1c _build/microbit_nrf_log_backend_uart.o
 .text.uart_init.constprop.0
                0x0000000000000e64       0x5c _build/microbit_nrf_log_backend_uart.o
 .text.serial_tx
                0x0000000000000ec0       0x50 _build/microbit_nrf_log_backend_uart.o
 .text.nrf_log_backend_uart_panic_set
                0x0000000000000f10       0x2c _build/microbit_nrf_log_backend_uart.o
 .text.nrf_log_backend_uart_init
                0x0000000000000f3c        0x4 _build/microbit_nrf_log_backend_uart.o
                0x0000000000000f3c                nrf_log_backend_uart_init
 .text._write   0x0000000000000f40       0x2c _build/microbit_retarget.o
                0x0000000000000f40                _write
 .text._read    0x0000000000000f6c       0x30 _build/microbit_retarget.o
                0x0000000000000f6c                _read
 .text.startup.called_first
                0x0000000000000f9c       0x48 _build/microbit_before_startup.o
                0x0000000000000f9c                called_first
 .text.app_error_handler
                0x0000000000000fe4       0x1a _build/app_error_handler_gcc.o
                0x0000000000000fe4                app_error_handler
 *fill*         0x0000000000000ffe        0x2 
 .text.user_op_alloc
                0x0000000000001000       0x2c _build/app_timer.o
 .text.nrfx_coredep_delay_us.part.0.constprop.0
                0x000000000000102c       0x10 _build/app_timer.o
 .text.RTC1_IRQHandler
                0x000000000000103c       0x9c _build/app_timer.o
                0x000000000000103c                RTC1_IRQHandler
 .text.SWI0_EGU0_IRQHandler
                0x00000000000010d8      0x2b8 _build/app_timer.o
                0x00000000000010d8                SWI0_EGU0_IRQHandler
 .text.app_timer_init
                0x0000000000001390       0x90 _build/app_timer.o
                0x0000000000001390                app_timer_init
 .text.app_timer_create
                0x0000000000001420       0x24 _build/app_timer.o
                0x0000000000001420                app_timer_create
 .text.app_timer_start
                0x0000000000001444       0x8c _build/app_timer.o
                0x0000000000001444                app_timer_start
 .text.app_util_disable_irq
                0x00000000000014d0       0x10 _build/app_util_platform.o
                0x00000000000014d0                app_util_disable_irq
 .text.app_util_enable_irq
                0x00000000000014e0       0x14 _build/app_util_platform.o
                0x00000000000014e0                app_util_enable_irq
 .text.privilege_level_get
                0x00000000000014f4       0x1a _build/app_util_platform.o
                0x00000000000014f4                privilege_level_get
 *fill*         0x000000000000150e        0x2 
 .text.app_util_critical_region_enter
                0x0000000000001510       0x20 _build/app_util_platform.o
                0x0000000000001510                app_util_critical_region_enter
 .text.app_util_critical_region_exit
                0x0000000000001530       0x20 _build/app_util_platform.o
                0x0000000000001530                app_util_critical_region_exit
 .text.HardFault_Handler
                0x0000000000001550       0x34 _build/hardfault_handler_gcc.o
                0x0000000000001550                HardFault_Handler
 .text.HardFault_c_handler
                0x0000000000001584      0x104 _build/hardfault_implementation.o
                0x0000000000001584                HardFault_c_handler
 .text.assert_nrf_callback
                0x0000000000001688       0x1a _build/nrf_assert.o
                0x0000000000001688                assert_nrf_callback
 .text.nrf_atomic_u32_fetch_store
                0x00000000000016a2       0x16 _build/nrf_atomic.o
                0x00000000000016a2                nrf_atomic_u32_fetch_store
 .text.nrf_atomic_u32_or
                0x00000000000016b8       0x18 _build/nrf_atomic.o
                0x00000000000016b8                nrf_atomic_u32_or
 .text.nrf_atomic_u32_fetch_and
                0x00000000000016d0       0x18 _build/nrf_atomic.o
                0x00000000000016d0                nrf_atomic_u32_fetch_and
 .text.nrf_atomic_u32_add
                0x00000000000016e8       0x18 _build/nrf_atomic.o
                0x00000000000016e8                nrf_atomic_u32_add
 .text.nrf_atomic_u32_sub
                0x0000000000001700       0x18 _build/nrf_atomic.o
                0x0000000000001700                nrf_atomic_u32_sub
 .text.nrf_atomic_flag_set
                0x0000000000001718        0x6 _build/nrf_atomic.o
                0x0000000000001718                nrf_atomic_flag_set
 .text.nrf_atomic_flag_clear_fetch
                0x000000000000171e        0x6 _build/nrf_atomic.o
                0x000000000000171e                nrf_atomic_flag_clear_fetch
 .text.nrf_balloc_init
                0x0000000000001724       0x7c _build/nrf_balloc.o
                0x0000000000001724                nrf_balloc_init
 .text.nrf_balloc_alloc
                0x00000000000017a0       0x54 _build/nrf_balloc.o
                0x00000000000017a0                nrf_balloc_alloc
 .text.nrf_balloc_free
                0x00000000000017f4       0x48 _build/nrf_balloc.o
                0x00000000000017f4                nrf_balloc_free
 .text.twim_evt_handler
                0x000000000000183c       0x40 _build/nrf_drv_twi.o
 .text.nrf_gpio_pin_port_decode
                0x000000000000187c       0x30 _build/nrf_drv_twi.o
 .text.nrf_gpio_pin_set
                0x00000000000018ac       0x1a _build/nrf_drv_twi.o
 *fill*         0x00000000000018c6        0x2 
 .text.nrfx_coredep_delay_us.part.0.constprop.0
                0x00000000000018c8       0x10 _build/nrf_drv_twi.o
 .text.nrf_drv_twi_init
                0x00000000000018d8       0xec _build/nrf_drv_twi.o
                0x00000000000018d8                nrf_drv_twi_init
 .text.uarte_evt_handler
                0x00000000000019c4       0x34 _build/nrf_drv_uart.o
 .text.uart_evt_handler
                0x00000000000019f8       0x34 _build/nrf_drv_uart.o
 .text.nrf_drv_uart_init
                0x0000000000001a2c       0x7c _build/nrf_drv_uart.o
                0x0000000000001a2c                nrf_drv_uart_init
 .text.nrf_fprintf_buffer_flush
                0x0000000000001aa8       0x24 _build/nrf_fprintf.o
                0x0000000000001aa8                nrf_fprintf_buffer_flush
 .text.nrf_fprintf
                0x0000000000001acc       0x54 _build/nrf_fprintf.o
                0x0000000000001acc                nrf_fprintf
 .text.buffer_add
                0x0000000000001b20       0x1e _build/nrf_fprintf_format.o
 *fill*         0x0000000000001b3e        0x2 
 .text.unsigned_print
                0x0000000000001b40       0xb4 _build/nrf_fprintf_format.o
 .text.nrf_fprintf_fmt
                0x0000000000001bf4      0x2d8 _build/nrf_fprintf_format.o
                0x0000000000001bf4                nrf_fprintf_fmt
 .text.nrf_log_backend_serial_put
                0x0000000000001ecc       0xc2 _build/nrf_log_backend_serial.o
                0x0000000000001ecc                nrf_log_backend_serial_put
 *fill*         0x0000000000001f8e        0x2 
 .text.nrf_log_default_backends_init
                0x0000000000001f90       0x30 _build/nrf_log_default_backends.o
                0x0000000000001f90                nrf_log_default_backends_init
 .text.invalid_packets_omit
                0x0000000000001fc0       0x3a _build/nrf_log_frontend.o
 *fill*         0x0000000000001ffa        0x2 
 .text.buf_prealloc
                0x0000000000001ffc      0x144 _build/nrf_log_frontend.o
 .text.nrf_log_init
                0x0000000000002140       0x3c _build/nrf_log_frontend.o
                0x0000000000002140                nrf_log_init
 .text.nrf_log_module_name_get
                0x000000000000217c       0x38 _build/nrf_log_frontend.o
                0x000000000000217c                nrf_log_module_name_get
 .text.nrf_log_color_id_get
                0x00000000000021b4       0x2c _build/nrf_log_frontend.o
                0x00000000000021b4                nrf_log_color_id_get
 .text.buffer_is_empty
                0x00000000000021e0       0x14 _build/nrf_log_frontend.o
                0x00000000000021e0                buffer_is_empty
 .text.nrf_log_frontend_dequeue
                0x00000000000021f4      0x218 _build/nrf_log_frontend.o
                0x00000000000021f4                nrf_log_frontend_dequeue
 .text.std_n    0x000000000000240c       0xb8 _build/nrf_log_frontend.o
 .text.nrf_log_frontend_std_0
                0x00000000000024c4        0x8 _build/nrf_log_frontend.o
                0x00000000000024c4                nrf_log_frontend_std_0
 .text.nrf_log_frontend_std_1
                0x00000000000024cc       0x12 _build/nrf_log_frontend.o
                0x00000000000024cc                nrf_log_frontend_std_1
 .text.nrf_log_frontend_std_3
                0x00000000000024de       0x18 _build/nrf_log_frontend.o
                0x00000000000024de                nrf_log_frontend_std_3
 .text.nrf_log_frontend_std_4
                0x00000000000024f6       0x1c _build/nrf_log_frontend.o
                0x00000000000024f6                nrf_log_frontend_std_4
 *fill*         0x0000000000002512        0x2 
 .text.nrf_log_backend_add
                0x0000000000002514       0x54 _build/nrf_log_frontend.o
                0x0000000000002514                nrf_log_backend_add
 .text.nrf_log_panic
                0x0000000000002568       0x2c _build/nrf_log_frontend.o
                0x0000000000002568                nrf_log_panic
 .text.postfix_process
                0x0000000000002594       0x44 _build/nrf_log_str_formatter.o
 .text.prefix_process
                0x00000000000025d8       0x7c _build/nrf_log_str_formatter.o
 .text.nrf_log_std_entry_process
                0x0000000000002654       0xc8 _build/nrf_log_str_formatter.o
                0x0000000000002654                nrf_log_std_entry_process
 .text.nrf_log_hexdump_entry_process
                0x000000000000271c       0xbc _build/nrf_log_str_formatter.o
                0x000000000000271c                nrf_log_hexdump_entry_process
 .text.memobj_op
                0x00000000000027d8       0xa8 _build/nrf_memobj.o
 .text.nrf_memobj_pool_init
                0x0000000000002880        0x4 _build/nrf_memobj.o
                0x0000000000002880                nrf_memobj_pool_init
 .text.nrf_memobj_free
                0x0000000000002884       0x2c _build/nrf_memobj.o
                0x0000000000002884                nrf_memobj_free
 .text.nrf_memobj_alloc
                0x00000000000028b0       0x5e _build/nrf_memobj.o
                0x00000000000028b0                nrf_memobj_alloc
 .text.nrf_memobj_get
                0x000000000000290e        0x8 _build/nrf_memobj.o
                0x000000000000290e                nrf_memobj_get
 .text.nrf_memobj_put
                0x0000000000002916       0x1e _build/nrf_memobj.o
                0x0000000000002916                nrf_memobj_put
 .text.nrf_memobj_write
                0x0000000000002934       0x28 _build/nrf_memobj.o
                0x0000000000002934                nrf_memobj_write
 .text.nrf_memobj_read
                0x000000000000295c       0x28 _build/nrf_memobj.o
                0x000000000000295c                nrf_memobj_read
 .text.nrf_ringbuf_init
                0x0000000000002984       0x1c _build/nrf_ringbuf.o
                0x0000000000002984                nrf_ringbuf_init
 .text.nrf_strerror_find
                0x00000000000029a0       0x3c _build/nrf_strerror.o
                0x00000000000029a0                nrf_strerror_find
 .text.nrf_strerror_get
                0x00000000000029dc       0x14 _build/nrf_strerror.o
                0x00000000000029dc                nrf_strerror_get
 .text.queue_utilization_get
                0x00000000000029f0       0x18 _build/nrf_queue.o
 .text.nrf_queue_next_idx
                0x0000000000002a08       0x20 _build/nrf_queue.o
 .text.nrf_queue_is_full
                0x0000000000002a28       0x28 _build/nrf_queue.o
                0x0000000000002a28                nrf_queue_is_full
 .text.nrf_queue_push
                0x0000000000002a50       0xc0 _build/nrf_queue.o
                0x0000000000002a50                nrf_queue_push
 .text.nrf_queue_is_empty
                0x0000000000002b10       0x24 _build/nrf_queue.o
                0x0000000000002b10                nrf_queue_is_empty
 .text.nrf_queue_generic_pop
                0x0000000000002b34       0x9c _build/nrf_queue.o
                0x0000000000002b34                nrf_queue_generic_pop
 .text.nrf_gpiote_event_clear
                0x0000000000002bd0       0x18 _build/nrfx_gpiote.o
 .text.nrf_gpio_pin_port_decode
                0x0000000000002be8       0x30 _build/nrfx_gpiote.o
 .text.nrf_gpio_cfg_sense_set
                0x0000000000002c18       0x2e _build/nrfx_gpiote.o
 *fill*         0x0000000000002c46        0x2 
 .text.nrf_gpio_ports_read.constprop.0
                0x0000000000002c48       0x18 _build/nrfx_gpiote.o
 .text.GPIOTE_IRQHandler
                0x0000000000002c60      0x1a8 _build/nrfx_gpiote.o
                0x0000000000002c60                GPIOTE_IRQHandler
 .text.UARTE0_UART0_IRQHandler
                0x0000000000002e08       0x20 _build/nrfx_prs.o
                0x0000000000002e08                UARTE0_UART0_IRQHandler
 .text.nrfx_prs_acquire
                0x0000000000002e28       0x44 _build/nrfx_prs.o
                0x0000000000002e28                nrfx_prs_acquire
 .text.nrfx_prs_release
                0x0000000000002e6c       0x28 _build/nrfx_prs.o
                0x0000000000002e6c                nrfx_prs_release
 .text.nrf_saadc_event_clear
                0x0000000000002e94       0x18 _build/nrfx_saadc.o
 .text.SAADC_IRQHandler
                0x0000000000002eac      0x160 _build/nrfx_saadc.o
                0x0000000000002eac                SAADC_IRQHandler
 .text.irq_handler.constprop.0
                0x000000000000300c       0x4c _build/nrfx_timer.o
 .text.TIMER0_IRQHandler
                0x0000000000003058       0x10 _build/nrfx_timer.o
                0x0000000000003058                TIMER0_IRQHandler
 .text.TIMER1_IRQHandler
                0x0000000000003068       0x10 _build/nrfx_timer.o
                0x0000000000003068                TIMER1_IRQHandler
 .text.nrf_twim_event_clear
                0x0000000000003078       0x10 _build/nrfx_twim.o
 .text.xfer_completeness_check
                0x0000000000003088       0x6c _build/nrfx_twim.o
 .text.nrf_gpio_pin_port_decode
                0x00000000000030f4       0x30 _build/nrfx_twim.o
 .text.SPIM0_SPIS0_TWIM0_TWIS0_SPI0_TWI0_IRQHandler
                0x0000000000003124      0x158 _build/nrfx_twim.o
                0x0000000000003124                SPIM0_SPIS0_TWIM0_TWIS0_SPI0_TWI0_IRQHandler
 .text.nrfx_twim_init
                0x000000000000327c      0x140 _build/nrfx_twim.o
                0x000000000000327c                nrfx_twim_init
 .text.nrfx_twim_enable
                0x00000000000033bc       0x40 _build/nrfx_twim.o
                0x00000000000033bc                nrfx_twim_enable
 .text.nrfx_twim_disable
                0x00000000000033fc       0x54 _build/nrfx_twim.o
                0x00000000000033fc                nrfx_twim_disable
 .text.nrfx_twim_uninit
                0x0000000000003450       0xb4 _build/nrfx_twim.o
                0x0000000000003450                nrfx_twim_uninit
 .text.nrfx_twim_xfer
                0x0000000000003504      0x330 _build/nrfx_twim.o
                0x0000000000003504                nrfx_twim_xfer
 .text.POWER_CLOCK_IRQHandler
                0x0000000000003834       0x5c _build/nrfx_clock.o
                0x0000000000003834                POWER_CLOCK_IRQHandler
 .text.nrf_uart_event_clear
                0x0000000000003890       0x10 _build/nrfx_uart.o
 .text.tx_byte  0x00000000000038a0       0x1e _build/nrfx_uart.o
 *fill*         0x00000000000038be        0x2 
 .text.nrf_gpio_pin_port_decode
                0x00000000000038c0       0x30 _build/nrfx_uart.o
 .text.nrf_gpio_cfg_default
                0x00000000000038f0       0x1c _build/nrfx_uart.o
 .text.rx_enable.isra.0
                0x000000000000390c       0x20 _build/nrfx_uart.o
 .text.rx_byte  0x000000000000392c       0x2c _build/nrfx_uart.o
 .text.rx_done_event.constprop.0
                0x0000000000003958       0x20 _build/nrfx_uart.o
 .text.nrfx_uart_0_irq_handler
                0x0000000000003978      0x13c _build/nrfx_uart.o
                0x0000000000003978                nrfx_uart_0_irq_handler
 .text.nrfx_uart_init
                0x0000000000003ab4      0x1e4 _build/nrfx_uart.o
                0x0000000000003ab4                nrfx_uart_init
 .text.nrfx_uart_uninit
                0x0000000000003c98       0xc0 _build/nrfx_uart.o
                0x0000000000003c98                nrfx_uart_uninit
 .text.nrfx_uart_tx
                0x0000000000003d58       0xe0 _build/nrfx_uart.o
                0x0000000000003d58                nrfx_uart_tx
 .text.nrfx_uart_rx
                0x0000000000003e38      0x130 _build/nrfx_uart.o
                0x0000000000003e38                nrfx_uart_rx
 .text.nrf_uarte_event_clear
                0x0000000000003f68       0x10 _build/nrfx_uarte.o
 .text.nrf_gpio_pin_port_decode
                0x0000000000003f78       0x30 _build/nrfx_uarte.o
 .text.nrf_gpio_cfg_default
                0x0000000000003fa8       0x1c _build/nrfx_uarte.o
 .text.rx_done_event.constprop.0
                0x0000000000003fc4       0x20 _build/nrfx_uarte.o
 .text.nrfx_uarte_0_irq_handler
                0x0000000000003fe4      0x118 _build/nrfx_uarte.o
                0x0000000000003fe4                nrfx_uarte_0_irq_handler
 .text.nrfx_uarte_init
                0x00000000000040fc      0x1f8 _build/nrfx_uarte.o
                0x00000000000040fc                nrfx_uarte_init
 .text.nrfx_uarte_uninit
                0x00000000000042f4       0xec _build/nrfx_uarte.o
                0x00000000000042f4                nrfx_uarte_uninit
 .text.nrfx_uarte_tx
                0x00000000000043e0       0xf4 _build/nrfx_uarte.o
                0x00000000000043e0                nrfx_uarte_tx
 .text.nrfx_uarte_rx
                0x00000000000044d4      0x130 _build/nrfx_uarte.o
                0x00000000000044d4                nrfx_uarte_rx
 .text.internal_transaction_cb
                0x0000000000004604        0xa _build/nrf_twi_mngr.o
 *fill*         0x000000000000460e        0x2 
 .text.transaction_end_signal
                0x0000000000004610       0x30 _build/nrf_twi_mngr.o
 .text.start_transfer
                0x0000000000004640       0xc4 _build/nrf_twi_mngr.o
 .text.start_pending_transaction
                0x0000000000004704       0xb0 _build/nrf_twi_mngr.o
 .text.twi_event_handler
                0x00000000000047b4       0x58 _build/nrf_twi_mngr.o
 .text.nrf_twi_mngr_init
                0x000000000000480c       0x78 _build/nrf_twi_mngr.o
                0x000000000000480c                nrf_twi_mngr_init
 .text.nrf_twi_mngr_schedule
                0x0000000000004884       0x60 _build/nrf_twi_mngr.o
                0x0000000000004884                nrf_twi_mngr_schedule
 .text.nrf_twi_mngr_perform
                0x00000000000048e4       0x84 _build/nrf_twi_mngr.o
                0x00000000000048e4                nrf_twi_mngr_perform
 .text.nrf_pwm_event_clear
                0x0000000000004968       0x10 _build/nrfx_pwm.o
 .text.PWM0_IRQHandler
                0x0000000000004978       0x90 _build/nrfx_pwm.o
                0x0000000000004978                PWM0_IRQHandler
 .text.errata_36
                0x0000000000004a08       0x20 _build/system_nrf52833.o
 .text.SystemInit
                0x0000000000004a28      0x174 _build/system_nrf52833.o
                0x0000000000004a28                SystemInit
 .text          0x0000000000004b9c       0x3c _build/gcc_startup_nrf52833.os
                0x0000000000004b9c                Reset_Handler
                0x0000000000004bc4                NMI_Handler
                0x0000000000004bc8                MemoryManagement_Handler
                0x0000000000004bca                BusFault_Handler
                0x0000000000004bcc                UsageFault_Handler
                0x0000000000004bce                SVC_Handler
                0x0000000000004bd0                DebugMon_Handler
                0x0000000000004bd2                PendSV_Handler
                0x0000000000004bd4                SysTick_Handler
                0x0000000000004bd6                TIMER2_IRQHandler
                0x0000000000004bd6                RTC0_IRQHandler
                0x0000000000004bd6                SWI2_EGU2_IRQHandler
                0x0000000000004bd6                PWM1_IRQHandler
                0x0000000000004bd6                RADIO_IRQHandler
                0x0000000000004bd6                PDM_IRQHandler
                0x0000000000004bd6                TEMP_IRQHandler
                0x0000000000004bd6                QDEC_IRQHandler
                0x0000000000004bd6                TIMER3_IRQHandler
                0x0000000000004bd6                PWM3_IRQHandler
                0x0000000000004bd6                FPU_IRQHandler
                0x0000000000004bd6                USBD_IRQHandler
                0x0000000000004bd6                I2S_IRQHandler
                0x0000000000004bd6                SWI4_EGU4_IRQHandler
                0x0000000000004bd6                UARTE1_IRQHandler
                0x0000000000004bd6                SPIM3_IRQHandler
                0x0000000000004bd6                PWM2_IRQHandler
                0x0000000000004bd6                ECB_IRQHandler
                0x0000000000004bd6                SPIM1_SPIS1_TWIM1_TWIS1_SPI1_TWI1_IRQHandler
                0x0000000000004bd6                Default_Handler
                0x0000000000004bd6                CCM_AAR_IRQHandler
                0x0000000000004bd6                WDT_IRQHandler
                0x0000000000004bd6                SWI5_EGU5_IRQHandler
                0x0000000000004bd6                RNG_IRQHandler
                0x0000000000004bd6                RTC2_IRQHandler
                0x0000000000004bd6                SWI3_EGU3_IRQHandler
                0x0000000000004bd6                SWI1_EGU1_IRQHandler
                0x0000000000004bd6                SPIM2_SPIS2_SPI2_IRQHandler
                0x0000000000004bd6                NFCT_IRQHandler
                0x0000000000004bd6                MWU_IRQHandler
                0x0000000000004bd6                COMP_LPCOMP_IRQHandler
 .text.exit     0x0000000000004bd8       0x20 /opt/gcc-arm-none-eabi-9-2020-q2-update/bin/../lib/gcc/arm-none-eabi/9.3.1/../../../../arm-none-eabi/lib/thumb/v7e-m+fp/hard/libc.a(lib_a-exit.o)
                0x0000000000004bd8                exit
 .text.__libc_init_array
                0x0000000000004bf8       0x48 /opt/gcc-arm-none-eabi-9-2020-q2-update/bin/../lib/gcc/arm-none-eabi/9.3.1/../../../../arm-none-eabi/lib/thumb/v7e-m+fp/hard/libc.a(lib_a-init.o)
                0x0000000000004bf8                __libc_init_array
 .text.malloc   0x0000000000004c40       0x10 /opt/gcc-arm-none-eabi-9-2020-q2-update/bin/../lib/gcc/arm-none-eabi/9.3.1/../../../../arm-none-eabi/lib/thumb/v7e-m+fp/hard/libc.a(lib_a-malloc.o)
                0x0000000000004c40                malloc
 .text.free     0x0000000000004c50       0x10 /opt/gcc-arm-none-eabi-9-2020-q2-update/bin/../lib/gcc/arm-none-eabi/9.3.1/../../../../arm-none-eabi/lib/thumb/v7e-m+fp/hard/libc.a(lib_a-malloc.o)
                0x0000000000004c50                free
 .text._malloc_r
                0x0000000000004c60      0x574 /opt/gcc-arm-none-eabi-9-2020-q2-update/bin/../lib/gcc/arm-none-eabi/9.3.1/../../../../arm-none-eabi/lib/thumb/v7e-m+fp/hard/libc.a(lib_a-mallocr.o)
                0x0000000000004c60                _malloc_r
 .text.memcmp   0x00000000000051d4       0x60 /opt/gcc-arm-none-eabi-9-2020-q2-update/bin/../lib/gcc/arm-none-eabi/9.3.1/../../../../arm-none-eabi/lib/thumb/v7e-m+fp/hard/libc.a(lib_a-memcmp.o)
                0x00000000000051d4                memcmp
 .text          0x0000000000005234      0x134 /opt/gcc-arm-none-eabi-9-2020-q2-update/bin/../lib/gcc/arm-none-eabi/9.3.1/../../../../arm-none-eabi/lib/thumb/v7e-m+fp/hard/libc.a(lib_a-memcpy.o)
                0x0000000000005234                memcpy
 .text.memset   0x0000000000005368       0xa0 /opt/gcc-arm-none-eabi-9-2020-q2-update/bin/../lib/gcc/arm-none-eabi/9.3.1/../../../../arm-none-eabi/lib/thumb/v7e-m+fp/hard/libc.a(lib_a-memset.o)
                0x0000000000005368                memset
 .text.__malloc_lock
                0x0000000000005408        0xc /opt/gcc-arm-none-eabi-9-2020-q2-update/bin/../lib/gcc/arm-none-eabi/9.3.1/../../../../arm-none-eabi/lib/thumb/v7e-m+fp/hard/libc.a(lib_a-mlock.o)
                0x0000000000005408                __malloc_lock
 .text.__malloc_unlock
                0x0000000000005414        0xc /opt/gcc-arm-none-eabi-9-2020-q2-update/bin/../lib/gcc/arm-none-eabi/9.3.1/../../../../arm-none-eabi/lib/thumb/v7e-m+fp/hard/libc.a(lib_a-mlock.o)
                0x0000000000005414                __malloc_unlock
 .text.printf   0x0000000000005420       0x28 /opt/gcc-arm-none-eabi-9-2020-q2-update/bin/../lib/gcc/arm-none-eabi/9.3.1/../../../../arm-none-eabi/lib/thumb/v7e-m+fp/hard/libc.a(lib_a-printf.o)
                0x0000000000005420                printf
 .text._sbrk_r  0x0000000000005448       0x24 /opt/gcc-arm-none-eabi-9-2020-q2-update/bin/../lib/gcc/arm-none-eabi/9.3.1/../../../../arm-none-eabi/lib/thumb/v7e-m+fp/hard/libc.a(lib_a-sbrkr.o)
                0x0000000000005448                _sbrk_r
 .text.setbuf   0x000000000000546c       0x10 /opt/gcc-arm-none-eabi-9-2020-q2-update/bin/../lib/gcc/arm-none-eabi/9.3.1/../../../../arm-none-eabi/lib/thumb/v7e-m+fp/hard/libc.a(lib_a-setbuf.o)
                0x000000000000546c                setbuf
 .text.setvbuf  0x000000000000547c      0x1a0 /opt/gcc-arm-none-eabi-9-2020-q2-update/bin/../lib/gcc/arm-none-eabi/9.3.1/../../../../arm-none-eabi/lib/thumb/v7e-m+fp/hard/libc.a(lib_a-setvbuf.o)
                0x000000000000547c                setvbuf
 .text.snprintf
                0x000000000000561c       0x88 /opt/gcc-arm-none-eabi-9-2020-q2-update/bin/../lib/gcc/arm-none-eabi/9.3.1/../../../../arm-none-eabi/lib/thumb/v7e-m+fp/hard/libc.a(lib_a-snprintf.o)
                0x000000000000561c                snprintf
 *fill*         0x00000000000056a4       0x1c 
 .text          0x00000000000056c0       0xdc /opt/gcc-arm-none-eabi-9-2020-q2-update/bin/../lib/gcc/arm-none-eabi/9.3.1/../../../../arm-none-eabi/lib/thumb/v7e-m+fp/hard/libc.a(lib_a-strlen.o)
                0x00000000000056c0                strlen
 *fill*         0x000000000000579c        0x4 
 .text._svfprintf_r
                0x00000000000057a0     0x1b38 /opt/gcc-arm-none-eabi-9-2020-q2-update/bin/../lib/gcc/arm-none-eabi/9.3.1/../../../../arm-none-eabi/lib/thumb/v7e-m+fp/hard/libc.a(lib_a-svfprintf.o)
                0x00000000000057a0                _svfprintf_r
 .text._vfprintf_r
                0x00000000000072d8     0x1be0 /opt/gcc-arm-none-eabi-9-2020-q2-update/bin/../lib/gcc/arm-none-eabi/9.3.1/../../../../arm-none-eabi/lib/thumb/v7e-m+fp/hard/libc.a(lib_a-vfprintf.o)
                0x00000000000072d8                _vfprintf_r
 .text.__sbprintf
                0x0000000000008eb8       0x84 /opt/gcc-arm-none-eabi-9-2020-q2-update/bin/../lib/gcc/arm-none-eabi/9.3.1/../../../../arm-none-eabi/lib/thumb/v7e-m+fp/hard/libc.a(lib_a-vfprintf.o)
 .text.__swsetup_r
                0x0000000000008f3c       0xd0 /opt/gcc-arm-none-eabi-9-2020-q2-update/bin/../lib/gcc/arm-none-eabi/9.3.1/../../../../arm-none-eabi/lib/thumb/v7e-m+fp/hard/libc.a(lib_a-wsetup.o)
                0x0000000000008f3c                __swsetup_r
 .text.startup.register_fini
                0x000000000000900c       0x14 /opt/gcc-arm-none-eabi-9-2020-q2-update/bin/../lib/gcc/arm-none-eabi/9.3.1/../../../../arm-none-eabi/lib/thumb/v7e-m+fp/hard/libc.a(lib_a-__call_atexit.o)
 .text.__call_exitprocs
                0x0000000000009020       0xcc /opt/gcc-arm-none-eabi-9-2020-q2-update/bin/../lib/gcc/arm-none-eabi/9.3.1/../../../../arm-none-eabi/lib/thumb/v7e-m+fp/hard/libc.a(lib_a-__call_atexit.o)
                0x0000000000009020                __call_exitprocs
 .text.atexit   0x00000000000090ec        0xc /opt/gcc-arm-none-eabi-9-2020-q2-update/bin/../lib/gcc/arm-none-eabi/9.3.1/../../../../arm-none-eabi/lib/thumb/v7e-m+fp/hard/libc.a(lib_a-atexit.o)
                0x00000000000090ec                atexit
 .text.quorem   0x00000000000090f8      0x11c /opt/gcc-arm-none-eabi-9-2020-q2-update/bin/../lib/gcc/arm-none-eabi/9.3.1/../../../../arm-none-eabi/lib/thumb/v7e-m+fp/hard/libc.a(lib_a-dtoa.o)
 *fill*         0x0000000000009214        0x4 
 .text._dtoa_r  0x0000000000009218      0xf44 /opt/gcc-arm-none-eabi-9-2020-q2-update/bin/../lib/gcc/arm-none-eabi/9.3.1/../../../../arm-none-eabi/lib/thumb/v7e-m+fp/hard/libc.a(lib_a-dtoa.o)
                0x0000000000009218                _dtoa_r
 .text.__sflush_r
                0x000000000000a15c      0x130 /opt/gcc-arm-none-eabi-9-2020-q2-update/bin/../lib/gcc/arm-none-eabi/9.3.1/../../../../arm-none-eabi/lib/thumb/v7e-m+fp/hard/libc.a(lib_a-fflush.o)
                0x000000000000a15c                __sflush_r
 .text._fflush_r
                0x000000000000a28c       0x5c /opt/gcc-arm-none-eabi-9-2020-q2-update/bin/../lib/gcc/arm-none-eabi/9.3.1/../../../../arm-none-eabi/lib/thumb/v7e-m+fp/hard/libc.a(lib_a-fflush.o)
                0x000000000000a28c                _fflush_r
 .text.std      0x000000000000a2e8       0x50 /opt/gcc-arm-none-eabi-9-2020-q2-update/bin/../lib/gcc/arm-none-eabi/9.3.1/../../../../arm-none-eabi/lib/thumb/v7e-m+fp/hard/libc.a(lib_a-findfp.o)
 .text._cleanup_r
                0x000000000000a338        0xc /opt/gcc-arm-none-eabi-9-2020-q2-update/bin/../lib/gcc/arm-none-eabi/9.3.1/../../../../arm-none-eabi/lib/thumb/v7e-m+fp/hard/libc.a(lib_a-findfp.o)
                0x000000000000a338                _cleanup_r
 .text.__sinit  0x000000000000a344       0x54 /opt/gcc-arm-none-eabi-9-2020-q2-update/bin/../lib/gcc/arm-none-eabi/9.3.1/../../../../arm-none-eabi/lib/thumb/v7e-m+fp/hard/libc.a(lib_a-findfp.o)
                0x000000000000a344                __sinit
 .text.__sfp_lock_acquire
                0x000000000000a398        0xc /opt/gcc-arm-none-eabi-9-2020-q2-update/bin/../lib/gcc/arm-none-eabi/9.3.1/../../../../arm-none-eabi/lib/thumb/v7e-m+fp/hard/libc.a(lib_a-findfp.o)
                0x000000000000a398                __sfp_lock_acquire
 .text.__sfp_lock_release
                0x000000000000a3a4        0xc /opt/gcc-arm-none-eabi-9-2020-q2-update/bin/../lib/gcc/arm-none-eabi/9.3.1/../../../../arm-none-eabi/lib/thumb/v7e-m+fp/hard/libc.a(lib_a-findfp.o)
                0x000000000000a3a4                __sfp_lock_release
 .text.__libc_fini_array
                0x000000000000a3b0       0x2c /opt/gcc-arm-none-eabi-9-2020-q2-update/bin/../lib/gcc/arm-none-eabi/9.3.1/../../../../arm-none-eabi/lib/thumb/v7e-m+fp/hard/libc.a(lib_a-fini.o)
                0x000000000000a3b0                __libc_fini_array
 .text._malloc_trim_r
                0x000000000000a3dc       0xa0 /opt/gcc-arm-none-eabi-9-2020-q2-update/bin/../lib/gcc/arm-none-eabi/9.3.1/../../../../arm-none-eabi/lib/thumb/v7e-m+fp/hard/libc.a(lib_a-freer.o)
                0x000000000000a3dc                _malloc_trim_r
 .text._free_r  0x000000000000a47c      0x208 /opt/gcc-arm-none-eabi-9-2020-q2-update/bin/../lib/gcc/arm-none-eabi/9.3.1/../../../../arm-none-eabi/lib/thumb/v7e-m+fp/hard/libc.a(lib_a-freer.o)
                0x000000000000a47c                _free_r
 .text._fwalk_reent
                0x000000000000a684       0x48 /opt/gcc-arm-none-eabi-9-2020-q2-update/bin/../lib/gcc/arm-none-eabi/9.3.1/../../../../arm-none-eabi/lib/thumb/v7e-m+fp/hard/libc.a(lib_a-fwalk.o)
                0x000000000000a684                _fwalk_reent
 .text._localeconv_r
                0x000000000000a6cc        0x8 /opt/gcc-arm-none-eabi-9-2020-q2-update/bin/../lib/gcc/arm-none-eabi/9.3.1/../../../../arm-none-eabi/lib/thumb/v7e-m+fp/hard/libc.a(lib_a-localeconv.o)
                0x000000000000a6cc                _localeconv_r
 .text.__retarget_lock_init_recursive
                0x000000000000a6d4        0x4 /opt/gcc-arm-none-eabi-9-2020-q2-update/bin/../lib/gcc/arm-none-eabi/9.3.1/../../../../arm-none-eabi/lib/thumb/v7e-m+fp/hard/libc.a(lib_a-lock.o)
                0x000000000000a6d4                __retarget_lock_init_recursive
 .text.__retarget_lock_close_recursive
                0x000000000000a6d8        0x4 /opt/gcc-arm-none-eabi-9-2020-q2-update/bin/../lib/gcc/arm-none-eabi/9.3.1/../../../../arm-none-eabi/lib/thumb/v7e-m+fp/hard/libc.a(lib_a-lock.o)
                0x000000000000a6d8                __retarget_lock_close_recursive
 .text.__retarget_lock_acquire_recursive
                0x000000000000a6dc        0x4 /opt/gcc-arm-none-eabi-9-2020-q2-update/bin/../lib/gcc/arm-none-eabi/9.3.1/../../../../arm-none-eabi/lib/thumb/v7e-m+fp/hard/libc.a(lib_a-lock.o)
                0x000000000000a6dc                __retarget_lock_acquire_recursive
 .text.__retarget_lock_release_recursive
                0x000000000000a6e0        0x4 /opt/gcc-arm-none-eabi-9-2020-q2-update/bin/../lib/gcc/arm-none-eabi/9.3.1/../../../../arm-none-eabi/lib/thumb/v7e-m+fp/hard/libc.a(lib_a-lock.o)
                0x000000000000a6e0                __retarget_lock_release_recursive
 .text.__swhatbuf_r
                0x000000000000a6e4       0x5c /opt/gcc-arm-none-eabi-9-2020-q2-update/bin/../lib/gcc/arm-none-eabi/9.3.1/../../../../arm-none-eabi/lib/thumb/v7e-m+fp/hard/libc.a(lib_a-makebuf.o)
                0x000000000000a6e4                __swhatbuf_r
 .text.__smakebuf_r
                0x000000000000a740       0x98 /opt/gcc-arm-none-eabi-9-2020-q2-update/bin/../lib/gcc/arm-none-eabi/9.3.1/../../../../arm-none-eabi/lib/thumb/v7e-m+fp/hard/libc.a(lib_a-makebuf.o)
                0x000000000000a740                __smakebuf_r
 *fill*         0x000000000000a7d8        0x8 
 .text          0x000000000000a7e0       0xa0 /opt/gcc-arm-none-eabi-9-2020-q2-update/bin/../lib/gcc/arm-none-eabi/9.3.1/../../../../arm-none-eabi/lib/thumb/v7e-m+fp/hard/libc.a(lib_a-memchr.o)
                0x000000000000a7e0                memchr
 .text._Balloc  0x000000000000a880       0x4c /opt/gcc-arm-none-eabi-9-2020-q2-update/bin/../lib/gcc/arm-none-eabi/9.3.1/../../../../arm-none-eabi/lib/thumb/v7e-m+fp/hard/libc.a(lib_a-mprec.o)
                0x000000000000a880                _Balloc
 .text._Bfree   0x000000000000a8cc       0x14 /opt/gcc-arm-none-eabi-9-2020-q2-update/bin/../lib/gcc/arm-none-eabi/9.3.1/../../../../arm-none-eabi/lib/thumb/v7e-m+fp/hard/libc.a(lib_a-mprec.o)
                0x000000000000a8cc                _Bfree
 .text.__multadd
                0x000000000000a8e0       0xac /opt/gcc-arm-none-eabi-9-2020-q2-update/bin/../lib/gcc/arm-none-eabi/9.3.1/../../../../arm-none-eabi/lib/thumb/v7e-m+fp/hard/libc.a(lib_a-mprec.o)
                0x000000000000a8e0                __multadd
 .text.__hi0bits
                0x000000000000a98c       0x40 /opt/gcc-arm-none-eabi-9-2020-q2-update/bin/../lib/gcc/arm-none-eabi/9.3.1/../../../../arm-none-eabi/lib/thumb/v7e-m+fp/hard/libc.a(lib_a-mprec.o)
                0x000000000000a98c                __hi0bits
 .text.__lo0bits
                0x000000000000a9cc       0x60 /opt/gcc-arm-none-eabi-9-2020-q2-update/bin/../lib/gcc/arm-none-eabi/9.3.1/../../../../arm-none-eabi/lib/thumb/v7e-m+fp/hard/libc.a(lib_a-mprec.o)
                0x000000000000a9cc                __lo0bits
 .text.__i2b    0x000000000000aa2c       0x2c /opt/gcc-arm-none-eabi-9-2020-q2-update/bin/../lib/gcc/arm-none-eabi/9.3.1/../../../../arm-none-eabi/lib/thumb/v7e-m+fp/hard/libc.a(lib_a-mprec.o)
                0x000000000000aa2c                __i2b
 .text.__multiply
                0x000000000000aa58      0x160 /opt/gcc-arm-none-eabi-9-2020-q2-update/bin/../lib/gcc/arm-none-eabi/9.3.1/../../../../arm-none-eabi/lib/thumb/v7e-m+fp/hard/libc.a(lib_a-mprec.o)
                0x000000000000aa58                __multiply
 .text.__pow5mult
                0x000000000000abb8       0x98 /opt/gcc-arm-none-eabi-9-2020-q2-update/bin/../lib/gcc/arm-none-eabi/9.3.1/../../../../arm-none-eabi/lib/thumb/v7e-m+fp/hard/libc.a(lib_a-mprec.o)
                0x000000000000abb8                __pow5mult
 .text.__lshift
                0x000000000000ac50       0xe8 /opt/gcc-arm-none-eabi-9-2020-q2-update/bin/../lib/gcc/arm-none-eabi/9.3.1/../../../../arm-none-eabi/lib/thumb/v7e-m+fp/hard/libc.a(lib_a-mprec.o)
                0x000000000000ac50                __lshift
 .text.__mcmp   0x000000000000ad38       0x3c /opt/gcc-arm-none-eabi-9-2020-q2-update/bin/../lib/gcc/arm-none-eabi/9.3.1/../../../../arm-none-eabi/lib/thumb/v7e-m+fp/hard/libc.a(lib_a-mprec.o)
                0x000000000000ad38                __mcmp
 .text.__mdiff  0x000000000000ad74      0x148 /opt/gcc-arm-none-eabi-9-2020-q2-update/bin/../lib/gcc/arm-none-eabi/9.3.1/../../../../arm-none-eabi/lib/thumb/v7e-m+fp/hard/libc.a(lib_a-mprec.o)
                0x000000000000ad74                __mdiff
 .text.__d2b    0x000000000000aebc       0xd0 /opt/gcc-arm-none-eabi-9-2020-q2-update/bin/../lib/gcc/arm-none-eabi/9.3.1/../../../../arm-none-eabi/lib/thumb/v7e-m+fp/hard/libc.a(lib_a-mprec.o)
                0x000000000000aebc                __d2b
 .text.frexp    0x000000000000af8c       0x6c /opt/gcc-arm-none-eabi-9-2020-q2-update/bin/../lib/gcc/arm-none-eabi/9.3.1/../../../../arm-none-eabi/lib/thumb/v7e-m+fp/hard/libc.a(lib_a-s_frexp.o)
                0x000000000000af8c                frexp
 .text.__sread  0x000000000000aff8       0x24 /opt/gcc-arm-none-eabi-9-2020-q2-update/bin/../lib/gcc/arm-none-eabi/9.3.1/../../../../arm-none-eabi/lib/thumb/v7e-m+fp/hard/libc.a(lib_a-stdio.o)
                0x000000000000aff8                __sread
 .text.__swrite
                0x000000000000b01c       0x40 /opt/gcc-arm-none-eabi-9-2020-q2-update/bin/../lib/gcc/arm-none-eabi/9.3.1/../../../../arm-none-eabi/lib/thumb/v7e-m+fp/hard/libc.a(lib_a-stdio.o)
                0x000000000000b01c                __swrite
 .text.__sseek  0x000000000000b05c       0x20 /opt/gcc-arm-none-eabi-9-2020-q2-update/bin/../lib/gcc/arm-none-eabi/9.3.1/../../../../arm-none-eabi/lib/thumb/v7e-m+fp/hard/libc.a(lib_a-stdio.o)
                0x000000000000b05c                __sseek
 .text.__sclose
                0x000000000000b07c        0x8 /opt/gcc-arm-none-eabi-9-2020-q2-update/bin/../lib/gcc/arm-none-eabi/9.3.1/../../../../arm-none-eabi/lib/thumb/v7e-m+fp/hard/libc.a(lib_a-stdio.o)
                0x000000000000b07c                __sclose
 .text.strncpy  0x000000000000b084       0x68 /opt/gcc-arm-none-eabi-9-2020-q2-update/bin/../lib/gcc/arm-none-eabi/9.3.1/../../../../arm-none-eabi/lib/thumb/v7e-m+fp/hard/libc.a(lib_a-strncpy.o)
                0x000000000000b084                strncpy
 .text.__ssprint_r
                0x000000000000b0ec       0xf8 /opt/gcc-arm-none-eabi-9-2020-q2-update/bin/../lib/gcc/arm-none-eabi/9.3.1/../../../../arm-none-eabi/lib/thumb/v7e-m+fp/hard/libc.a(lib_a-svfiprintf.o)
                0x000000000000b0ec                __ssprint_r
 .text.__sprint_r.part.0
                0x000000000000b1e4       0x78 /opt/gcc-arm-none-eabi-9-2020-q2-update/bin/../lib/gcc/arm-none-eabi/9.3.1/../../../../arm-none-eabi/lib/thumb/v7e-m+fp/hard/libc.a(lib_a-vfiprintf.o)
 .text.__sprint_r
                0x000000000000b25c       0x18 /opt/gcc-arm-none-eabi-9-2020-q2-update/bin/../lib/gcc/arm-none-eabi/9.3.1/../../../../arm-none-eabi/lib/thumb/v7e-m+fp/hard/libc.a(lib_a-vfiprintf.o)
                0x000000000000b25c                __sprint_r
 .text._vfiprintf_r
                0x000000000000b274      0xd4c /opt/gcc-arm-none-eabi-9-2020-q2-update/bin/../lib/gcc/arm-none-eabi/9.3.1/../../../../arm-none-eabi/lib/thumb/v7e-m+fp/hard/libc.a(lib_a-vfiprintf.o)
                0x000000000000b274                _vfiprintf_r
 .text.__sbprintf
                0x000000000000bfc0       0x84 /opt/gcc-arm-none-eabi-9-2020-q2-update/bin/../lib/gcc/arm-none-eabi/9.3.1/../../../../arm-none-eabi/lib/thumb/v7e-m+fp/hard/libc.a(lib_a-vfiprintf.o)
 .text._write_r
                0x000000000000c044       0x2c /opt/gcc-arm-none-eabi-9-2020-q2-update/bin/../lib/gcc/arm-none-eabi/9.3.1/../../../../arm-none-eabi/lib/thumb/v7e-m+fp/hard/libc.a(lib_a-writer.o)
                0x000000000000c044                _write_r
 .text.__register_exitproc
                0x000000000000c070       0x8c /opt/gcc-arm-none-eabi-9-2020-q2-update/bin/../lib/gcc/arm-none-eabi/9.3.1/../../../../arm-none-eabi/lib/thumb/v7e-m+fp/hard/libc.a(lib_a-__atexit.o)
                0x000000000000c070                __register_exitproc
 .text.__assert_func
                0x000000000000c0fc       0x3c /opt/gcc-arm-none-eabi-9-2020-q2-update/bin/../lib/gcc/arm-none-eabi/9.3.1/../../../../arm-none-eabi/lib/thumb/v7e-m+fp/hard/libc.a(lib_a-assert.o)
                0x000000000000c0fc                __assert_func
 .text._calloc_r
                0x000000000000c138       0x60 /opt/gcc-arm-none-eabi-9-2020-q2-update/bin/../lib/gcc/arm-none-eabi/9.3.1/../../../../arm-none-eabi/lib/thumb/v7e-m+fp/hard/libc.a(lib_a-callocr.o)
                0x000000000000c138                _calloc_r
 .text._close_r
                0x000000000000c198       0x24 /opt/gcc-arm-none-eabi-9-2020-q2-update/bin/../lib/gcc/arm-none-eabi/9.3.1/../../../../arm-none-eabi/lib/thumb/v7e-m+fp/hard/libc.a(lib_a-closer.o)
                0x000000000000c198                _close_r
 .text._fclose_r
                0x000000000000c1bc       0xcc /opt/gcc-arm-none-eabi-9-2020-q2-update/bin/../lib/gcc/arm-none-eabi/9.3.1/../../../../arm-none-eabi/lib/thumb/v7e-m+fp/hard/libc.a(lib_a-fclose.o)
                0x000000000000c1bc                _fclose_r
 .text.fiprintf
                0x000000000000c288       0x28 /opt/gcc-arm-none-eabi-9-2020-q2-update/bin/../lib/gcc/arm-none-eabi/9.3.1/../../../../arm-none-eabi/lib/thumb/v7e-m+fp/hard/libc.a(lib_a-fiprintf.o)
                0x000000000000c288                fiprintf
 .text.__fputwc
                0x000000000000c2b0       0xa8 /opt/gcc-arm-none-eabi-9-2020-q2-update/bin/../lib/gcc/arm-none-eabi/9.3.1/../../../../arm-none-eabi/lib/thumb/v7e-m+fp/hard/libc.a(lib_a-fputwc.o)
                0x000000000000c2b0                __fputwc
 .text._fputwc_r
                0x000000000000c358       0x68 /opt/gcc-arm-none-eabi-9-2020-q2-update/bin/../lib/gcc/arm-none-eabi/9.3.1/../../../../arm-none-eabi/lib/thumb/v7e-m+fp/hard/libc.a(lib_a-fputwc.o)
                0x000000000000c358                _fputwc_r
 .text._fstat_r
                0x000000000000c3c0       0x2c /opt/gcc-arm-none-eabi-9-2020-q2-update/bin/../lib/gcc/arm-none-eabi/9.3.1/../../../../arm-none-eabi/lib/thumb/v7e-m+fp/hard/libc.a(lib_a-fstatr.o)
                0x000000000000c3c0                _fstat_r
 .text.__sfvwrite_r
                0x000000000000c3ec      0x2e0 /opt/gcc-arm-none-eabi-9-2020-q2-update/bin/../lib/gcc/arm-none-eabi/9.3.1/../../../../arm-none-eabi/lib/thumb/v7e-m+fp/hard/libc.a(lib_a-fvwrite.o)
                0x000000000000c3ec                __sfvwrite_r
 .text._isatty_r
                0x000000000000c6cc       0x24 /opt/gcc-arm-none-eabi-9-2020-q2-update/bin/../lib/gcc/arm-none-eabi/9.3.1/../../../../arm-none-eabi/lib/thumb/v7e-m+fp/hard/libc.a(lib_a-isattyr.o)
                0x000000000000c6cc                _isatty_r
 .text.__locale_mb_cur_max
                0x000000000000c6f0        0xc /opt/gcc-arm-none-eabi-9-2020-q2-update/bin/../lib/gcc/arm-none-eabi/9.3.1/../../../../arm-none-eabi/lib/thumb/v7e-m+fp/hard/libc.a(lib_a-locale.o)
                0x000000000000c6f0                __locale_mb_cur_max
 .text._lseek_r
                0x000000000000c6fc       0x2c /opt/gcc-arm-none-eabi-9-2020-q2-update/bin/../lib/gcc/arm-none-eabi/9.3.1/../../../../arm-none-eabi/lib/thumb/v7e-m+fp/hard/libc.a(lib_a-lseekr.o)
                0x000000000000c6fc                _lseek_r
 .text.__ascii_mbtowc
                0x000000000000c728       0x2c /opt/gcc-arm-none-eabi-9-2020-q2-update/bin/../lib/gcc/arm-none-eabi/9.3.1/../../../../arm-none-eabi/lib/thumb/v7e-m+fp/hard/libc.a(lib_a-mbtowc_r.o)
                0x000000000000c728                __ascii_mbtowc
 .text.memmove  0x000000000000c754       0xd8 /opt/gcc-arm-none-eabi-9-2020-q2-update/bin/../lib/gcc/arm-none-eabi/9.3.1/../../../../arm-none-eabi/lib/thumb/v7e-m+fp/hard/libc.a(lib_a-memmove.o)
                0x000000000000c754                memmove
 .text._read_r  0x000000000000c82c       0x2c /opt/gcc-arm-none-eabi-9-2020-q2-update/bin/../lib/gcc/arm-none-eabi/9.3.1/../../../../arm-none-eabi/lib/thumb/v7e-m+fp/hard/libc.a(lib_a-readr.o)
                0x000000000000c82c                _read_r
 .text._realloc_r
                0x000000000000c858      0x3e0 /opt/gcc-arm-none-eabi-9-2020-q2-update/bin/../lib/gcc/arm-none-eabi/9.3.1/../../../../arm-none-eabi/lib/thumb/v7e-m+fp/hard/libc.a(lib_a-reallocr.o)
                0x000000000000c858                _realloc_r
 .text.__swbuf_r
                0x000000000000cc38       0xb0 /opt/gcc-arm-none-eabi-9-2020-q2-update/bin/../lib/gcc/arm-none-eabi/9.3.1/../../../../arm-none-eabi/lib/thumb/v7e-m+fp/hard/libc.a(lib_a-wbuf.o)
                0x000000000000cc38                __swbuf_r
 .text._wcrtomb_r
                0x000000000000cce8       0x3c /opt/gcc-arm-none-eabi-9-2020-q2-update/bin/../lib/gcc/arm-none-eabi/9.3.1/../../../../arm-none-eabi/lib/thumb/v7e-m+fp/hard/libc.a(lib_a-wcrtomb.o)
                0x000000000000cce8                _wcrtomb_r
 .text.__ascii_wctomb
                0x000000000000cd24       0x1c /opt/gcc-arm-none-eabi-9-2020-q2-update/bin/../lib/gcc/arm-none-eabi/9.3.1/../../../../arm-none-eabi/lib/thumb/v7e-m+fp/hard/libc.a(lib_a-wctomb_r.o)
                0x000000000000cd24                __ascii_wctomb
 .text.abort    0x000000000000cd40       0x10 /opt/gcc-arm-none-eabi-9-2020-q2-update/bin/../lib/gcc/arm-none-eabi/9.3.1/../../../../arm-none-eabi/lib/thumb/v7e-m+fp/hard/libc.a(lib_a-abort.o)
                0x000000000000cd40                abort
 .text._raise_r
                0x000000000000cd50       0x58 /opt/gcc-arm-none-eabi-9-2020-q2-update/bin/../lib/gcc/arm-none-eabi/9.3.1/../../../../arm-none-eabi/lib/thumb/v7e-m+fp/hard/libc.a(lib_a-signal.o)
                0x000000000000cd50                _raise_r
 .text.raise    0x000000000000cda8       0x10 /opt/gcc-arm-none-eabi-9-2020-q2-update/bin/../lib/gcc/arm-none-eabi/9.3.1/../../../../arm-none-eabi/lib/thumb/v7e-m+fp/hard/libc.a(lib_a-signal.o)
                0x000000000000cda8                raise
 .text._kill_r  0x000000000000cdb8       0x2c /opt/gcc-arm-none-eabi-9-2020-q2-update/bin/../lib/gcc/arm-none-eabi/9.3.1/../../../../arm-none-eabi/lib/thumb/v7e-m+fp/hard/libc.a(lib_a-signalr.o)
                0x000000000000cdb8                _kill_r
 .text._getpid_r
                0x000000000000cde4        0x4 /opt/gcc-arm-none-eabi-9-2020-q2-update/bin/../lib/gcc/arm-none-eabi/9.3.1/../../../../arm-none-eabi/lib/thumb/v7e-m+fp/hard/libc.a(lib_a-signalr.o)
                0x000000000000cde4                _getpid_r
 .text._close   0x000000000000cde8       0x10 /opt/gcc-arm-none-eabi-9-2020-q2-update/bin/../lib/gcc/arm-none-eabi/9.3.1/../../../../arm-none-eabi/lib/thumb/v7e-m+fp/hard/libnosys.a(close.o)
                0x000000000000cde8                _close
 .text._fstat   0x000000000000cdf8       0x10 /opt/gcc-arm-none-eabi-9-2020-q2-update/bin/../lib/gcc/arm-none-eabi/9.3.1/../../../../arm-none-eabi/lib/thumb/v7e-m+fp/hard/libnosys.a(fstat.o)
                0x000000000000cdf8                _fstat
 .text._getpid  0x000000000000ce08       0x10 /opt/gcc-arm-none-eabi-9-2020-q2-update/bin/../lib/gcc/arm-none-eabi/9.3.1/../../../../arm-none-eabi/lib/thumb/v7e-m+fp/hard/libnosys.a(getpid.o)
                0x000000000000ce08                _getpid
 .text._isatty  0x000000000000ce18       0x10 /opt/gcc-arm-none-eabi-9-2020-q2-update/bin/../lib/gcc/arm-none-eabi/9.3.1/../../../../arm-none-eabi/lib/thumb/v7e-m+fp/hard/libnosys.a(isatty.o)
                0x000000000000ce18                _isatty
 .text._kill    0x000000000000ce28       0x10 /opt/gcc-arm-none-eabi-9-2020-q2-update/bin/../lib/gcc/arm-none-eabi/9.3.1/../../../../arm-none-eabi/lib/thumb/v7e-m+fp/hard/libnosys.a(kill.o)
                0x000000000000ce28                _kill
 .text._lseek   0x000000000000ce38       0x10 /opt/gcc-arm-none-eabi-9-2020-q2-update/bin/../lib/gcc/arm-none-eabi/9.3.1/../../../../arm-none-eabi/lib/thumb/v7e-m+fp/hard/libnosys.a(lseek.o)
                0x000000000000ce38                _lseek
 .text._sbrk    0x000000000000ce48       0x1c /opt/gcc-arm-none-eabi-9-2020-q2-update/bin/../lib/gcc/arm-none-eabi/9.3.1/../../../../arm-none-eabi/lib/thumb/v7e-m+fp/hard/libnosys.a(sbrk.o)
                0x000000000000ce48                _sbrk
 .text._exit    0x000000000000ce64        0x4 /opt/gcc-arm-none-eabi-9-2020-q2-update/bin/../lib/gcc/arm-none-eabi/9.3.1/../../../../arm-none-eabi/lib/thumb/v7e-m+fp/hard/libnosys.a(_exit.o)
                0x000000000000ce64                _exit
 .text          0x000000000000ce68      0x378 /opt/gcc-arm-none-eabi-9-2020-q2-update/bin/../lib/gcc/arm-none-eabi/9.3.1/thumb/v7e-m+fp/hard/libgcc.a(_arm_addsubdf3.o)
                0x000000000000ce68                __aeabi_drsub
                0x000000000000ce70                __aeabi_dsub
                0x000000000000ce70                __subdf3
                0x000000000000ce74                __adddf3
                0x000000000000ce74                __aeabi_dadd
                0x000000000000d0ec                __aeabi_ui2d
                0x000000000000d0ec                __floatunsidf
                0x000000000000d10c                __floatsidf
                0x000000000000d10c                __aeabi_i2d
                0x000000000000d130                __extendsfdf2
                0x000000000000d130                __aeabi_f2d
                0x000000000000d174                __aeabi_ul2d
                0x000000000000d174                __floatundidf
                0x000000000000d184                __floatdidf
                0x000000000000d184                __aeabi_l2d
 .text          0x000000000000d1e0      0x424 /opt/gcc-arm-none-eabi-9-2020-q2-update/bin/../lib/gcc/arm-none-eabi/9.3.1/thumb/v7e-m+fp/hard/libgcc.a(_arm_muldivdf3.o)
                0x000000000000d1e0                __aeabi_dmul
                0x000000000000d1e0                __muldf3
                0x000000000000d434                __aeabi_ddiv
                0x000000000000d434                __divdf3
 .text          0x000000000000d604      0x110 /opt/gcc-arm-none-eabi-9-2020-q2-update/bin/../lib/gcc/arm-none-eabi/9.3.1/thumb/v7e-m+fp/hard/libgcc.a(_arm_cmpdf2.o)
                0x000000000000d604                __gtdf2
                0x000000000000d604                __gedf2
                0x000000000000d60c                __ltdf2
                0x000000000000d60c                __ledf2
                0x000000000000d614                __cmpdf2
                0x000000000000d614                __eqdf2
                0x000000000000d614                __nedf2
                0x000000000000d690                __aeabi_cdrcmple
                0x000000000000d6a0                __aeabi_cdcmple
                0x000000000000d6a0                __aeabi_cdcmpeq
                0x000000000000d6b0                __aeabi_dcmpeq
                0x000000000000d6c4                __aeabi_dcmplt
                0x000000000000d6d8                __aeabi_dcmple
                0x000000000000d6ec                __aeabi_dcmpge
                0x000000000000d700                __aeabi_dcmpgt
 .text          0x000000000000d714       0x2c /opt/gcc-arm-none-eabi-9-2020-q2-update/bin/../lib/gcc/arm-none-eabi/9.3.1/thumb/v7e-m+fp/hard/libgcc.a(_arm_unorddf2.o)
                0x000000000000d714                __aeabi_dcmpun
                0x000000000000d714                __unorddf2
 .text          0x000000000000d740       0x50 /opt/gcc-arm-none-eabi-9-2020-q2-update/bin/../lib/gcc/arm-none-eabi/9.3.1/thumb/v7e-m+fp/hard/libgcc.a(_arm_fixdfsi.o)
                0x000000000000d740                __fixdfsi
                0x000000000000d740                __aeabi_d2iz
 .text          0x000000000000d790       0x40 /opt/gcc-arm-none-eabi-9-2020-q2-update/bin/../lib/gcc/arm-none-eabi/9.3.1/thumb/v7e-m+fp/hard/libgcc.a(_arm_fixunsdfsi.o)
                0x000000000000d790                __fixunsdfsi
                0x000000000000d790                __aeabi_d2uiz
 .text          0x000000000000d7d0       0xa0 /opt/gcc-arm-none-eabi-9-2020-q2-update/bin/../lib/gcc/arm-none-eabi/9.3.1/thumb/v7e-m+fp/hard/libgcc.a(_arm_truncdfsf2.o)
                0x000000000000d7d0                __aeabi_d2f
                0x000000000000d7d0                __truncdfsf2
 .text          0x000000000000d870       0x30 /opt/gcc-arm-none-eabi-9-2020-q2-update/bin/../lib/gcc/arm-none-eabi/9.3.1/thumb/v7e-m+fp/hard/libgcc.a(_aeabi_uldivmod.o)
                0x000000000000d870                __aeabi_uldivmod
 .text          0x000000000000d8a0      0x2c4 /opt/gcc-arm-none-eabi-9-2020-q2-update/bin/../lib/gcc/arm-none-eabi/9.3.1/thumb/v7e-m+fp/hard/libgcc.a(_udivmoddi4.o)
                0x000000000000d8a0                __udivmoddi4
 .text          0x000000000000db64        0x4 /opt/gcc-arm-none-eabi-9-2020-q2-update/bin/../lib/gcc/arm-none-eabi/9.3.1/thumb/v7e-m+fp/hard/libgcc.a(_dvmd_tls.o)
                0x000000000000db64                __aeabi_ldiv0
                0x000000000000db64                __aeabi_idiv0
 *(.init)
 .init          0x000000000000db68        0x4 /opt/gcc-arm-none-eabi-9-2020-q2-update/bin/../lib/gcc/arm-none-eabi/9.3.1/thumb/v7e-m+fp/hard/crti.o
                0x000000000000db68                _init
 .init          0x000000000000db6c        0x8 /opt/gcc-arm-none-eabi-9-2020-q2-update/bin/../lib/gcc/arm-none-eabi/9.3.1/thumb/v7e-m+fp/hard/crtn.o
 *(.fini)
 .fini          0x000000000000db74        0x4 /opt/gcc-arm-none-eabi-9-2020-q2-update/bin/../lib/gcc/arm-none-eabi/9.3.1/thumb/v7e-m+fp/hard/crti.o
                0x000000000000db74                _fini
 .fini          0x000000000000db78        0x8 /opt/gcc-arm-none-eabi-9-2020-q2-update/bin/../lib/gcc/arm-none-eabi/9.3.1/thumb/v7e-m+fp/hard/crtn.o
 *crtbegin.o(.ctors)
 *crtbegin?.o(.ctors)
 *(EXCLUDE_FILE(*crtend.o *crtend?.o) .ctors)
 *(SORT_BY_NAME(.ctors.*))
 *(.ctors)
 *crtbegin.o(.dtors)
 *crtbegin?.o(.dtors)
 *(EXCLUDE_FILE(*crtend.o *crtend?.o) .dtors)
 *(SORT_BY_NAME(.dtors.*))
 *(.dtors)
 *(.rodata*)
 .rodata.nrf_gpio_pin_port_decode.str1.1
                0x000000000000db80       0x43 _build/led_matrix.o
 .rodata.lsm303agr_init.str1.1
                0x000000000000dbc3       0xaa _build/lsm303agr.o
 *fill*         0x000000000000dc6d        0x3 
 .rodata.delay_machine_code.9084
                0x000000000000dc70        0x6 _build/lsm303agr.o
 .rodata.list_insert_sorted.str1.1
                0x000000000000dc76       0x5e _build/virtual_timer_linked_list.o
 *fill*         0x000000000000dcd4        0xc 
 .rodata.delay_machine_code.8590
                0x000000000000dce0        0x6 _build/virtual_timer_linked_list.o
 .rodata.print_temp.str1.1
                0x000000000000dce6        0x7 _build/main.o
 .rodata.check_temp_and_accel.str1.1
                0x000000000000dced        0xa _build/main.o
 .rodata.nrf_gpio_pin_port_decode.str1.1
                0x000000000000dcf7       0x43 _build/main.o
 .rodata.sample_timer_callback.str1.1
                0x000000000000dcf7       0x19 _build/main.o
 .rodata.main.str1.1
                0x000000000000dd10       0x10 _build/main.o
 .rodata        0x000000000000dd20       0x10 _build/main.o
 .rodata.delay_machine_code.9084
                0x000000000000dd30        0x6 _build/main.o
 *fill*         0x000000000000dd36        0x2 
 .rodata.sample_timer
                0x000000000000dd38        0x4 _build/main.o
 .rodata.twi_mngr_instance
                0x000000000000dd3c       0x18 _build/main.o
 .rodata.nrf_gpio_pin_port_decode.str1.1
                0x000000000000dd54       0x43 _build/better_error_handling.o
 .rodata.app_error_fault_handler.str1.1
                0x000000000000dd54       0x78 _build/better_error_handling.o
 .rodata.LED_COLS
                0x000000000000ddcc        0x5 _build/better_error_handling.o
 .rodata.LED_ROWS
                0x000000000000ddd1        0x5 _build/better_error_handling.o
 *fill*         0x000000000000ddd6        0xa 
 .rodata.delay_machine_code.8602
                0x000000000000dde0        0x6 _build/better_error_handling.o
 .rodata.uart_init.constprop.0.str1.1
                0x000000000000dde6       0x62 _build/microbit_nrf_log_backend_uart.o
 .rodata        0x000000000000de48       0x20 _build/microbit_nrf_log_backend_uart.o
 .rodata.nrf_log_backend_uart_api
                0x000000000000de68        0xc _build/microbit_nrf_log_backend_uart.o
                0x000000000000de68                nrf_log_backend_uart_api
 .rodata.called_first.str1.1
                0x000000000000de74       0x5c _build/microbit_before_startup.o
 .rodata.delay_machine_code.8590
                0x000000000000ded0        0x6 _build/microbit_before_startup.o
 *fill*         0x000000000000ded6        0xa 
 .rodata.delay_machine_code.9248
                0x000000000000dee0        0x6 _build/app_timer.o
 .rodata.app_util_critical_region_enter.str1.1
                0x000000000000dee6       0x55 _build/app_util_platform.o
 .rodata.HardFault_c_handler.str1.1
                0x000000000000df3b      0x12e _build/hardfault_implementation.o
 .rodata.str1.1
                0x000000000000e069      0x4c0 _build/hardfault_implementation.o
 *fill*         0x000000000000e529        0x3 
 .rodata.cfsr_msgs.9441
                0x000000000000e52c       0x68 _build/hardfault_implementation.o
 .rodata.nrf_balloc_init.str1.1
                0x000000000000e594       0x50 _build/nrf_balloc.o
 .rodata.nrf_gpio_pin_port_decode.str1.1
                0x000000000000e5e4       0x43 _build/nrf_drv_twi.o
 *fill*         0x000000000000e5e4        0xc 
 .rodata.delay_machine_code.8590
                0x000000000000e5f0        0x6 _build/nrf_drv_twi.o
 .rodata.nrf_fprintf_buffer_flush.str1.1
                0x000000000000e5f6       0x46 _build/nrf_fprintf.o
 .rodata.nrf_fprintf_fmt.str1.1
                0x000000000000e63c       0x4d _build/nrf_fprintf_format.o
 .rodata._aV2C.7922
                0x000000000000e689       0x10 _build/nrf_fprintf_format.o
 .rodata.nrf_log_default_backends_init.str1.1
                0x000000000000e699       0x5f _build/nrf_log_default_backends.o
 .rodata.str1.1
                0x000000000000e6f8       0x11 _build/nrf_log_default_backends.o
 .rodata.buf_prealloc.str1.1
                0x000000000000e709       0x57 _build/nrf_log_frontend.o
 .rodata.nrf_log_frontend_dequeue.str1.1
                0x000000000000e760       0x11 _build/nrf_log_frontend.o
 .rodata.str1.1
                0x000000000000e771        0x4 _build/nrf_log_frontend.o
 *fill*         0x000000000000e775        0x3 
 .rodata.m_log_push_ringbuf
                0x000000000000e778        0xc _build/nrf_log_frontend.o
 .rodata.postfix_process.str1.1
                0x000000000000e784        0x8 _build/nrf_log_str_formatter.o
                                          0xb (size before relaxing)
 .rodata.prefix_process.str1.1
                0x000000000000e78c       0x2a _build/nrf_log_str_formatter.o
 .rodata.nrf_log_hexdump_entry_process.str1.1
                0x000000000000e7b6        0xf _build/nrf_log_str_formatter.o
                                         0x11 (size before relaxing)
 .rodata.str1.1
                0x000000000000e7c5       0x4b _build/nrf_log_str_formatter.o
                                         0x51 (size before relaxing)
 .rodata.m_colors
                0x000000000000e810       0x24 _build/nrf_log_str_formatter.o
 .rodata.severity_names
                0x000000000000e834       0x14 _build/nrf_log_str_formatter.o
 .rodata.str1.1
                0x000000000000e848        0x9 _build/nrf_pwr_mgmt.o
 .rodata.memobj_op.str1.1
                0x000000000000e851       0x50 _build/nrf_memobj.o
 .rodata.str1.1
                0x000000000000e8a1      0x391 _build/nrf_strerror.o
 .rodata.m_unknown_str
                0x000000000000ec32       0x13 _build/nrf_strerror.o
 *fill*         0x000000000000ec45        0x3 
 .rodata.nrf_strerror_array
                0x000000000000ec48      0x118 _build/nrf_strerror.o
 .rodata.nrf_queue_next_idx.str1.1
                0x000000000000ed60       0x4e _build/nrf_queue.o
 .rodata.str1.1
                0x000000000000edae        0x6 _build/nrf_drv_clock.o
 .rodata.nrf_gpio_pin_port_decode.str1.1
                0x000000000000edb4       0x43 _build/nrfx_gpiote.o
 .rodata.str1.1
                0x000000000000edb4        0x7 _build/nrfx_gpiote.o
 .rodata.UARTE0_UART0_IRQHandler.str1.1
                0x000000000000edbb       0x4f _build/nrfx_prs.o
 .rodata.str1.1
                0x000000000000ee0a        0x4 _build/nrfx_prs.o
 .rodata.str1.1
                0x000000000000ee0e        0x6 _build/nrfx_saadc.o
 .rodata.str1.1
                0x000000000000ee14        0x6 _build/nrfx_timer.o
 .rodata.nrf_gpio_pin_port_decode.str1.1
                0x000000000000ee1a       0x43 _build/nrfx_twim.o
 .rodata.SPIM0_SPIS0_TWIM0_TWIS0_SPI0_TWI0_IRQHandler.str1.1
                0x000000000000ee1a       0x4c _build/nrfx_twim.o
 .rodata.nrfx_twim_init.str1.1
                0x000000000000ee66       0x44 _build/nrfx_twim.o
 .rodata.str1.1
                0x000000000000eeaa        0x5 _build/nrfx_twim.o
 .rodata.str1.1
                0x000000000000eeaf        0x6 _build/nrfx_clock.o
 .rodata.nrf_gpio_pin_port_decode.str1.1
                0x000000000000eeb5       0x43 _build/nrfx_uart.o
 .rodata.nrfx_uart_init.str1.1
                0x000000000000eeb5       0x4c _build/nrfx_uart.o
                                         0x90 (size before relaxing)
 .rodata.str1.1
                0x000000000000ef01        0x5 _build/nrfx_uart.o
 .rodata.nrf_gpio_pin_port_decode.str1.1
                0x000000000000ef06       0x43 _build/nrfx_uarte.o
 .rodata.nrfx_uarte_init.str1.1
                0x000000000000ef06       0x4d _build/nrfx_uarte.o
                                         0x91 (size before relaxing)
 .rodata.str1.1
                0x000000000000ef53        0x6 _build/nrfx_uarte.o
 .rodata.transaction_end_signal.str1.1
                0x000000000000ef59       0x54 _build/nrf_twi_mngr.o
 .rodata.str1.1
                0x000000000000efad        0x4 _build/nrfx_pwm.o
 *fill*         0x000000000000efb1        0x3 
 .rodata._ctype_
                0x000000000000efb4      0x101 /opt/gcc-arm-none-eabi-9-2020-q2-update/bin/../lib/gcc/arm-none-eabi/9.3.1/../../../../arm-none-eabi/lib/thumb/v7e-m+fp/hard/libc.a(lib_a-ctype_.o)
                0x000000000000efb4                _ctype_
 *fill*         0x000000000000f0b5        0x3 
 .rodata._global_impure_ptr
                0x000000000000f0b8        0x4 /opt/gcc-arm-none-eabi-9-2020-q2-update/bin/../lib/gcc/arm-none-eabi/9.3.1/../../../../arm-none-eabi/lib/thumb/v7e-m+fp/hard/libc.a(lib_a-impure.o)
                0x000000000000f0b8                _global_impure_ptr
 .rodata._svfprintf_r.str1.4
                0x000000000000f0bc       0x42 /opt/gcc-arm-none-eabi-9-2020-q2-update/bin/../lib/gcc/arm-none-eabi/9.3.1/../../../../arm-none-eabi/lib/thumb/v7e-m+fp/hard/libc.a(lib_a-svfprintf.o)
 *fill*         0x000000000000f0fe        0x2 
 .rodata.blanks.8698
                0x000000000000f100       0x10 /opt/gcc-arm-none-eabi-9-2020-q2-update/bin/../lib/gcc/arm-none-eabi/9.3.1/../../../../arm-none-eabi/lib/thumb/v7e-m+fp/hard/libc.a(lib_a-svfprintf.o)
 .rodata.zeroes.8699
                0x000000000000f110       0x10 /opt/gcc-arm-none-eabi-9-2020-q2-update/bin/../lib/gcc/arm-none-eabi/9.3.1/../../../../arm-none-eabi/lib/thumb/v7e-m+fp/hard/libc.a(lib_a-svfprintf.o)
 .rodata._vfprintf_r.str1.4
                0x000000000000f120       0x42 /opt/gcc-arm-none-eabi-9-2020-q2-update/bin/../lib/gcc/arm-none-eabi/9.3.1/../../../../arm-none-eabi/lib/thumb/v7e-m+fp/hard/libc.a(lib_a-vfprintf.o)
 .rodata.blanks.8713
                0x000000000000f120       0x10 /opt/gcc-arm-none-eabi-9-2020-q2-update/bin/../lib/gcc/arm-none-eabi/9.3.1/../../../../arm-none-eabi/lib/thumb/v7e-m+fp/hard/libc.a(lib_a-vfprintf.o)
 .rodata.zeroes.8714
                0x000000000000f130       0x10 /opt/gcc-arm-none-eabi-9-2020-q2-update/bin/../lib/gcc/arm-none-eabi/9.3.1/../../../../arm-none-eabi/lib/thumb/v7e-m+fp/hard/libc.a(lib_a-vfprintf.o)
 .rodata._dtoa_r.str1.4
                0x000000000000f140       0xa0 /opt/gcc-arm-none-eabi-9-2020-q2-update/bin/../lib/gcc/arm-none-eabi/9.3.1/../../../../arm-none-eabi/lib/thumb/v7e-m+fp/hard/libc.a(lib_a-dtoa.o)
                                         0xa4 (size before relaxing)
 .rodata.__multadd.str1.4
                0x000000000000f1e0       0x7d /opt/gcc-arm-none-eabi-9-2020-q2-update/bin/../lib/gcc/arm-none-eabi/9.3.1/../../../../arm-none-eabi/lib/thumb/v7e-m+fp/hard/libc.a(lib_a-mprec.o)
                                         0x91 (size before relaxing)
 *fill*         0x000000000000f25d        0x3 
 .rodata.__mprec_bigtens
                0x000000000000f260       0x28 /opt/gcc-arm-none-eabi-9-2020-q2-update/bin/../lib/gcc/arm-none-eabi/9.3.1/../../../../arm-none-eabi/lib/thumb/v7e-m+fp/hard/libc.a(lib_a-mprec.o)
                0x000000000000f260                __mprec_bigtens
 .rodata.__mprec_tens
                0x000000000000f288       0xc8 /opt/gcc-arm-none-eabi-9-2020-q2-update/bin/../lib/gcc/arm-none-eabi/9.3.1/../../../../arm-none-eabi/lib/thumb/v7e-m+fp/hard/libc.a(lib_a-mprec.o)
                0x000000000000f288                __mprec_tens
 .rodata.p05.7485
                0x000000000000f350        0xc /opt/gcc-arm-none-eabi-9-2020-q2-update/bin/../lib/gcc/arm-none-eabi/9.3.1/../../../../arm-none-eabi/lib/thumb/v7e-m+fp/hard/libc.a(lib_a-mprec.o)
 .rodata._vfiprintf_r.str1.4
                0x000000000000f35c       0x2f /opt/gcc-arm-none-eabi-9-2020-q2-update/bin/../lib/gcc/arm-none-eabi/9.3.1/../../../../arm-none-eabi/lib/thumb/v7e-m+fp/hard/libc.a(lib_a-vfiprintf.o)
 .rodata.blanks.8691
                0x000000000000f35c       0x10 /opt/gcc-arm-none-eabi-9-2020-q2-update/bin/../lib/gcc/arm-none-eabi/9.3.1/../../../../arm-none-eabi/lib/thumb/v7e-m+fp/hard/libc.a(lib_a-vfiprintf.o)
 .rodata.zeroes.8692
                0x000000000000f36c       0x10 /opt/gcc-arm-none-eabi-9-2020-q2-update/bin/../lib/gcc/arm-none-eabi/9.3.1/../../../../arm-none-eabi/lib/thumb/v7e-m+fp/hard/libc.a(lib_a-vfiprintf.o)
 .rodata.__assert_func.str1.4
                0x000000000000f37c       0x3f /opt/gcc-arm-none-eabi-9-2020-q2-update/bin/../lib/gcc/arm-none-eabi/9.3.1/../../../../arm-none-eabi/lib/thumb/v7e-m+fp/hard/libc.a(lib_a-assert.o)
                                         0x43 (size before relaxing)
 *fill*         0x000000000000f3bb        0x1 
 .rodata._setlocale_r.str1.4
                0x000000000000f3bc        0xa /opt/gcc-arm-none-eabi-9-2020-q2-update/bin/../lib/gcc/arm-none-eabi/9.3.1/../../../../arm-none-eabi/lib/thumb/v7e-m+fp/hard/libc.a(lib_a-locale.o)
                                          0xd (size before relaxing)
 *fill*         0x000000000000f3c6        0x2 
 .rodata.str1.4
                0x000000000000f3c8        0x2 /opt/gcc-arm-none-eabi-9-2020-q2-update/bin/../lib/gcc/arm-none-eabi/9.3.1/../../../../arm-none-eabi/lib/thumb/v7e-m+fp/hard/libc.a(lib_a-locale.o)
 *(.eh_frame*)
 *fill*         0x000000000000f3ca        0x2 
 .eh_frame      0x000000000000f3cc        0x0 /opt/gcc-arm-none-eabi-9-2020-q2-update/bin/../lib/gcc/arm-none-eabi/9.3.1/thumb/v7e-m+fp/hard/crtbegin.o
 .eh_frame      0x000000000000f3cc        0x4 /opt/gcc-arm-none-eabi-9-2020-q2-update/bin/../lib/gcc/arm-none-eabi/9.3.1/thumb/v7e-m+fp/hard/crtend.o

.glue_7         0x000000000000f3d0        0x0
 .glue_7        0x000000000000f3d0        0x0 linker stubs

.glue_7t        0x000000000000f3d0        0x0
 .glue_7t       0x000000000000f3d0        0x0 linker stubs

.vfp11_veneer   0x000000000000f3d0        0x0
 .vfp11_veneer  0x000000000000f3d0        0x0 linker stubs

.v4_bx          0x000000000000f3d0        0x0
 .v4_bx         0x000000000000f3d0        0x0 linker stubs

.iplt           0x000000000000f3d0        0x0
 .iplt          0x000000000000f3d0        0x0 /opt/gcc-arm-none-eabi-9-2020-q2-update/bin/../lib/gcc/arm-none-eabi/9.3.1/thumb/v7e-m+fp/hard/crtbegin.o

.pwr_mgmt_data  0x000000000000f3d0        0x0
                0x000000000000f3d0                PROVIDE (__start_pwr_mgmt_data = .)
 *(SORT_BY_NAME(.pwr_mgmt_data*))
                0x000000000000f3d0                PROVIDE (__stop_pwr_mgmt_data = .)

.log_const_data
                0x000000000000f3d0       0x68
                0x000000000000f3d0                PROVIDE (__start_log_const_data = .)
 *(SORT_BY_NAME(.log_const_data*))
 .log_const_data_CLOCK
                0x000000000000f3d0        0x8 _build/nrfx_clock.o
                0x000000000000f3d0                m_nrf_log_CLOCK_logs_data_const
 .log_const_data_GPIOTE
                0x000000000000f3d8        0x8 _build/nrfx_gpiote.o
                0x000000000000f3d8                m_nrf_log_GPIOTE_logs_data_const
 .log_const_data_PRS
                0x000000000000f3e0        0x8 _build/nrfx_prs.o
                0x000000000000f3e0                m_nrf_log_PRS_logs_data_const
 .log_const_data_PWM
                0x000000000000f3e8        0x8 _build/nrfx_pwm.o
                0x000000000000f3e8                m_nrf_log_PWM_logs_data_const
 .log_const_data_SAADC
                0x000000000000f3f0        0x8 _build/nrfx_saadc.o
                0x000000000000f3f0                m_nrf_log_SAADC_logs_data_const
 .log_const_data_TIMER
                0x000000000000f3f8        0x8 _build/nrfx_timer.o
                0x000000000000f3f8                m_nrf_log_TIMER_logs_data_const
 .log_const_data_TWIM
                0x000000000000f400        0x8 _build/nrfx_twim.o
                0x000000000000f400                m_nrf_log_TWIM_logs_data_const
 .log_const_data_UART
                0x000000000000f408        0x8 _build/nrfx_uart.o
                0x000000000000f408                m_nrf_log_UART_logs_data_const
 .log_const_data_UARTE
                0x000000000000f410        0x8 _build/nrfx_uarte.o
                0x000000000000f410                m_nrf_log_UARTE_logs_data_const
 .log_const_data_app
                0x000000000000f418        0x8 _build/nrf_log_frontend.o
                0x000000000000f418                m_nrf_log_app_logs_data_const
 .log_const_data_clock
                0x000000000000f420        0x8 _build/nrf_drv_clock.o
                0x000000000000f420                m_nrf_log_clock_logs_data_const
 .log_const_data_hardfault
                0x000000000000f428        0x8 _build/hardfault_implementation.o
                0x000000000000f428                m_nrf_log_hardfault_logs_data_const
 .log_const_data_pwr_mgmt
                0x000000000000f430        0x8 _build/nrf_pwr_mgmt.o
                0x000000000000f430                m_nrf_log_pwr_mgmt_logs_data_const
                0x000000000000f438                PROVIDE (__stop_log_const_data = .)

.nrf_balloc     0x000000000000f438       0x14
                [!provide]                        PROVIDE (__start_nrf_balloc = .)
 *(.nrf_balloc)
 .nrf_balloc    0x000000000000f438       0x14 _build/nrf_log_frontend.o
                0x000000000000f438                log_mempool
                [!provide]                        PROVIDE (__stop_nrf_balloc = .)

.nrf_queue      0x000000000000f44c       0x14
                [!provide]                        PROVIDE (__start_nrf_queue = .)
 *(.nrf_queue)
 .nrf_queue     0x000000000000f44c       0x14 _build/main.o
                0x000000000000f44c                twi_mngr_instance_queue
                [!provide]                        PROVIDE (__stop_nrf_queue = .)

.log_backends   0x000000000000f460       0x10
 .log_backends  0x000000000000f460       0x10 _build/nrf_log_default_backends.o

.cli_command    0x000000000000f470        0x0
                [!provide]                        PROVIDE (__start_cli_command = .)
 *(.cli_command)
                [!provide]                        PROVIDE (__stop_cli_command = .)

.sdh_stack_observers
                0x000000000000f470        0x0
                [!provide]                        PROVIDE (__start_sdh_stack_observers = .)
 *(SORT_BY_NAME(.sdh_stack_observers*))
                [!provide]                        PROVIDE (__stop_sdh_stack_observers = .)

.sdh_req_observers
                0x000000000000f470        0x0
                [!provide]                        PROVIDE (__start_sdh_req_observers = .)
 *(SORT_BY_NAME(.sdh_req_observers*))
                [!provide]                        PROVIDE (__stop_sdh_req_observers = .)

.sdh_state_observers
                0x000000000000f470        0x0
                [!provide]                        PROVIDE (__start_sdh_state_observers = .)
 *(SORT_BY_NAME(.sdh_state_observers*))
                [!provide]                        PROVIDE (__stop_sdh_state_observers = .)

.sdh_ant_observers
                0x000000000000f470        0x0
                [!provide]                        PROVIDE (__start_sdh_ant_observers = .)
 *(SORT_BY_NAME(.sdh_ant_observers*))
                [!provide]                        PROVIDE (__stop_sdh_ant_observers = .)

.sdh_ble_observers
                0x000000000000f470        0x0
                [!provide]                        PROVIDE (__start_sdh_ble_observers = .)
 *(SORT_BY_NAME(.sdh_ble_observers*))
                [!provide]                        PROVIDE (__stop_sdh_ble_observers = .)

.sdh_soc_observers
                0x000000000000f470        0x0
                [!provide]                        PROVIDE (__start_sdh_soc_observers = .)
 *(SORT_BY_NAME(.sdh_soc_observers*))
                [!provide]                        PROVIDE (__stop_sdh_soc_observers = .)

.crypto_data    0x000000000000f470        0x0
                [!provide]                        PROVIDE (__start_crypto_data = .)
 *(SORT_BY_NAME(.crypto_data*))
                [!provide]                        PROVIDE (__stop_crypto_data = .)

.ARM.extab
 *(.ARM.extab* .gnu.linkonce.armextab.*)
                0x000000000000f470                __exidx_start = .

.ARM.exidx      0x000000000000f470        0x8
 *(.ARM.exidx* .gnu.linkonce.armexidx.*)
 .ARM.exidx     0x000000000000f470        0x8 /opt/gcc-arm-none-eabi-9-2020-q2-update/bin/../lib/gcc/arm-none-eabi/9.3.1/../../../../arm-none-eabi/lib/thumb/v7e-m+fp/hard/crt0.o
                                         0x10 (size before relaxing)
 .ARM.exidx     0x000000000000f478        0x0 /opt/gcc-arm-none-eabi-9-2020-q2-update/bin/../lib/gcc/arm-none-eabi/9.3.1/thumb/v7e-m+fp/hard/libgcc.a(_udivmoddi4.o)
                                          0x8 (size before relaxing)
                0x000000000000f478                __exidx_end = .
                0x000000000000f478                __etext = .

.rel.dyn        0x000000000000f478        0x0
 .rel.iplt      0x000000000000f478        0x0 /opt/gcc-arm-none-eabi-9-2020-q2-update/bin/../lib/gcc/arm-none-eabi/9.3.1/thumb/v7e-m+fp/hard/crtbegin.o

.data           0x0000000020000000      0xc60 load address 0x000000000000f478
                0x0000000020000000                __data_start__ = .
 *(vtable)
 *(.data*)
 .data.font     0x0000000020000000      0x280 _build/font.o
                0x0000000020000000                font
 .data.m_uart   0x0000000020000280       0x14 _build/microbit_nrf_log_backend_uart.o
                0x0000000020000280                m_uart
 .data.log_backend_cb_uart_log_backend
                0x0000000020000294        0x8 _build/nrf_log_default_backends.o
 .data.SystemCoreClock
                0x000000002000029c        0x4 _build/system_nrf52833.o
                0x000000002000029c                SystemCoreClock
 .data._impure_ptr
                0x00000000200002a0        0x4 /opt/gcc-arm-none-eabi-9-2020-q2-update/bin/../lib/gcc/arm-none-eabi/9.3.1/../../../../arm-none-eabi/lib/thumb/v7e-m+fp/hard/libc.a(lib_a-impure.o)
                0x00000000200002a0                _impure_ptr
 *fill*         0x00000000200002a4        0x4 
 .data.impure_data
                0x00000000200002a8      0x428 /opt/gcc-arm-none-eabi-9-2020-q2-update/bin/../lib/gcc/arm-none-eabi/9.3.1/../../../../arm-none-eabi/lib/thumb/v7e-m+fp/hard/libc.a(lib_a-impure.o)
 .data.__malloc_av_
                0x00000000200006d0      0x408 /opt/gcc-arm-none-eabi-9-2020-q2-update/bin/../lib/gcc/arm-none-eabi/9.3.1/../../../../arm-none-eabi/lib/thumb/v7e-m+fp/hard/libc.a(lib_a-mallocr.o)
                0x00000000200006d0                __malloc_av_
 .data.__malloc_sbrk_base
                0x0000000020000ad8        0x4 /opt/gcc-arm-none-eabi-9-2020-q2-update/bin/../lib/gcc/arm-none-eabi/9.3.1/../../../../arm-none-eabi/lib/thumb/v7e-m+fp/hard/libc.a(lib_a-mallocr.o)
                0x0000000020000ad8                __malloc_sbrk_base
 .data.__malloc_trim_threshold
                0x0000000020000adc        0x4 /opt/gcc-arm-none-eabi-9-2020-q2-update/bin/../lib/gcc/arm-none-eabi/9.3.1/../../../../arm-none-eabi/lib/thumb/v7e-m+fp/hard/libc.a(lib_a-mallocr.o)
                0x0000000020000adc                __malloc_trim_threshold
 .data.__atexit_recursive_mutex
                0x0000000020000ae0        0x4 /opt/gcc-arm-none-eabi-9-2020-q2-update/bin/../lib/gcc/arm-none-eabi/9.3.1/../../../../arm-none-eabi/lib/thumb/v7e-m+fp/hard/libc.a(lib_a-__call_atexit.o)
                0x0000000020000ae0                __atexit_recursive_mutex
 .data.__global_locale
                0x0000000020000ae4      0x16c /opt/gcc-arm-none-eabi-9-2020-q2-update/bin/../lib/gcc/arm-none-eabi/9.3.1/../../../../arm-none-eabi/lib/thumb/v7e-m+fp/hard/libc.a(lib_a-locale.o)
                0x0000000020000ae4                __global_locale
                0x0000000020000c50                . = ALIGN (0x4)
                0x0000000020000c50                PROVIDE (__preinit_array_start = .)
 *(.preinit_array)
                0x0000000020000c50                PROVIDE (__preinit_array_end = .)
                0x0000000020000c50                . = ALIGN (0x4)
                0x0000000020000c50                PROVIDE (__init_array_start = .)
 *(SORT_BY_NAME(.init_array.*))
 .init_array.00000
                0x0000000020000c50        0x4 /opt/gcc-arm-none-eabi-9-2020-q2-update/bin/../lib/gcc/arm-none-eabi/9.3.1/../../../../arm-none-eabi/lib/thumb/v7e-m+fp/hard/libc.a(lib_a-__call_atexit.o)
 *(.init_array)
 .init_array    0x0000000020000c54        0x4 /opt/gcc-arm-none-eabi-9-2020-q2-update/bin/../lib/gcc/arm-none-eabi/9.3.1/thumb/v7e-m+fp/hard/crtbegin.o
 .init_array    0x0000000020000c58        0x4 _build/microbit_before_startup.o
                0x0000000020000c5c                PROVIDE (__init_array_end = .)
                0x0000000020000c5c                . = ALIGN (0x4)
                0x0000000020000c5c                PROVIDE (__fini_array_start = .)
 *(SORT_BY_NAME(.fini_array.*))
 *(.fini_array)
 .fini_array    0x0000000020000c5c        0x4 /opt/gcc-arm-none-eabi-9-2020-q2-update/bin/../lib/gcc/arm-none-eabi/9.3.1/thumb/v7e-m+fp/hard/crtbegin.o
                0x0000000020000c60                PROVIDE (__fini_array_end = .)
 *(.jcr*)
                0x0000000020000c60                . = ALIGN (0x4)
                0x0000000020000c60                __data_end__ = .
LOAD /opt/gcc-arm-none-eabi-9-2020-q2-update/bin/../lib/gcc/arm-none-eabi/9.3.1/thumb/v7e-m+fp/hard/crti.o
LOAD /opt/gcc-arm-none-eabi-9-2020-q2-update/bin/../lib/gcc/arm-none-eabi/9.3.1/thumb/v7e-m+fp/hard/crtbegin.o
LOAD /opt/gcc-arm-none-eabi-9-2020-q2-update/bin/../lib/gcc/arm-none-eabi/9.3.1/../../../../arm-none-eabi/lib/thumb/v7e-m+fp/hard/crt0.o
START GROUP
LOAD _build/led_matrix.o
LOAD _build/lsm303agr.o
LOAD _build/virtual_timer_linked_list.o
LOAD _build/font.o
LOAD _build/main.o
LOAD _build/virtual_timer.o
LOAD _build/better_error_handling.o
LOAD _build/microbit_nrf_log_backend_uart.o
LOAD _build/microbit_retarget.o
LOAD _build/microbit_before_startup.o
LOAD _build/app_error_handler_gcc.o
LOAD _build/app_scheduler.o
LOAD _build/app_timer.o
LOAD _build/app_util_platform.o
LOAD _build/hardfault_handler_gcc.o
LOAD _build/hardfault_implementation.o
LOAD _build/nrf_assert.o
LOAD _build/nrf_atomic.o
LOAD _build/nrf_balloc.o
LOAD _build/nrf_drv_twi.o
LOAD _build/nrf_drv_uart.o
LOAD _build/nrf_fprintf.o
LOAD _build/nrf_fprintf_format.o
LOAD _build/nrf_log_backend_rtt.o
LOAD _build/nrf_log_backend_serial.o
LOAD _build/nrf_log_default_backends.o
LOAD _build/nrf_log_frontend.o
LOAD _build/nrf_log_str_formatter.o
LOAD _build/nrf_pwr_mgmt.o
LOAD _build/nrf_memobj.o
LOAD _build/nrf_ringbuf.o
LOAD _build/nrf_section_iter.o
LOAD _build/nrf_serial.o
LOAD _build/nrf_sdh.o
LOAD _build/nrf_strerror.o
LOAD _build/nrf_queue.o
LOAD _build/nrf_drv_clock.o
LOAD _build/nrf_nvmc.o
LOAD _build/nrfx_gpiote.o
LOAD _build/nrfx_ppi.o
LOAD _build/nrfx_prs.o
LOAD _build/nrfx_saadc.o
LOAD _build/nrfx_timer.o
LOAD _build/nrfx_twi.o
LOAD _build/nrfx_twim.o
LOAD _build/nrfx_clock.o
LOAD _build/nrfx_uart.o
LOAD _build/nrfx_uarte.o
LOAD _build/app_fifo.o
LOAD _build/app_uart_fifo.o
LOAD _build/nrf_twi_mngr.o
LOAD _build/nrfx_pwm.o
LOAD _build/system_nrf52833.o
LOAD _build/app_error_weak.o
LOAD _build/gcc_startup_nrf52833.os
LOAD /opt/gcc-arm-none-eabi-9-2020-q2-update/bin/../lib/gcc/arm-none-eabi/9.3.1/../../../../arm-none-eabi/lib/thumb/v7e-m+fp/hard/libc.a
LOAD /opt/gcc-arm-none-eabi-9-2020-q2-update/bin/../lib/gcc/arm-none-eabi/9.3.1/../../../../arm-none-eabi/lib/thumb/v7e-m+fp/hard/libnosys.a
LOAD /opt/gcc-arm-none-eabi-9-2020-q2-update/bin/../lib/gcc/arm-none-eabi/9.3.1/../../../../arm-none-eabi/lib/thumb/v7e-m+fp/hard/libm.a
LOAD /opt/gcc-arm-none-eabi-9-2020-q2-update/bin/../lib/gcc/arm-none-eabi/9.3.1/../../../../arm-none-eabi/lib/thumb/v7e-m+fp/hard/libstdc++.a
END GROUP
START GROUP
LOAD /opt/gcc-arm-none-eabi-9-2020-q2-update/bin/../lib/gcc/arm-none-eabi/9.3.1/thumb/v7e-m+fp/hard/libgcc.a
LOAD /opt/gcc-arm-none-eabi-9-2020-q2-update/bin/../lib/gcc/arm-none-eabi/9.3.1/../../../../arm-none-eabi/lib/thumb/v7e-m+fp/hard/libc.a
END GROUP
LOAD /opt/gcc-arm-none-eabi-9-2020-q2-update/bin/../lib/gcc/arm-none-eabi/9.3.1/thumb/v7e-m+fp/hard/crtend.o
LOAD /opt/gcc-arm-none-eabi-9-2020-q2-update/bin/../lib/gcc/arm-none-eabi/9.3.1/thumb/v7e-m+fp/hard/crtn.o
START GROUP
LOAD /opt/gcc-arm-none-eabi-9-2020-q2-update/bin/../lib/gcc/arm-none-eabi/9.3.1/thumb/v7e-m+fp/hard/libgcc.a
LOAD /opt/gcc-arm-none-eabi-9-2020-q2-update/bin/../lib/gcc/arm-none-eabi/9.3.1/../../../../arm-none-eabi/lib/thumb/v7e-m+fp/hard/libc.a
LOAD /opt/gcc-arm-none-eabi-9-2020-q2-update/bin/../lib/gcc/arm-none-eabi/9.3.1/../../../../arm-none-eabi/lib/thumb/v7e-m+fp/hard/libnosys.a
END GROUP
                0x0000000000001000                FLASH_PAGE_SIZE = 0x1000
                0x0000000000000004                FLASH_DATA_PAGES_USED = 0x4

.igot.plt       0x0000000020000c60        0x0 load address 0x00000000000100d8
 .igot.plt      0x0000000020000c60        0x0 /opt/gcc-arm-none-eabi-9-2020-q2-update/bin/../lib/gcc/arm-none-eabi/9.3.1/thumb/v7e-m+fp/hard/crtbegin.o
                0x0000000020000c60                . = ALIGN (0x4)

.svc_data       0x0000000020000c60        0x0
                [!provide]                        PROVIDE (__start_svc_data = .)
 *(.svc_data)
                [!provide]                        PROVIDE (__stop_svc_data = .)

.fs_data        0x0000000020000c60        0x0
                [!provide]                        PROVIDE (__start_fs_data = .)
 *(.fs_data)
                [!provide]                        PROVIDE (__stop_fs_data = .)

.log_dynamic_data
                0x0000000020000c60        0x0
                0x0000000020000c60                PROVIDE (__start_log_dynamic_data = .)
 *(SORT_BY_NAME(.log_dynamic_data*))
                [!provide]                        PROVIDE (__stop_log_dynamic_data = .)

.cli_sorted_cmd_ptrs
                0x0000000020000c60        0x0
                [!provide]                        PROVIDE (__start_cli_sorted_cmd_ptrs = .)
 *(.cli_sorted_cmd_ptrs)
                [!provide]                        PROVIDE (__stop_cli_sorted_cmd_ptrs = .)

.bss            0x0000000020000c60      0x9c0 load address 0x00000000000100d8
                0x0000000020000c60                . = ALIGN (0x4)
                0x0000000020000c60                __bss_start__ = .
 *(.bss*)
 .bss           0x0000000020000c60       0x1c /opt/gcc-arm-none-eabi-9-2020-q2-update/bin/../lib/gcc/arm-none-eabi/9.3.1/thumb/v7e-m+fp/hard/crtbegin.o
 .bss.current_char
                0x0000000020000c7c        0x1 _build/led_matrix.o
                0x0000000020000c7c                current_char
 .bss.current_row
                0x0000000020000c7d        0x1 _build/led_matrix.o
                0x0000000020000c7d                current_row
 .bss.current_string_length
                0x0000000020000c7e        0x1 _build/led_matrix.o
                0x0000000020000c7e                current_string_length
 .bss.led_states
                0x0000000020000c7f        0x5 _build/led_matrix.o
                0x0000000020000c7f                led_states
 .bss.need_space
                0x0000000020000c84        0x1 _build/led_matrix.o
                0x0000000020000c84                need_space
 .bss.next_string_length
                0x0000000020000c85        0x1 _build/led_matrix.o
                0x0000000020000c85                next_string_length
 *fill*         0x0000000020000c86        0x2 
 .bss.vtimer    0x0000000020000c88        0x4 _build/led_matrix.o
                0x0000000020000c88                vtimer
 .bss.i2c_manager
                0x0000000020000c8c        0x4 _build/lsm303agr.o
 .bss.linked_list
                0x0000000020000c90        0x4 _build/virtual_timer_linked_list.o
 .bss.sample_timer_data
                0x0000000020000c94       0x20 _build/main.o
 .bss.twi_mngr_instance_cb
                0x0000000020000cb4       0x1c _build/main.o
 .bss.twi_mngr_instance_queue_nrf_queue_buffer
                0x0000000020000cd0        0x8 _build/main.o
 .bss.twi_mngr_instance_queue_nrf_queue_cb
                0x0000000020000cd8        0xc _build/main.o
 .bss.m_async_mode
                0x0000000020000ce4        0x1 _build/microbit_nrf_log_backend_uart.o
 .bss.m_string_buff
                0x0000000020000ce5       0x40 _build/microbit_nrf_log_backend_uart.o
 .bss.m_xfer_done
                0x0000000020000d25        0x1 _build/microbit_nrf_log_backend_uart.o
 *fill*         0x0000000020000d26        0x2 
 .bss.m_op_queue
                0x0000000020000d28      0x10c _build/app_timer.o
 .bss.m_rtc1_reset
                0x0000000020000e34        0x1 _build/app_timer.o
 .bss.m_rtc1_running
                0x0000000020000e35        0x1 _build/app_timer.o
 *fill*         0x0000000020000e36        0x2 
 .bss.m_ticks_elapsed
                0x0000000020000e38        0x8 _build/app_timer.o
 .bss.m_ticks_elapsed_q_read_ind
                0x0000000020000e40        0x1 _build/app_timer.o
 .bss.m_ticks_elapsed_q_write_ind
                0x0000000020000e41        0x1 _build/app_timer.o
 *fill*         0x0000000020000e42        0x2 
 .bss.m_ticks_latest
                0x0000000020000e44        0x4 _build/app_timer.o
 .bss.mp_timer_id_head