Archive member included to satisfy reference by file (symbol)

/opt/gcc-arm-none-eabi-9-2020-q2-update/bin/../lib/gcc/arm-none-eabi/9.3.1/../../../../arm-none-eabi/lib/thumb/v7e-m+fp/hard/libc.a(lib_a-ctype_.o)
                              _build/nrf_log_str_formatter.o (_ctype_)
/opt/gcc-arm-none-eabi-9-2020-q2-update/bin/../lib/gcc/arm-none-eabi/9.3.1/../../../../arm-none-eabi/lib/thumb/v7e-m+fp/hard/libc.a(lib_a-exit.o)
                              /opt/gcc-arm-none-eabi-9-2020-q2-update/bin/../lib/gcc/arm-none-eabi/9.3.1/../../../../arm-none-eabi/lib/thumb/v7e-m+fp/hard/crt0.o (exit)
/opt/gcc-arm-none-eabi-9-2020-q2-update/bin/../lib/gcc/arm-none-eabi/9.3.1/../../../../arm-none-eabi/lib/thumb/v7e-m+fp/hard/libc.a(lib_a-impure.o)
                              /opt/gcc-arm-none-eabi-9-2020-q2-update/bin/../lib/gcc/arm-none-eabi/9.3.1/../../../../arm-none-eabi/lib/thumb/v7e-m+fp/hard/libc.a(lib_a-exit.o) (_global_impure_ptr)
/opt/gcc-arm-none-eabi-9-2020-q2-update/bin/../lib/gcc/arm-none-eabi/9.3.1/../../../../arm-none-eabi/lib/thumb/v7e-m+fp/hard/libc.a(lib_a-init.o)
                              /opt/gcc-arm-none-eabi-9-2020-q2-update/bin/../lib/gcc/arm-none-eabi/9.3.1/../../../../arm-none-eabi/lib/thumb/v7e-m+fp/hard/crt0.o (__libc_init_array)
/opt/gcc-arm-none-eabi-9-2020-q2-update/bin/../lib/gcc/arm-none-eabi/9.3.1/../../../../arm-none-eabi/lib/thumb/v7e-m+fp/hard/libc.a(lib_a-malloc.o)
                              _build/virtual_timer.o (malloc)
/opt/gcc-arm-none-eabi-9-2020-q2-update/bin/../lib/gcc/arm-none-eabi/9.3.1/../../../../arm-none-eabi/lib/thumb/v7e-m+fp/hard/libc.a(lib_a-mallocr.o)
                              /opt/gcc-arm-none-eabi-9-2020-q2-update/bin/../lib/gcc/arm-none-eabi/9.3.1/../../../../arm-none-eabi/lib/thumb/v7e-m+fp/hard/libc.a(lib_a-malloc.o) (_malloc_r)
/opt/gcc-arm-none-eabi-9-2020-q2-update/bin/../lib/gcc/arm-none-eabi/9.3.1/../../../../arm-none-eabi/lib/thumb/v7e-m+fp/hard/libc.a(lib_a-memcmp.o)
                              _build/nrf_twi_mngr.o (memcmp)
/opt/gcc-arm-none-eabi-9-2020-q2-update/bin/../lib/gcc/arm-none-eabi/9.3.1/../../../../arm-none-eabi/lib/thumb/v7e-m+fp/hard/libc.a(lib_a-memcpy.o)
                              _build/app_scheduler.o (memcpy)
/opt/gcc-arm-none-eabi-9-2020-q2-update/bin/../lib/gcc/arm-none-eabi/9.3.1/../../../../arm-none-eabi/lib/thumb/v7e-m+fp/hard/libc.a(lib_a-memset.o)
                              /opt/gcc-arm-none-eabi-9-2020-q2-update/bin/../lib/gcc/arm-none-eabi/9.3.1/../../../../arm-none-eabi/lib/thumb/v7e-m+fp/hard/crt0.o (memset)
/opt/gcc-arm-none-eabi-9-2020-q2-update/bin/../lib/gcc/arm-none-eabi/9.3.1/../../../../arm-none-eabi/lib/thumb/v7e-m+fp/hard/libc.a(lib_a-mlock.o)
                              /opt/gcc-arm-none-eabi-9-2020-q2-update/bin/../lib/gcc/arm-none-eabi/9.3.1/../../../../arm-none-eabi/lib/thumb/v7e-m+fp/hard/libc.a(lib_a-mallocr.o) (__malloc_lock)
/opt/gcc-arm-none-eabi-9-2020-q2-update/bin/../lib/gcc/arm-none-eabi/9.3.1/../../../../arm-none-eabi/lib/thumb/v7e-m+fp/hard/libc.a(lib_a-printf.o)
                              _build/lsm303agr.o (printf)
/opt/gcc-arm-none-eabi-9-2020-q2-update/bin/../lib/gcc/arm-none-eabi/9.3.1/../../../../arm-none-eabi/lib/thumb/v7e-m+fp/hard/libc.a(lib_a-sbrkr.o)
                              /opt/gcc-arm-none-eabi-9-2020-q2-update/bin/../lib/gcc/arm-none-eabi/9.3.1/../../../../arm-none-eabi/lib/thumb/v7e-m+fp/hard/libc.a(lib_a-mallocr.o) (_sbrk_r)
/opt/gcc-arm-none-eabi-9-2020-q2-update/bin/../lib/gcc/arm-none-eabi/9.3.1/../../../../arm-none-eabi/lib/thumb/v7e-m+fp/hard/libc.a(lib_a-setbuf.o)
                              _build/microbit_before_startup.o (setbuf)
/opt/gcc-arm-none-eabi-9-2020-q2-update/bin/../lib/gcc/arm-none-eabi/9.3.1/../../../../arm-none-eabi/lib/thumb/v7e-m+fp/hard/libc.a(lib_a-setvbuf.o)
                              /opt/gcc-arm-none-eabi-9-2020-q2-update/bin/../lib/gcc/arm-none-eabi/9.3.1/../../../../arm-none-eabi/lib/thumb/v7e-m+fp/hard/libc.a(lib_a-setbuf.o) (setvbuf)
/opt/gcc-arm-none-eabi-9-2020-q2-update/bin/../lib/gcc/arm-none-eabi/9.3.1/../../../../arm-none-eabi/lib/thumb/v7e-m+fp/hard/libc.a(lib_a-strlen.o)
                              _build/nrf_fprintf_format.o (strlen)
/opt/gcc-arm-none-eabi-9-2020-q2-update/bin/../lib/gcc/arm-none-eabi/9.3.1/../../../../arm-none-eabi/lib/thumb/v7e-m+fp/hard/libc.a(lib_a-vfprintf.o)
                              /opt/gcc-arm-none-eabi-9-2020-q2-update/bin/../lib/gcc/arm-none-eabi/9.3.1/../../../../arm-none-eabi/lib/thumb/v7e-m+fp/hard/libc.a(lib_a-printf.o) (_vfprintf_r)
/opt/gcc-arm-none-eabi-9-2020-q2-update/bin/../lib/gcc/arm-none-eabi/9.3.1/../../../../arm-none-eabi/lib/thumb/v7e-m+fp/hard/libc.a(lib_a-wsetup.o)
                              /opt/gcc-arm-none-eabi-9-2020-q2-update/bin/../lib/gcc/arm-none-eabi/9.3.1/../../../../arm-none-eabi/lib/thumb/v7e-m+fp/hard/libc.a(lib_a-vfprintf.o) (__swsetup_r)
[...]
Memory Configuration

Name             Origin             Length             Attributes
FLASH            0x0000000000000000 0x0000000000080000 xr
RAM              0x0000000020000000 0x0000000000020000 xrw
*default*        0x0000000000000000 0xffffffffffffffff

Linker script and memory map

                0x000000000007f000                __stop_ot_flash_data = ((ORIGIN (FLASH) + LENGTH (FLASH)) - FLASH_PAGE_SIZE)
                0x000000000007b000                __start_ot_flash_data = (__stop_ot_flash_data - (FLASH_PAGE_SIZE * FLASH_DATA_PAGES_USED))
                0x0000000000000001                ASSERT ((__start_ot_flash_data >= (__etext + SIZEOF (.data))), Error: Code overlaps flash data area.)

.text           0x0000000000000000     0xbff8
 *(.isr_vector)
 .isr_vector    0x0000000000000000      0x200 _build/gcc_startup_nrf52833.os
                0x0000000000000000                __isr_vector
 *(.text*)
 .text          0x0000000000000200       0x40 /opt/gcc-arm-none-eabi-9-2020-q2-update/bin/../lib/gcc/arm-none-eabi/9.3.1/thumb/v7e-m+fp/hard/crtbegin.o
 .text          0x0000000000000240       0x7c /opt/gcc-arm-none-eabi-9-2020-q2-update/bin/../lib/gcc/arm-none-eabi/9.3.1/../../../../arm-none-eabi/lib/thumb/v7e-m+fp/hard/crt0.o
                0x0000000000000240                _stack_init
                0x0000000000000248                _mainCRTStartup
                0x0000000000000248                _start
 .text.list_insert_sorted
                0x00000000000002bc       0x64 _build/virtual_timer_linked_list.o
                0x00000000000002bc                list_insert_sorted
 .text.list_get_first
                0x0000000000000320        0xc _build/virtual_timer_linked_list.o
                0x0000000000000320                list_get_first
 .text.list_remove_first
                0x000000000000032c       0x10 _build/virtual_timer_linked_list.o
                0x000000000000032c                list_remove_first
 .text.nrf_gpio_pin_port_decode
                0x000000000000033c       0x30 _build/main.o
 .text.nrf_gpio_cfg_output
                0x000000000000036c       0x1c _build/main.o
 .text.nrf_gpio_pin_set
                0x0000000000000388       0x1a _build/main.o
 *fill*         0x00000000000003a2        0x2 
 .text.sample_timer_callback
                0x00000000000003a4       0x30 _build/main.o
 .text.startup.main
                0x00000000000003d4       0x88 _build/main.o
                0x00000000000003d4                main
 .text.interrupt_helper
                0x000000000000045c       0x34 _build/virtual_timer.o
                0x000000000000045c                interrupt_helper
 .text.TIMER4_IRQHandler
                0x0000000000000490       0x34 _build/virtual_timer.o
                0x0000000000000490                TIMER4_IRQHandler
 .text.nrf_gpio_pin_port_decode
                0x00000000000004c4       0x30 _build/better_error_handling.o
 .text.nrf_gpio_pin_clear
                0x00000000000004f4       0x1a _build/better_error_handling.o
 .text.nrf_gpio_pin_set
                0x000000000000050e       0x1a _build/better_error_handling.o
 .text.nrf_delay_ms.part.0
                0x0000000000000528       0x1c _build/better_error_handling.o
 .text.error_blink_pattern
                0x0000000000000544      0x104 _build/better_error_handling.o
 .text.app_error_fault_handler
                0x0000000000000648       0x74 _build/better_error_handling.o
                0x0000000000000648                app_error_fault_handler
 .text.HardFault_process
                0x00000000000006bc        0x6 _build/better_error_handling.o
                0x00000000000006bc                HardFault_process
 .text.nrf_log_backend_uart_flush
                0x00000000000006c2        0x2 _build/microbit_nrf_log_backend_uart.o
 .text.nrf_log_backend_uart_put
                0x00000000000006c4       0x1c _build/microbit_nrf_log_backend_uart.o
 .text.uart_init.constprop.0
                0x00000000000006e0       0x5c _build/microbit_nrf_log_backend_uart.o
 .text.serial_tx
                0x000000000000073c       0x50 _build/microbit_nrf_log_backend_uart.o
 .text.nrf_log_backend_uart_panic_set
                0x000000000000078c       0x2c _build/microbit_nrf_log_backend_uart.o
 .text.nrf_log_backend_uart_init
                0x00000000000007b8        0x4 _build/microbit_nrf_log_backend_uart.o
                0x00000000000007b8                nrf_log_backend_uart_init
 .text._write   0x00000000000007bc       0x2c _build/microbit_retarget.o
                0x00000000000007bc                _write
 .text._read    0x00000000000007e8       0x30 _build/microbit_retarget.o
                0x00000000000007e8                _read
 .text.startup.called_first
                0x0000000000000818       0x48 _build/microbit_before_startup.o
                0x0000000000000818                called_first
 .text.app_error_handler
                0x0000000000000860       0x1a _build/app_error_handler_gcc.o
                0x0000000000000860                app_error_handler
 *fill*         0x000000000000087a        0x2 
 .text.user_op_alloc
                0x000000000000087c       0x2c _build/app_timer.o
 .text.nrfx_coredep_delay_us.part.0.constprop.0
                0x00000000000008a8       0x10 _build/app_timer.o
 .text.RTC1_IRQHandler
                0x00000000000008b8       0x9c _build/app_timer.o
                0x00000000000008b8                RTC1_IRQHandler
 .text.SWI0_EGU0_IRQHandler
                0x0000000000000954      0x2b8 _build/app_timer.o
                0x0000000000000954                SWI0_EGU0_IRQHandler
 .text.app_timer_init
                0x0000000000000c0c       0x90 _build/app_timer.o
                0x0000000000000c0c                app_timer_init
 .text.app_timer_create
                0x0000000000000c9c       0x24 _build/app_timer.o
                0x0000000000000c9c                app_timer_create
 .text.app_timer_start
                0x0000000000000cc0       0x8c _build/app_timer.o
                0x0000000000000cc0                app_timer_start
 .text.app_util_disable_irq
                0x0000000000000d4c       0x10 _build/app_util_platform.o
                0x0000000000000d4c                app_util_disable_irq
 .text.app_util_enable_irq
                0x0000000000000d5c       0x14 _build/app_util_platform.o
                0x0000000000000d5c                app_util_enable_irq
 .text.privilege_level_get
                0x0000000000000d70       0x1a _build/app_util_platform.o
                0x0000000000000d70                privilege_level_get
 *fill*         0x0000000000000d8a        0x2 
 .text.app_util_critical_region_enter
                0x0000000000000d8c       0x20 _build/app_util_platform.o
                0x0000000000000d8c                app_util_critical_region_enter
 .text.app_util_critical_region_exit
                0x0000000000000dac       0x20 _build/app_util_platform.o
                0x0000000000000dac                app_util_critical_region_exit
 .text.HardFault_Handler
                0x0000000000000dcc       0x34 _build/hardfault_handler_gcc.o
                0x0000000000000dcc                HardFault_Handler
 .text.HardFault_c_handler
                0x0000000000000e00      0x104 _build/hardfault_implementation.o
                0x0000000000000e00                HardFault_c_handler
 .text.assert_nrf_callback
                0x0000000000000f04       0x1a _build/nrf_assert.o
                0x0000000000000f04                assert_nrf_callback
 .text.nrf_atomic_u32_fetch_store
                0x0000000000000f1e       0x16 _build/nrf_atomic.o
                0x0000000000000f1e                nrf_atomic_u32_fetch_store
 .text.nrf_atomic_u32_or
                0x0000000000000f34       0x18 _build/nrf_atomic.o
                0x0000000000000f34                nrf_atomic_u32_or
 .text.nrf_atomic_u32_fetch_and
                0x0000000000000f4c       0x18 _build/nrf_atomic.o
                0x0000000000000f4c                nrf_atomic_u32_fetch_and
 .text.nrf_atomic_u32_add
                0x0000000000000f64       0x18 _build/nrf_atomic.o
                0x0000000000000f64                nrf_atomic_u32_add
 .text.nrf_atomic_u32_sub
                0x0000000000000f7c       0x18 _build/nrf_atomic.o
                0x0000000000000f7c                nrf_atomic_u32_sub
 .text.nrf_atomic_flag_set
                0x0000000000000f94        0x6 _build/nrf_atomic.o
                0x0000000000000f94                nrf_atomic_flag_set
 .text.nrf_atomic_flag_clear_fetch
                0x0000000000000f9a        0x6 _build/nrf_atomic.o
                0x0000000000000f9a                nrf_atomic_flag_clear_fetch
 .text.nrf_balloc_init
                0x0000000000000fa0       0x7c _build/nrf_balloc.o
                0x0000000000000fa0                nrf_balloc_init
 .text.nrf_balloc_alloc
                0x000000000000101c       0x54 _build/nrf_balloc.o
                0x000000000000101c                nrf_balloc_alloc
 .text.nrf_balloc_free
                0x0000000000001070       0x48 _build/nrf_balloc.o
                0x0000000000001070                nrf_balloc_free
 .text.uarte_evt_handler
                0x00000000000010b8       0x34 _build/nrf_drv_uart.o
 .text.uart_evt_handler
                0x00000000000010ec       0x34 _build/nrf_drv_uart.o
 .text.nrf_drv_uart_init
                0x0000000000001120       0x7c _build/nrf_drv_uart.o
                0x0000000000001120                nrf_drv_uart_init
 .text.nrf_fprintf_buffer_flush
                0x000000000000119c       0x24 _build/nrf_fprintf.o
                0x000000000000119c                nrf_fprintf_buffer_flush
 .text.nrf_fprintf
                0x00000000000011c0       0x54 _build/nrf_fprintf.o
                0x00000000000011c0                nrf_fprintf
 .text.buffer_add
                0x0000000000001214       0x1e _build/nrf_fprintf_format.o
 *fill*         0x0000000000001232        0x2 
 .text.unsigned_print
                0x0000000000001234       0xb4 _build/nrf_fprintf_format.o
 .text.nrf_fprintf_fmt
                0x00000000000012e8      0x2d8 _build/nrf_fprintf_format.o
                0x00000000000012e8                nrf_fprintf_fmt
 .text.nrf_log_backend_serial_put
                0x00000000000015c0       0xc2 _build/nrf_log_backend_serial.o
                0x00000000000015c0                nrf_log_backend_serial_put
 *fill*         0x0000000000001682        0x2 
 .text.nrf_log_default_backends_init
                0x0000000000001684       0x30 _build/nrf_log_default_backends.o
                0x0000000000001684                nrf_log_default_backends_init
 .text.invalid_packets_omit
                0x00000000000016b4       0x3a _build/nrf_log_frontend.o
 *fill*         0x00000000000016ee        0x2 
 .text.buf_prealloc
                0x00000000000016f0      0x144 _build/nrf_log_frontend.o
 .text.nrf_log_init
                0x0000000000001834       0x3c _build/nrf_log_frontend.o
                0x0000000000001834                nrf_log_init
 .text.nrf_log_module_name_get
                0x0000000000001870       0x38 _build/nrf_log_frontend.o
                0x0000000000001870                nrf_log_module_name_get
 .text.nrf_log_color_id_get
                0x00000000000018a8       0x2c _build/nrf_log_frontend.o
                0x00000000000018a8                nrf_log_color_id_get
 .text.buffer_is_empty
                0x00000000000018d4       0x14 _build/nrf_log_frontend.o
                0x00000000000018d4                buffer_is_empty
 .text.nrf_log_frontend_dequeue
                0x00000000000018e8      0x218 _build/nrf_log_frontend.o
                0x00000000000018e8                nrf_log_frontend_dequeue
 .text.std_n    0x0000000000001b00       0xb8 _build/nrf_log_frontend.o
 .text.nrf_log_frontend_std_0
                0x0000000000001bb8        0x8 _build/nrf_log_frontend.o
                0x0000000000001bb8                nrf_log_frontend_std_0
 .text.nrf_log_frontend_std_1
                0x0000000000001bc0       0x12 _build/nrf_log_frontend.o
                0x0000000000001bc0                nrf_log_frontend_std_1
 .text.nrf_log_frontend_std_3
                0x0000000000001bd2       0x18 _build/nrf_log_frontend.o
                0x0000000000001bd2                nrf_log_frontend_std_3
 .text.nrf_log_frontend_std_4
                0x0000000000001bea       0x1c _build/nrf_log_frontend.o
                0x0000000000001bea                nrf_log_frontend_std_4
 *fill*         0x0000000000001c06        0x2 
 .text.nrf_log_backend_add
                0x0000000000001c08       0x54 _build/nrf_log_frontend.o
                0x0000000000001c08                nrf_log_backend_add
 .text.nrf_log_panic
                0x0000000000001c5c       0x2c _build/nrf_log_frontend.o
                0x0000000000001c5c                nrf_log_panic
 .text.postfix_process
                0x0000000000001c88       0x44 _build/nrf_log_str_formatter.o
 .text.prefix_process
                0x0000000000001ccc       0x7c _build/nrf_log_str_formatter.o
 .text.nrf_log_std_entry_process
                0x0000000000001d48       0xc8 _build/nrf_log_str_formatter.o
                0x0000000000001d48                nrf_log_std_entry_process
 .text.nrf_log_hexdump_entry_process
                0x0000000000001e10       0xbc _build/nrf_log_str_formatter.o
                0x0000000000001e10                nrf_log_hexdump_entry_process
 .text.memobj_op
                0x0000000000001ecc       0xa8 _build/nrf_memobj.o
 .text.nrf_memobj_pool_init
                0x0000000000001f74        0x4 _build/nrf_memobj.o
                0x0000000000001f74                nrf_memobj_pool_init
 .text.nrf_memobj_free
                0x0000000000001f78       0x2c _build/nrf_memobj.o
                0x0000000000001f78                nrf_memobj_free
 .text.nrf_memobj_alloc
                0x0000000000001fa4       0x5e _build/nrf_memobj.o
                0x0000000000001fa4                nrf_memobj_alloc
 .text.nrf_memobj_get
                0x0000000000002002        0x8 _build/nrf_memobj.o
                0x0000000000002002                nrf_memobj_get
 .text.nrf_memobj_put
                0x000000000000200a       0x1e _build/nrf_memobj.o
                0x000000000000200a                nrf_memobj_put
 .text.nrf_memobj_write
                0x0000000000002028       0x28 _build/nrf_memobj.o
                0x0000000000002028                nrf_memobj_write
 .text.nrf_memobj_read
                0x0000000000002050       0x28 _build/nrf_memobj.o
                0x0000000000002050                nrf_memobj_read
 .text.nrf_ringbuf_init
                0x0000000000002078       0x1c _build/nrf_ringbuf.o
                0x0000000000002078                nrf_ringbuf_init
 .text.nrf_strerror_find
                0x0000000000002094       0x3c _build/nrf_strerror.o
                0x0000000000002094                nrf_strerror_find
 .text.nrf_strerror_get
                0x00000000000020d0       0x14 _build/nrf_strerror.o
                0x00000000000020d0                nrf_strerror_get
 .text.nrf_gpiote_event_clear
                0x00000000000020e4       0x18 _build/nrfx_gpiote.o
 .text.nrf_gpio_pin_port_decode
                0x00000000000020fc       0x30 _build/nrfx_gpiote.o
 .text.nrf_gpio_cfg_sense_set
                0x000000000000212c       0x2e _build/nrfx_gpiote.o
 *fill*         0x000000000000215a        0x2 
 .text.nrf_gpio_ports_read.constprop.0
                0x000000000000215c       0x18 _build/nrfx_gpiote.o
 .text.GPIOTE_IRQHandler
                0x0000000000002174      0x1a8 _build/nrfx_gpiote.o
                0x0000000000002174                GPIOTE_IRQHandler
 .text.UARTE0_UART0_IRQHandler
                0x000000000000231c       0x20 _build/nrfx_prs.o
                0x000000000000231c                UARTE0_UART0_IRQHandler
 .text.nrfx_prs_acquire
                0x000000000000233c       0x44 _build/nrfx_prs.o
                0x000000000000233c                nrfx_prs_acquire
 .text.nrfx_prs_release
                0x0000000000002380       0x28 _build/nrfx_prs.o
                0x0000000000002380                nrfx_prs_release
 .text.nrf_saadc_event_clear
                0x00000000000023a8       0x18 _build/nrfx_saadc.o
 .text.SAADC_IRQHandler
                0x00000000000023c0      0x160 _build/nrfx_saadc.o
                0x00000000000023c0                SAADC_IRQHandler
 .text.irq_handler.constprop.0
                0x0000000000002520       0x4c _build/nrfx_timer.o
 .text.TIMER0_IRQHandler
                0x000000000000256c       0x10 _build/nrfx_timer.o
                0x000000000000256c                TIMER0_IRQHandler
 .text.TIMER1_IRQHandler
                0x000000000000257c       0x10 _build/nrfx_timer.o
                0x000000000000257c                TIMER1_IRQHandler
 .text.nrf_twim_event_clear
                0x000000000000258c       0x10 _build/nrfx_twim.o
 .text.xfer_completeness_check
                0x000000000000259c       0x6c _build/nrfx_twim.o
 .text.SPIM0_SPIS0_TWIM0_TWIS0_SPI0_TWI0_IRQHandler
                0x0000000000002608      0x158 _build/nrfx_twim.o
                0x0000000000002608                SPIM0_SPIS0_TWIM0_TWIS0_SPI0_TWI0_IRQHandler
 .text.POWER_CLOCK_IRQHandler
                0x0000000000002760       0x5c _build/nrfx_clock.o
                0x0000000000002760                POWER_CLOCK_IRQHandler
 .text.nrf_uart_event_clear
                0x00000000000027bc       0x10 _build/nrfx_uart.o
 .text.tx_byte  0x00000000000027cc       0x1e _build/nrfx_uart.o
 *fill*         0x00000000000027ea        0x2 
 .text.nrf_gpio_pin_port_decode
                0x00000000000027ec       0x30 _build/nrfx_uart.o
 .text.nrf_gpio_cfg_default
                0x000000000000281c       0x1c _build/nrfx_uart.o
 .text.rx_enable.isra.0
                0x0000000000002838       0x20 _build/nrfx_uart.o
 .text.rx_byte  0x0000000000002858       0x2c _build/nrfx_uart.o
 .text.rx_done_event.constprop.0
                0x0000000000002884       0x20 _build/nrfx_uart.o
 .text.nrfx_uart_0_irq_handler
                0x00000000000028a4      0x13c _build/nrfx_uart.o
                0x00000000000028a4                nrfx_uart_0_irq_handler
 .text.nrfx_uart_init
                0x00000000000029e0      0x1e4 _build/nrfx_uart.o
                0x00000000000029e0                nrfx_uart_init
 .text.nrfx_uart_uninit
                0x0000000000002bc4       0xc0 _build/nrfx_uart.o
                0x0000000000002bc4                nrfx_uart_uninit
 .text.nrfx_uart_tx
                0x0000000000002c84       0xe0 _build/nrfx_uart.o
                0x0000000000002c84                nrfx_uart_tx
 .text.nrfx_uart_rx
                0x0000000000002d64      0x130 _build/nrfx_uart.o
                0x0000000000002d64                nrfx_uart_rx
 .text.nrf_uarte_event_clear
                0x0000000000002e94       0x10 _build/nrfx_uarte.o
 .text.nrf_gpio_pin_port_decode
                0x0000000000002ea4       0x30 _build/nrfx_uarte.o
 .text.nrf_gpio_cfg_default
                0x0000000000002ed4       0x1c _build/nrfx_uarte.o
 .text.rx_done_event.constprop.0
                0x0000000000002ef0       0x20 _build/nrfx_uarte.o
 .text.nrfx_uarte_0_irq_handler
                0x0000000000002f10      0x118 _build/nrfx_uarte.o
                0x0000000000002f10                nrfx_uarte_0_irq_handler
 .text.nrfx_uarte_init
                0x0000000000003028      0x1f8 _build/nrfx_uarte.o
                0x0000000000003028                nrfx_uarte_init
 .text.nrfx_uarte_uninit
                0x0000000000003220       0xec _build/nrfx_uarte.o
                0x0000000000003220                nrfx_uarte_uninit
 .text.nrfx_uarte_tx
                0x000000000000330c       0xf4 _build/nrfx_uarte.o
                0x000000000000330c                nrfx_uarte_tx
 .text.nrfx_uarte_rx
                0x0000000000003400      0x130 _build/nrfx_uarte.o
                0x0000000000003400                nrfx_uarte_rx
 .text.nrf_pwm_event_clear
                0x0000000000003530       0x10 _build/nrfx_pwm.o
 .text.PWM0_IRQHandler
                0x0000000000003540       0x90 _build/nrfx_pwm.o
                0x0000000000003540                PWM0_IRQHandler
 .text.errata_36
                0x00000000000035d0       0x20 _build/system_nrf52833.o
 .text.SystemInit
                0x00000000000035f0      0x174 _build/system_nrf52833.o
                0x00000000000035f0                SystemInit
 .text          0x0000000000003764       0x3c _build/gcc_startup_nrf52833.os
                0x0000000000003764                Reset_Handler
                0x000000000000378c                NMI_Handler
                0x0000000000003790                MemoryManagement_Handler
                0x0000000000003792                BusFault_Handler
                0x0000000000003794                UsageFault_Handler
                0x0000000000003796                SVC_Handler
                0x0000000000003798                DebugMon_Handler
                0x000000000000379a                PendSV_Handler
                0x000000000000379c                SysTick_Handler
                0x000000000000379e                TIMER2_IRQHandler
                0x000000000000379e                RTC0_IRQHandler
                0x000000000000379e                SWI2_EGU2_IRQHandler
                0x000000000000379e                PWM1_IRQHandler
                0x000000000000379e                RADIO_IRQHandler
                0x000000000000379e                PDM_IRQHandler
                0x000000000000379e                TEMP_IRQHandler
                0x000000000000379e                QDEC_IRQHandler
                0x000000000000379e                TIMER3_IRQHandler
                0x000000000000379e                PWM3_IRQHandler
                0x000000000000379e                FPU_IRQHandler
                0x000000000000379e                USBD_IRQHandler
                0x000000000000379e                I2S_IRQHandler
                0x000000000000379e                SWI4_EGU4_IRQHandler
                0x000000000000379e                UARTE1_IRQHandler
                0x000000000000379e                SPIM3_IRQHandler
                0x000000000000379e                PWM2_IRQHandler
                0x000000000000379e                ECB_IRQHandler
                0x000000000000379e                SPIM1_SPIS1_TWIM1_TWIS1_SPI1_TWI1_IRQHandler
                0x000000000000379e                Default_Handler
                0x000000000000379e                CCM_AAR_IRQHandler
                0x000000000000379e                WDT_IRQHandler
                0x000000000000379e                SWI5_EGU5_IRQHandler
                0x000000000000379e                RNG_IRQHandler
                0x000000000000379e                RTC2_IRQHandler
                0x000000000000379e                SWI3_EGU3_IRQHandler
                0x000000000000379e                SWI1_EGU1_IRQHandler
                0x000000000000379e                SPIM2_SPIS2_SPI2_IRQHandler
                0x000000000000379e                NFCT_IRQHandler
                0x000000000000379e                MWU_IRQHandler
                0x000000000000379e                COMP_LPCOMP_IRQHandler
 .text.exit     0x00000000000037a0       0x20 /opt/gcc-arm-none-eabi-9-2020-q2-update/bin/../lib/gcc/arm-none-eabi/9.3.1/../../../../arm-none-eabi/lib/thumb/v7e-m+fp/hard/libc.a(lib_a-exit.o)
                0x00000000000037a0                exit
 .text.__libc_init_array
                0x00000000000037c0       0x48 /opt/gcc-arm-none-eabi-9-2020-q2-update/bin/../lib/gcc/arm-none-eabi/9.3.1/../../../../arm-none-eabi/lib/thumb/v7e-m+fp/hard/libc.a(lib_a-init.o)
                0x00000000000037c0                __libc_init_array
 .text.malloc   0x0000000000003808       0x10 /opt/gcc-arm-none-eabi-9-2020-q2-update/bin/../lib/gcc/arm-none-eabi/9.3.1/../../../../arm-none-eabi/lib/thumb/v7e-m+fp/hard/libc.a(lib_a-malloc.o)
                0x0000000000003808                malloc
 .text.free     0x0000000000003818       0x10 /opt/gcc-arm-none-eabi-9-2020-q2-update/bin/../lib/gcc/arm-none-eabi/9.3.1/../../../../arm-none-eabi/lib/thumb/v7e-m+fp/hard/libc.a(lib_a-malloc.o)
                0x0000000000003818                free
 .text._malloc_r
                0x0000000000003828      0x574 /opt/gcc-arm-none-eabi-9-2020-q2-update/bin/../lib/gcc/arm-none-eabi/9.3.1/../../../../arm-none-eabi/lib/thumb/v7e-m+fp/hard/libc.a(lib_a-mallocr.o)
                0x0000000000003828                _malloc_r
 .text          0x0000000000003d9c      0x134 /opt/gcc-arm-none-eabi-9-2020-q2-update/bin/../lib/gcc/arm-none-eabi/9.3.1/../../../../arm-none-eabi/lib/thumb/v7e-m+fp/hard/libc.a(lib_a-memcpy.o)
                0x0000000000003d9c                memcpy
 .text.memset   0x0000000000003ed0       0xa0 /opt/gcc-arm-none-eabi-9-2020-q2-update/bin/../lib/gcc/arm-none-eabi/9.3.1/../../../../arm-none-eabi/lib/thumb/v7e-m+fp/hard/libc.a(lib_a-memset.o)
                0x0000000000003ed0                memset
 .text.__malloc_lock
                0x0000000000003f70        0xc /opt/gcc-arm-none-eabi-9-2020-q2-update/bin/../lib/gcc/arm-none-eabi/9.3.1/../../../../arm-none-eabi/lib/thumb/v7e-m+fp/hard/libc.a(lib_a-mlock.o)
                0x0000000000003f70                __malloc_lock
 .text.__malloc_unlock
                0x0000000000003f7c        0xc /opt/gcc-arm-none-eabi-9-2020-q2-update/bin/../lib/gcc/arm-none-eabi/9.3.1/../../../../arm-none-eabi/lib/thumb/v7e-m+fp/hard/libc.a(lib_a-mlock.o)
                0x0000000000003f7c                __malloc_unlock
 .text.printf   0x0000000000003f88       0x28 /opt/gcc-arm-none-eabi-9-2020-q2-update/bin/../lib/gcc/arm-none-eabi/9.3.1/../../../../arm-none-eabi/lib/thumb/v7e-m+fp/hard/libc.a(lib_a-printf.o)
                0x0000000000003f88                printf
 .text._sbrk_r  0x0000000000003fb0       0x24 /opt/gcc-arm-none-eabi-9-2020-q2-update/bin/../lib/gcc/arm-none-eabi/9.3.1/../../../../arm-none-eabi/lib/thumb/v7e-m+fp/hard/libc.a(lib_a-sbrkr.o)
                0x0000000000003fb0                _sbrk_r
 .text.setbuf   0x0000000000003fd4       0x10 /opt/gcc-arm-none-eabi-9-2020-q2-update/bin/../lib/gcc/arm-none-eabi/9.3.1/../../../../arm-none-eabi/lib/thumb/v7e-m+fp/hard/libc.a(lib_a-setbuf.o)
                0x0000000000003fd4                setbuf
 .text.setvbuf  0x0000000000003fe4      0x1a0 /opt/gcc-arm-none-eabi-9-2020-q2-update/bin/../lib/gcc/arm-none-eabi/9.3.1/../../../../arm-none-eabi/lib/thumb/v7e-m+fp/hard/libc.a(lib_a-setvbuf.o)
                0x0000000000003fe4                setvbuf
 *fill*         0x0000000000004184       0x3c 
 .text          0x00000000000041c0       0xdc /opt/gcc-arm-none-eabi-9-2020-q2-update/bin/../lib/gcc/arm-none-eabi/9.3.1/../../../../arm-none-eabi/lib/thumb/v7e-m+fp/hard/libc.a(lib_a-strlen.o)
                0x00000000000041c0                strlen
 *fill*         0x000000000000429c        0x4 
 .text._vfprintf_r
                0x00000000000042a0     0x1be0 /opt/gcc-arm-none-eabi-9-2020-q2-update/bin/../lib/gcc/arm-none-eabi/9.3.1/../../../../arm-none-eabi/lib/thumb/v7e-m+fp/hard/libc.a(lib_a-vfprintf.o)
                0x00000000000042a0                _vfprintf_r
 .text.__sbprintf
                0x0000000000005e80       0x84 /opt/gcc-arm-none-eabi-9-2020-q2-update/bin/../lib/gcc/arm-none-eabi/9.3.1/../../../../arm-none-eabi/lib/thumb/v7e-m+fp/hard/libc.a(lib_a-vfprintf.o)
 .text.__swsetup_r
                0x0000000000005f04       0xd0 /opt/gcc-arm-none-eabi-9-2020-q2-update/bin/../lib/gcc/arm-none-eabi/9.3.1/../../../../arm-none-eabi/lib/thumb/v7e-m+fp/hard/libc.a(lib_a-wsetup.o)
                0x0000000000005f04                __swsetup_r
 .text.startup.register_fini
                0x0000000000005fd4       0x14 /opt/gcc-arm-none-eabi-9-2020-q2-update/bin/../lib/gcc/arm-none-eabi/9.3.1/../../../../arm-none-eabi/lib/thumb/v7e-m+fp/hard/libc.a(lib_a-__call_atexit.o)
 .text.__call_exitprocs
                0x0000000000005fe8       0xcc /opt/gcc-arm-none-eabi-9-2020-q2-update/bin/../lib/gcc/arm-none-eabi/9.3.1/../../../../arm-none-eabi/lib/thumb/v7e-m+fp/hard/libc.a(lib_a-__call_atexit.o)
                0x0000000000005fe8                __call_exitprocs
 .text.atexit   0x00000000000060b4        0xc /opt/gcc-arm-none-eabi-9-2020-q2-update/bin/../lib/gcc/arm-none-eabi/9.3.1/../../../../arm-none-eabi/lib/thumb/v7e-m+fp/hard/libc.a(lib_a-atexit.o)
                0x00000000000060b4                atexit
 .text.quorem   0x00000000000060c0      0x11c /opt/gcc-arm-none-eabi-9-2020-q2-update/bin/../lib/gcc/arm-none-eabi/9.3.1/../../../../arm-none-eabi/lib/thumb/v7e-m+fp/hard/libc.a(lib_a-dtoa.o)
 *fill*         0x00000000000061dc        0x4 
 .text._dtoa_r  0x00000000000061e0      0xf44 /opt/gcc-arm-none-eabi-9-2020-q2-update/bin/../lib/gcc/arm-none-eabi/9.3.1/../../../../arm-none-eabi/lib/thumb/v7e-m+fp/hard/libc.a(lib_a-dtoa.o)
                0x00000000000061e0                _dtoa_r
 .text.__sflush_r
                0x0000000000007124      0x130 /opt/gcc-arm-none-eabi-9-2020-q2-update/bin/../lib/gcc/arm-none-eabi/9.3.1/../../../../arm-none-eabi/lib/thumb/v7e-m+fp/hard/libc.a(lib_a-fflush.o)
                0x0000000000007124                __sflush_r
 .text._fflush_r
                0x0000000000007254       0x5c /opt/gcc-arm-none-eabi-9-2020-q2-update/bin/../lib/gcc/arm-none-eabi/9.3.1/../../../../arm-none-eabi/lib/thumb/v7e-m+fp/hard/libc.a(lib_a-fflush.o)
                0x0000000000007254                _fflush_r
 .text.std      0x00000000000072b0       0x50 /opt/gcc-arm-none-eabi-9-2020-q2-update/bin/../lib/gcc/arm-none-eabi/9.3.1/../../../../arm-none-eabi/lib/thumb/v7e-m+fp/hard/libc.a(lib_a-findfp.o)
 .text._cleanup_r
                0x0000000000007300        0xc /opt/gcc-arm-none-eabi-9-2020-q2-update/bin/../lib/gcc/arm-none-eabi/9.3.1/../../../../arm-none-eabi/lib/thumb/v7e-m+fp/hard/libc.a(lib_a-findfp.o)
                0x0000000000007300                _cleanup_r
 .text.__sinit  0x000000000000730c       0x54 /opt/gcc-arm-none-eabi-9-2020-q2-update/bin/../lib/gcc/arm-none-eabi/9.3.1/../../../../arm-none-eabi/lib/thumb/v7e-m+fp/hard/libc.a(lib_a-findfp.o)
                0x000000000000730c                __sinit
 .text.__sfp_lock_acquire
                0x0000000000007360        0xc /opt/gcc-arm-none-eabi-9-2020-q2-update/bin/../lib/gcc/arm-none-eabi/9.3.1/../../../../arm-none-eabi/lib/thumb/v7e-m+fp/hard/libc.a(lib_a-findfp.o)
                0x0000000000007360                __sfp_lock_acquire
 .text.__sfp_lock_release
                0x000000000000736c        0xc /opt/gcc-arm-none-eabi-9-2020-q2-update/bin/../lib/gcc/arm-none-eabi/9.3.1/../../../../arm-none-eabi/lib/thumb/v7e-m+fp/hard/libc.a(lib_a-findfp.o)
                0x000000000000736c                __sfp_lock_release
 .text.__libc_fini_array
                0x0000000000007378       0x2c /opt/gcc-arm-none-eabi-9-2020-q2-update/bin/../lib/gcc/arm-none-eabi/9.3.1/../../../../arm-none-eabi/lib/thumb/v7e-m+fp/hard/libc.a(lib_a-fini.o)
                0x0000000000007378                __libc_fini_array
 .text._malloc_trim_r
                0x00000000000073a4       0xa0 /opt/gcc-arm-none-eabi-9-2020-q2-update/bin/../lib/gcc/arm-none-eabi/9.3.1/../../../../arm-none-eabi/lib/thumb/v7e-m+fp/hard/libc.a(lib_a-freer.o)
                0x00000000000073a4                _malloc_trim_r
 .text._free_r  0x0000000000007444      0x208 /opt/gcc-arm-none-eabi-9-2020-q2-update/bin/../lib/gcc/arm-none-eabi/9.3.1/../../../../arm-none-eabi/lib/thumb/v7e-m+fp/hard/libc.a(lib_a-freer.o)
                0x0000000000007444                _free_r
 .text._fwalk_reent
                0x000000000000764c       0x48 /opt/gcc-arm-none-eabi-9-2020-q2-update/bin/../lib/gcc/arm-none-eabi/9.3.1/../../../../arm-none-eabi/lib/thumb/v7e-m+fp/hard/libc.a(lib_a-fwalk.o)
                0x000000000000764c                _fwalk_reent
 .text._localeconv_r
                0x0000000000007694        0x8 /opt/gcc-arm-none-eabi-9-2020-q2-update/bin/../lib/gcc/arm-none-eabi/9.3.1/../../../../arm-none-eabi/lib/thumb/v7e-m+fp/hard/libc.a(lib_a-localeconv.o)
                0x0000000000007694                _localeconv_r
 .text.__retarget_lock_init_recursive
                0x000000000000769c        0x4 /opt/gcc-arm-none-eabi-9-2020-q2-update/bin/../lib/gcc/arm-none-eabi/9.3.1/../../../../arm-none-eabi/lib/thumb/v7e-m+fp/hard/libc.a(lib_a-lock.o)
                0x000000000000769c                __retarget_lock_init_recursive
 .text.__retarget_lock_close_recursive
                0x00000000000076a0        0x4 /opt/gcc-arm-none-eabi-9-2020-q2-update/bin/../lib/gcc/arm-none-eabi/9.3.1/../../../../arm-none-eabi/lib/thumb/v7e-m+fp/hard/libc.a(lib_a-lock.o)
                0x00000000000076a0                __retarget_lock_close_recursive
 .text.__retarget_lock_acquire_recursive
                0x00000000000076a4        0x4 /opt/gcc-arm-none-eabi-9-2020-q2-update/bin/../lib/gcc/arm-none-eabi/9.3.1/../../../../arm-none-eabi/lib/thumb/v7e-m+fp/hard/libc.a(lib_a-lock.o)
                0x00000000000076a4                __retarget_lock_acquire_recursive
 .text.__retarget_lock_release_recursive
                0x00000000000076a8        0x4 /opt/gcc-arm-none-eabi-9-2020-q2-update/bin/../lib/gcc/arm-none-eabi/9.3.1/../../../../arm-none-eabi/lib/thumb/v7e-m+fp/hard/libc.a(lib_a-lock.o)
                0x00000000000076a8                __retarget_lock_release_recursive
 .text.__swhatbuf_r
                0x00000000000076ac       0x5c /opt/gcc-arm-none-eabi-9-2020-q2-update/bin/../lib/gcc/arm-none-eabi/9.3.1/../../../../arm-none-eabi/lib/thumb/v7e-m+fp/hard/libc.a(lib_a-makebuf.o)
                0x00000000000076ac                __swhatbuf_r
 .text.__smakebuf_r
                0x0000000000007708       0x98 /opt/gcc-arm-none-eabi-9-2020-q2-update/bin/../lib/gcc/arm-none-eabi/9.3.1/../../../../arm-none-eabi/lib/thumb/v7e-m+fp/hard/libc.a(lib_a-makebuf.o)
                0x0000000000007708                __smakebuf_r
 .text          0x00000000000077a0       0xa0 /opt/gcc-arm-none-eabi-9-2020-q2-update/bin/../lib/gcc/arm-none-eabi/9.3.1/../../../../arm-none-eabi/lib/thumb/v7e-m+fp/hard/libc.a(lib_a-memchr.o)
                0x00000000000077a0                memchr
 .text._Balloc  0x0000000000007840       0x4c /opt/gcc-arm-none-eabi-9-2020-q2-update/bin/../lib/gcc/arm-none-eabi/9.3.1/../../../../arm-none-eabi/lib/thumb/v7e-m+fp/hard/libc.a(lib_a-mprec.o)
                0x0000000000007840                _Balloc
 .text._Bfree   0x000000000000788c       0x14 /opt/gcc-arm-none-eabi-9-2020-q2-update/bin/../lib/gcc/arm-none-eabi/9.3.1/../../../../arm-none-eabi/lib/thumb/v7e-m+fp/hard/libc.a(lib_a-mprec.o)
                0x000000000000788c                _Bfree
 .text.__multadd
                0x00000000000078a0       0xac /opt/gcc-arm-none-eabi-9-2020-q2-update/bin/../lib/gcc/arm-none-eabi/9.3.1/../../../../arm-none-eabi/lib/thumb/v7e-m+fp/hard/libc.a(lib_a-mprec.o)
                0x00000000000078a0                __multadd
 .text.__hi0bits
                0x000000000000794c       0x40 /opt/gcc-arm-none-eabi-9-2020-q2-update/bin/../lib/gcc/arm-none-eabi/9.3.1/../../../../arm-none-eabi/lib/thumb/v7e-m+fp/hard/libc.a(lib_a-mprec.o)
                0x000000000000794c                __hi0bits
 .text.__lo0bits
                0x000000000000798c       0x60 /opt/gcc-arm-none-eabi-9-2020-q2-update/bin/../lib/gcc/arm-none-eabi/9.3.1/../../../../arm-none-eabi/lib/thumb/v7e-m+fp/hard/libc.a(lib_a-mprec.o)
                0x000000000000798c                __lo0bits
 .text.__i2b    0x00000000000079ec       0x2c /opt/gcc-arm-none-eabi-9-2020-q2-update/bin/../lib/gcc/arm-none-eabi/9.3.1/../../../../arm-none-eabi/lib/thumb/v7e-m+fp/hard/libc.a(lib_a-mprec.o)
                0x00000000000079ec                __i2b
 .text.__multiply
                0x0000000000007a18      0x160 /opt/gcc-arm-none-eabi-9-2020-q2-update/bin/../lib/gcc/arm-none-eabi/9.3.1/../../../../arm-none-eabi/lib/thumb/v7e-m+fp/hard/libc.a(lib_a-mprec.o)
                0x0000000000007a18                __multiply
 .text.__pow5mult
                0x0000000000007b78       0x98 /opt/gcc-arm-none-eabi-9-2020-q2-update/bin/../lib/gcc/arm-none-eabi/9.3.1/../../../../arm-none-eabi/lib/thumb/v7e-m+fp/hard/libc.a(lib_a-mprec.o)
                0x0000000000007b78                __pow5mult
 .text.__lshift
                0x0000000000007c10       0xe8 /opt/gcc-arm-none-eabi-9-2020-q2-update/bin/../lib/gcc/arm-none-eabi/9.3.1/../../../../arm-none-eabi/lib/thumb/v7e-m+fp/hard/libc.a(lib_a-mprec.o)
                0x0000000000007c10                __lshift
 .text.__mcmp   0x0000000000007cf8       0x3c /opt/gcc-arm-none-eabi-9-2020-q2-update/bin/../lib/gcc/arm-none-eabi/9.3.1/../../../../arm-none-eabi/lib/thumb/v7e-m+fp/hard/libc.a(lib_a-mprec.o)
                0x0000000000007cf8                __mcmp
 .text.__mdiff  0x0000000000007d34      0x148 /opt/gcc-arm-none-eabi-9-2020-q2-update/bin/../lib/gcc/arm-none-eabi/9.3.1/../../../../arm-none-eabi/lib/thumb/v7e-m+fp/hard/libc.a(lib_a-mprec.o)
                0x0000000000007d34                __mdiff
 .text.__d2b    0x0000000000007e7c       0xd0 /opt/gcc-arm-none-eabi-9-2020-q2-update/bin/../lib/gcc/arm-none-eabi/9.3.1/../../../../arm-none-eabi/lib/thumb/v7e-m+fp/hard/libc.a(lib_a-mprec.o)
                0x0000000000007e7c                __d2b
 .text.frexp    0x0000000000007f4c       0x6c /opt/gcc-arm-none-eabi-9-2020-q2-update/bin/../lib/gcc/arm-none-eabi/9.3.1/../../../../arm-none-eabi/lib/thumb/v7e-m+fp/hard/libc.a(lib_a-s_frexp.o)
                0x0000000000007f4c                frexp
 .text.__sread  0x0000000000007fb8       0x24 /opt/gcc-arm-none-eabi-9-2020-q2-update/bin/../lib/gcc/arm-none-eabi/9.3.1/../../../../arm-none-eabi/lib/thumb/v7e-m+fp/hard/libc.a(lib_a-stdio.o)
                0x0000000000007fb8                __sread
 .text.__swrite
                0x0000000000007fdc       0x40 /opt/gcc-arm-none-eabi-9-2020-q2-update/bin/../lib/gcc/arm-none-eabi/9.3.1/../../../../arm-none-eabi/lib/thumb/v7e-m+fp/hard/libc.a(lib_a-stdio.o)
                0x0000000000007fdc                __swrite
 .text.__sseek  0x000000000000801c       0x20 /opt/gcc-arm-none-eabi-9-2020-q2-update/bin/../lib/gcc/arm-none-eabi/9.3.1/../../../../arm-none-eabi/lib/thumb/v7e-m+fp/hard/libc.a(lib_a-stdio.o)
                0x000000000000801c                __sseek
 .text.__sclose
                0x000000000000803c        0x8 /opt/gcc-arm-none-eabi-9-2020-q2-update/bin/../lib/gcc/arm-none-eabi/9.3.1/../../../../arm-none-eabi/lib/thumb/v7e-m+fp/hard/libc.a(lib_a-stdio.o)
                0x000000000000803c                __sclose
 .text.strncpy  0x0000000000008044       0x68 /opt/gcc-arm-none-eabi-9-2020-q2-update/bin/../lib/gcc/arm-none-eabi/9.3.1/../../../../arm-none-eabi/lib/thumb/v7e-m+fp/hard/libc.a(lib_a-strncpy.o)
                0x0000000000008044                strncpy
 .text.__sprint_r.part.0
                0x00000000000080ac       0x78 /opt/gcc-arm-none-eabi-9-2020-q2-update/bin/../lib/gcc/arm-none-eabi/9.3.1/../../../../arm-none-eabi/lib/thumb/v7e-m+fp/hard/libc.a(lib_a-vfiprintf.o)
 .text.__sprint_r
                0x0000000000008124       0x18 /opt/gcc-arm-none-eabi-9-2020-q2-update/bin/../lib/gcc/arm-none-eabi/9.3.1/../../../../arm-none-eabi/lib/thumb/v7e-m+fp/hard/libc.a(lib_a-vfiprintf.o)
                0x0000000000008124                __sprint_r
 .text._vfiprintf_r
                0x000000000000813c      0xd4c /opt/gcc-arm-none-eabi-9-2020-q2-update/bin/../lib/gcc/arm-none-eabi/9.3.1/../../../../arm-none-eabi/lib/thumb/v7e-m+fp/hard/libc.a(lib_a-vfiprintf.o)
                0x000000000000813c                _vfiprintf_r
 .text.__sbprintf
                0x0000000000008e88       0x84 /opt/gcc-arm-none-eabi-9-2020-q2-update/bin/../lib/gcc/arm-none-eabi/9.3.1/../../../../arm-none-eabi/lib/thumb/v7e-m+fp/hard/libc.a(lib_a-vfiprintf.o)
 .text._write_r
                0x0000000000008f0c       0x2c /opt/gcc-arm-none-eabi-9-2020-q2-update/bin/../lib/gcc/arm-none-eabi/9.3.1/../../../../arm-none-eabi/lib/thumb/v7e-m+fp/hard/libc.a(lib_a-writer.o)
                0x0000000000008f0c                _write_r
 .text.__register_exitproc
                0x0000000000008f38       0x8c /opt/gcc-arm-none-eabi-9-2020-q2-update/bin/../lib/gcc/arm-none-eabi/9.3.1/../../../../arm-none-eabi/lib/thumb/v7e-m+fp/hard/libc.a(lib_a-__atexit.o)
                0x0000000000008f38                __register_exitproc
 .text.__assert_func
                0x0000000000008fc4       0x3c /opt/gcc-arm-none-eabi-9-2020-q2-update/bin/../lib/gcc/arm-none-eabi/9.3.1/../../../../arm-none-eabi/lib/thumb/v7e-m+fp/hard/libc.a(lib_a-assert.o)
                0x0000000000008fc4                __assert_func
 .text._calloc_r
                0x0000000000009000       0x60 /opt/gcc-arm-none-eabi-9-2020-q2-update/bin/../lib/gcc/arm-none-eabi/9.3.1/../../../../arm-none-eabi/lib/thumb/v7e-m+fp/hard/libc.a(lib_a-callocr.o)
                0x0000000000009000                _calloc_r
 .text._close_r
                0x0000000000009060       0x24 /opt/gcc-arm-none-eabi-9-2020-q2-update/bin/../lib/gcc/arm-none-eabi/9.3.1/../../../../arm-none-eabi/lib/thumb/v7e-m+fp/hard/libc.a(lib_a-closer.o)
                0x0000000000009060                _close_r
 .text._fclose_r
                0x0000000000009084       0xcc /opt/gcc-arm-none-eabi-9-2020-q2-update/bin/../lib/gcc/arm-none-eabi/9.3.1/../../../../arm-none-eabi/lib/thumb/v7e-m+fp/hard/libc.a(lib_a-fclose.o)
                0x0000000000009084                _fclose_r
 .text.fiprintf
                0x0000000000009150       0x28 /opt/gcc-arm-none-eabi-9-2020-q2-update/bin/../lib/gcc/arm-none-eabi/9.3.1/../../../../arm-none-eabi/lib/thumb/v7e-m+fp/hard/libc.a(lib_a-fiprintf.o)
                0x0000000000009150                fiprintf
 .text.__fputwc
                0x0000000000009178       0xa8 /opt/gcc-arm-none-eabi-9-2020-q2-update/bin/../lib/gcc/arm-none-eabi/9.3.1/../../../../arm-none-eabi/lib/thumb/v7e-m+fp/hard/libc.a(lib_a-fputwc.o)
                0x0000000000009178                __fputwc
 .text._fputwc_r
                0x0000000000009220       0x68 /opt/gcc-arm-none-eabi-9-2020-q2-update/bin/../lib/gcc/arm-none-eabi/9.3.1/../../../../arm-none-eabi/lib/thumb/v7e-m+fp/hard/libc.a(lib_a-fputwc.o)
                0x0000000000009220                _fputwc_r
 .text._fstat_r
                0x0000000000009288       0x2c /opt/gcc-arm-none-eabi-9-2020-q2-update/bin/../lib/gcc/arm-none-eabi/9.3.1/../../../../arm-none-eabi/lib/thumb/v7e-m+fp/hard/libc.a(lib_a-fstatr.o)
                0x0000000000009288                _fstat_r
 .text.__sfvwrite_r
                0x00000000000092b4      0x2e0 /opt/gcc-arm-none-eabi-9-2020-q2-update/bin/../lib/gcc/arm-none-eabi/9.3.1/../../../../arm-none-eabi/lib/thumb/v7e-m+fp/hard/libc.a(lib_a-fvwrite.o)
                0x00000000000092b4                __sfvwrite_r
 .text._isatty_r
                0x0000000000009594       0x24 /opt/gcc-arm-none-eabi-9-2020-q2-update/bin/../lib/gcc/arm-none-eabi/9.3.1/../../../../arm-none-eabi/lib/thumb/v7e-m+fp/hard/libc.a(lib_a-isattyr.o)
                0x0000000000009594                _isatty_r
 .text.__locale_mb_cur_max
                0x00000000000095b8        0xc /opt/gcc-arm-none-eabi-9-2020-q2-update/bin/../lib/gcc/arm-none-eabi/9.3.1/../../../../arm-none-eabi/lib/thumb/v7e-m+fp/hard/libc.a(lib_a-locale.o)
                0x00000000000095b8                __locale_mb_cur_max
 .text._lseek_r
                0x00000000000095c4       0x2c /opt/gcc-arm-none-eabi-9-2020-q2-update/bin/../lib/gcc/arm-none-eabi/9.3.1/../../../../arm-none-eabi/lib/thumb/v7e-m+fp/hard/libc.a(lib_a-lseekr.o)
                0x00000000000095c4                _lseek_r
 .text.__ascii_mbtowc
                0x00000000000095f0       0x2c /opt/gcc-arm-none-eabi-9-2020-q2-update/bin/../lib/gcc/arm-none-eabi/9.3.1/../../../../arm-none-eabi/lib/thumb/v7e-m+fp/hard/libc.a(lib_a-mbtowc_r.o)
                0x00000000000095f0                __ascii_mbtowc
 .text.memmove  0x000000000000961c       0xd8 /opt/gcc-arm-none-eabi-9-2020-q2-update/bin/../lib/gcc/arm-none-eabi/9.3.1/../../../../arm-none-eabi/lib/thumb/v7e-m+fp/hard/libc.a(lib_a-memmove.o)
                0x000000000000961c                memmove
 .text._read_r  0x00000000000096f4       0x2c /opt/gcc-arm-none-eabi-9-2020-q2-update/bin/../lib/gcc/arm-none-eabi/9.3.1/../../../../arm-none-eabi/lib/thumb/v7e-m+fp/hard/libc.a(lib_a-readr.o)
                0x00000000000096f4                _read_r
 .text._realloc_r
                0x0000000000009720      0x3e0 /opt/gcc-arm-none-eabi-9-2020-q2-update/bin/../lib/gcc/arm-none-eabi/9.3.1/../../../../arm-none-eabi/lib/thumb/v7e-m+fp/hard/libc.a(lib_a-reallocr.o)
                0x0000000000009720                _realloc_r
 .text.__swbuf_r
                0x0000000000009b00       0xb0 /opt/gcc-arm-none-eabi-9-2020-q2-update/bin/../lib/gcc/arm-none-eabi/9.3.1/../../../../arm-none-eabi/lib/thumb/v7e-m+fp/hard/libc.a(lib_a-wbuf.o)
                0x0000000000009b00                __swbuf_r
 .text._wcrtomb_r
                0x0000000000009bb0       0x3c /opt/gcc-arm-none-eabi-9-2020-q2-update/bin/../lib/gcc/arm-none-eabi/9.3.1/../../../../arm-none-eabi/lib/thumb/v7e-m+fp/hard/libc.a(lib_a-wcrtomb.o)
                0x0000000000009bb0                _wcrtomb_r
 .text.__ascii_wctomb
                0x0000000000009bec       0x1c /opt/gcc-arm-none-eabi-9-2020-q2-update/bin/../lib/gcc/arm-none-eabi/9.3.1/../../../../arm-none-eabi/lib/thumb/v7e-m+fp/hard/libc.a(lib_a-wctomb_r.o)
                0x0000000000009bec                __ascii_wctomb
 .text.abort    0x0000000000009c08       0x10 /opt/gcc-arm-none-eabi-9-2020-q2-update/bin/../lib/gcc/arm-none-eabi/9.3.1/../../../../arm-none-eabi/lib/thumb/v7e-m+fp/hard/libc.a(lib_a-abort.o)
                0x0000000000009c08                abort
 .text._raise_r
                0x0000000000009c18       0x58 /opt/gcc-arm-none-eabi-9-2020-q2-update/bin/../lib/gcc/arm-none-eabi/9.3.1/../../../../arm-none-eabi/lib/thumb/v7e-m+fp/hard/libc.a(lib_a-signal.o)
                0x0000000000009c18                _raise_r
 .text.raise    0x0000000000009c70       0x10 /opt/gcc-arm-none-eabi-9-2020-q2-update/bin/../lib/gcc/arm-none-eabi/9.3.1/../../../../arm-none-eabi/lib/thumb/v7e-m+fp/hard/libc.a(lib_a-signal.o)
                0x0000000000009c70                raise
 .text._kill_r  0x0000000000009c80       0x2c /opt/gcc-arm-none-eabi-9-2020-q2-update/bin/../lib/gcc/arm-none-eabi/9.3.1/../../../../arm-none-eabi/lib/thumb/v7e-m+fp/hard/libc.a(lib_a-signalr.o)
                0x0000000000009c80                _kill_r
 .text._getpid_r
                0x0000000000009cac        0x4 /opt/gcc-arm-none-eabi-9-2020-q2-update/bin/../lib/gcc/arm-none-eabi/9.3.1/../../../../arm-none-eabi/lib/thumb/v7e-m+fp/hard/libc.a(lib_a-signalr.o)
                0x0000000000009cac                _getpid_r
 .text._close   0x0000000000009cb0       0x10 /opt/gcc-arm-none-eabi-9-2020-q2-update/bin/../lib/gcc/arm-none-eabi/9.3.1/../../../../arm-none-eabi/lib/thumb/v7e-m+fp/hard/libnosys.a(close.o)
                0x0000000000009cb0                _close
 .text._fstat   0x0000000000009cc0       0x10 /opt/gcc-arm-none-eabi-9-2020-q2-update/bin/../lib/gcc/arm-none-eabi/9.3.1/../../../../arm-none-eabi/lib/thumb/v7e-m+fp/hard/libnosys.a(fstat.o)
                0x0000000000009cc0                _fstat
 .text._getpid  0x0000000000009cd0       0x10 /opt/gcc-arm-none-eabi-9-2020-q2-update/bin/../lib/gcc/arm-none-eabi/9.3.1/../../../../arm-none-eabi/lib/thumb/v7e-m+fp/hard/libnosys.a(getpid.o)
                0x0000000000009cd0                _getpid
 .text._isatty  0x0000000000009ce0       0x10 /opt/gcc-arm-none-eabi-9-2020-q2-update/bin/../lib/gcc/arm-none-eabi/9.3.1/../../../../arm-none-eabi/lib/thumb/v7e-m+fp/hard/libnosys.a(isatty.o)
                0x0000000000009ce0                _isatty
 .text._kill    0x0000000000009cf0       0x10 /opt/gcc-arm-none-eabi-9-2020-q2-update/bin/../lib/gcc/arm-none-eabi/9.3.1/../../../../arm-none-eabi/lib/thumb/v7e-m+fp/hard/libnosys.a(kill.o)
                0x0000000000009cf0                _kill
 .text._lseek   0x0000000000009d00       0x10 /opt/gcc-arm-none-eabi-9-2020-q2-update/bin/../lib/gcc/arm-none-eabi/9.3.1/../../../../arm-none-eabi/lib/thumb/v7e-m+fp/hard/libnosys.a(lseek.o)
                0x0000000000009d00                _lseek
 .text._sbrk    0x0000000000009d10       0x1c /opt/gcc-arm-none-eabi-9-2020-q2-update/bin/../lib/gcc/arm-none-eabi/9.3.1/../../../../arm-none-eabi/lib/thumb/v7e-m+fp/hard/libnosys.a(sbrk.o)
                0x0000000000009d10                _sbrk
 .text._exit    0x0000000000009d2c        0x4 /opt/gcc-arm-none-eabi-9-2020-q2-update/bin/../lib/gcc/arm-none-eabi/9.3.1/../../../../arm-none-eabi/lib/thumb/v7e-m+fp/hard/libnosys.a(_exit.o)
                0x0000000000009d2c                _exit
 .text          0x0000000000009d30      0x378 /opt/gcc-arm-none-eabi-9-2020-q2-update/bin/../lib/gcc/arm-none-eabi/9.3.1/thumb/v7e-m+fp/hard/libgcc.a(_arm_addsubdf3.o)
                0x0000000000009d30                __aeabi_drsub
                0x0000000000009d38                __aeabi_dsub
                0x0000000000009d38                __subdf3
                0x0000000000009d3c                __adddf3
                0x0000000000009d3c                __aeabi_dadd
                0x0000000000009fb4                __aeabi_ui2d
                0x0000000000009fb4                __floatunsidf
                0x0000000000009fd4                __floatsidf
                0x0000000000009fd4                __aeabi_i2d
                0x0000000000009ff8                __extendsfdf2
                0x0000000000009ff8                __aeabi_f2d
                0x000000000000a03c                __aeabi_ul2d
                0x000000000000a03c                __floatundidf
                0x000000000000a04c                __floatdidf
                0x000000000000a04c                __aeabi_l2d
 .text          0x000000000000a0a8      0x424 /opt/gcc-arm-none-eabi-9-2020-q2-update/bin/../lib/gcc/arm-none-eabi/9.3.1/thumb/v7e-m+fp/hard/libgcc.a(_arm_muldivdf3.o)
                0x000000000000a0a8                __aeabi_dmul
                0x000000000000a0a8                __muldf3
                0x000000000000a2fc                __aeabi_ddiv
                0x000000000000a2fc                __divdf3
 .text          0x000000000000a4cc      0x110 /opt/gcc-arm-none-eabi-9-2020-q2-update/bin/../lib/gcc/arm-none-eabi/9.3.1/thumb/v7e-m+fp/hard/libgcc.a(_arm_cmpdf2.o)
                0x000000000000a4cc                __gtdf2
                0x000000000000a4cc                __gedf2
                0x000000000000a4d4                __ltdf2
                0x000000000000a4d4                __ledf2
                0x000000000000a4dc                __cmpdf2
                0x000000000000a4dc                __eqdf2
                0x000000000000a4dc                __nedf2
                0x000000000000a558                __aeabi_cdrcmple
                0x000000000000a568                __aeabi_cdcmple
                0x000000000000a568                __aeabi_cdcmpeq
                0x000000000000a578                __aeabi_dcmpeq
                0x000000000000a58c                __aeabi_dcmplt
                0x000000000000a5a0                __aeabi_dcmple
                0x000000000000a5b4                __aeabi_dcmpge
                0x000000000000a5c8                __aeabi_dcmpgt
 .text          0x000000000000a5dc       0x2c /opt/gcc-arm-none-eabi-9-2020-q2-update/bin/../lib/gcc/arm-none-eabi/9.3.1/thumb/v7e-m+fp/hard/libgcc.a(_arm_unorddf2.o)
                0x000000000000a5dc                __aeabi_dcmpun
                0x000000000000a5dc                __unorddf2
 .text          0x000000000000a608       0x50 /opt/gcc-arm-none-eabi-9-2020-q2-update/bin/../lib/gcc/arm-none-eabi/9.3.1/thumb/v7e-m+fp/hard/libgcc.a(_arm_fixdfsi.o)
                0x000000000000a608                __fixdfsi
                0x000000000000a608                __aeabi_d2iz
 .text          0x000000000000a658       0x30 /opt/gcc-arm-none-eabi-9-2020-q2-update/bin/../lib/gcc/arm-none-eabi/9.3.1/thumb/v7e-m+fp/hard/libgcc.a(_aeabi_uldivmod.o)
                0x000000000000a658                __aeabi_uldivmod
 .text          0x000000000000a688      0x2c4 /opt/gcc-arm-none-eabi-9-2020-q2-update/bin/../lib/gcc/arm-none-eabi/9.3.1/thumb/v7e-m+fp/hard/libgcc.a(_udivmoddi4.o)
                0x000000000000a688                __udivmoddi4
 .text          0x000000000000a94c        0x4 /opt/gcc-arm-none-eabi-9-2020-q2-update/bin/../lib/gcc/arm-none-eabi/9.3.1/thumb/v7e-m+fp/hard/libgcc.a(_dvmd_tls.o)
                0x000000000000a94c                __aeabi_ldiv0
                0x000000000000a94c                __aeabi_idiv0
 *(.init)
 .init          0x000000000000a950        0x4 /opt/gcc-arm-none-eabi-9-2020-q2-update/bin/../lib/gcc/arm-none-eabi/9.3.1/thumb/v7e-m+fp/hard/crti.o
                0x000000000000a950                _init
 .init          0x000000000000a954        0x8 /opt/gcc-arm-none-eabi-9-2020-q2-update/bin/../lib/gcc/arm-none-eabi/9.3.1/thumb/v7e-m+fp/hard/crtn.o
 *(.fini)
 .fini          0x000000000000a95c        0x4 /opt/gcc-arm-none-eabi-9-2020-q2-update/bin/../lib/gcc/arm-none-eabi/9.3.1/thumb/v7e-m+fp/hard/crti.o
                0x000000000000a95c                _fini
 .fini          0x000000000000a960        0x8 /opt/gcc-arm-none-eabi-9-2020-q2-update/bin/../lib/gcc/arm-none-eabi/9.3.1/thumb/v7e-m+fp/hard/crtn.o
 *crtbegin.o(.ctors)
 *crtbegin?.o(.ctors)
 *(EXCLUDE_FILE(*crtend.o *crtend?.o) .ctors)
 *(SORT_BY_NAME(.ctors.*))
 *(.ctors)
 *crtbegin.o(.dtors)
 *crtbegin?.o(.dtors)
 *(EXCLUDE_FILE(*crtend.o *crtend?.o) .dtors)
 *(SORT_BY_NAME(.dtors.*))
 *(.dtors)
 *(.rodata*)
 .rodata.list_insert_sorted.str1.1
                0x000000000000a968       0x5e _build/virtual_timer_linked_list.o
 *fill*         0x000000000000a9c6        0xa 
 .rodata.delay_machine_code.8590
                0x000000000000a9d0        0x6 _build/virtual_timer_linked_list.o
 .rodata.nrf_gpio_pin_port_decode.str1.1
                0x000000000000a9d6       0x43 _build/main.o
 .rodata.sample_timer_callback.str1.1
                0x000000000000aa19       0x19 _build/main.o
 .rodata.main.str1.1
                0x000000000000aa32       0x10 _build/main.o
 *fill*         0x000000000000aa42        0xe 
 .rodata.delay_machine_code.9123
                0x000000000000aa50        0x6 _build/main.o
 *fill*         0x000000000000aa56        0x2 
 .rodata.sample_timer
                0x000000000000aa58        0x4 _build/main.o
 .rodata.nrf_gpio_pin_port_decode.str1.1
                0x000000000000aa5c       0x43 _build/better_error_handling.o
 .rodata.app_error_fault_handler.str1.1
                0x000000000000aa5c       0x78 _build/better_error_handling.o
 .rodata.LED_COLS
                0x000000000000aad4        0x5 _build/better_error_handling.o
 .rodata.LED_ROWS
                0x000000000000aad9        0x5 _build/better_error_handling.o
 *fill*         0x000000000000aade        0x2 
 .rodata.delay_machine_code.8602
                0x000000000000aae0        0x6 _build/better_error_handling.o
 .rodata.uart_init.constprop.0.str1.1
                0x000000000000aae6       0x62 _build/microbit_nrf_log_backend_uart.o
 .rodata        0x000000000000ab48       0x20 _build/microbit_nrf_log_backend_uart.o
 .rodata.nrf_log_backend_uart_api
                0x000000000000ab68        0xc _build/microbit_nrf_log_backend_uart.o
                0x000000000000ab68                nrf_log_backend_uart_api
 .rodata.called_first.str1.1
                0x000000000000ab74       0x5c _build/microbit_before_startup.o
 .rodata.delay_machine_code.8590
                0x000000000000abd0        0x6 _build/microbit_before_startup.o
 *fill*         0x000000000000abd6        0xa 
 .rodata.delay_machine_code.9248
                0x000000000000abe0        0x6 _build/app_timer.o
 .rodata.app_util_critical_region_enter.str1.1
                0x000000000000abe6       0x55 _build/app_util_platform.o
 .rodata.HardFault_c_handler.str1.1
                0x000000000000ac3b      0x12e _build/hardfault_implementation.o
 .rodata.str1.1
                0x000000000000ad69      0x4c0 _build/hardfault_implementation.o
 *fill*         0x000000000000b229        0x3 
 .rodata.cfsr_msgs.9441
                0x000000000000b22c       0x68 _build/hardfault_implementation.o
 .rodata.nrf_balloc_init.str1.1
                0x000000000000b294       0x50 _build/nrf_balloc.o
 .rodata.nrf_fprintf_buffer_flush.str1.1
                0x000000000000b2e4       0x46 _build/nrf_fprintf.o
 .rodata.nrf_fprintf_fmt.str1.1
                0x000000000000b32a       0x4d _build/nrf_fprintf_format.o
 .rodata._aV2C.7922
                0x000000000000b377       0x10 _build/nrf_fprintf_format.o
 .rodata.nrf_log_default_backends_init.str1.1
                0x000000000000b387       0x5f _build/nrf_log_default_backends.o
 .rodata.str1.1
                0x000000000000b3e6       0x11 _build/nrf_log_default_backends.o
 .rodata.buf_prealloc.str1.1
                0x000000000000b3f7       0x57 _build/nrf_log_frontend.o
 .rodata.nrf_log_frontend_dequeue.str1.1
                0x000000000000b44e       0x11 _build/nrf_log_frontend.o
 .rodata.str1.1
                0x000000000000b45f        0x4 _build/nrf_log_frontend.o
 *fill*         0x000000000000b463        0x1 
 .rodata.m_log_push_ringbuf
                0x000000000000b464        0xc _build/nrf_log_frontend.o
 .rodata.postfix_process.str1.1
                0x000000000000b470        0x8 _build/nrf_log_str_formatter.o
                                          0xb (size before relaxing)
 .rodata.prefix_process.str1.1
                0x000000000000b478       0x2a _build/nrf_log_str_formatter.o
 .rodata.nrf_log_hexdump_entry_process.str1.1
                0x000000000000b4a2        0xf _build/nrf_log_str_formatter.o
                                         0x11 (size before relaxing)
 .rodata.str1.1
                0x000000000000b4b1       0x4b _build/nrf_log_str_formatter.o
                                         0x51 (size before relaxing)
 .rodata.m_colors
                0x000000000000b4fc       0x24 _build/nrf_log_str_formatter.o
 .rodata.severity_names
                0x000000000000b520       0x14 _build/nrf_log_str_formatter.o
 .rodata.str1.1
                0x000000000000b534        0x9 _build/nrf_pwr_mgmt.o
 .rodata.memobj_op.str1.1
                0x000000000000b53d       0x50 _build/nrf_memobj.o
 .rodata.str1.1
                0x000000000000b58d      0x391 _build/nrf_strerror.o
 .rodata.m_unknown_str
                0x000000000000b91e       0x13 _build/nrf_strerror.o
 *fill*         0x000000000000b931        0x3 
 .rodata.nrf_strerror_array
                0x000000000000b934      0x118 _build/nrf_strerror.o
 .rodata.str1.1
                0x000000000000ba4c        0x6 _build/nrf_drv_clock.o
 .rodata.nrf_gpio_pin_port_decode.str1.1
                0x000000000000ba52       0x43 _build/nrfx_gpiote.o
 .rodata.str1.1
                0x000000000000ba52        0x7 _build/nrfx_gpiote.o
 .rodata.UARTE0_UART0_IRQHandler.str1.1
                0x000000000000ba59       0x4f _build/nrfx_prs.o
 .rodata.str1.1
                0x000000000000baa8        0x4 _build/nrfx_prs.o
 .rodata.str1.1
                0x000000000000baac        0x6 _build/nrfx_saadc.o
 .rodata.str1.1
                0x000000000000bab2        0x6 _build/nrfx_timer.o
 .rodata.SPIM0_SPIS0_TWIM0_TWIS0_SPI0_TWI0_IRQHandler.str1.1
                0x000000000000bab8       0x4c _build/nrfx_twim.o
 .rodata.str1.1
                0x000000000000bb04        0x5 _build/nrfx_twim.o
 .rodata.str1.1
                0x000000000000bb09        0x6 _build/nrfx_clock.o
 .rodata.nrf_gpio_pin_port_decode.str1.1
                0x000000000000bb0f       0x43 _build/nrfx_uart.o
 .rodata.nrfx_uart_init.str1.1
                0x000000000000bb0f       0x90 _build/nrfx_uart.o
 .rodata.str1.1
                0x000000000000bb9f        0x5 _build/nrfx_uart.o
 .rodata.nrf_gpio_pin_port_decode.str1.1
                0x000000000000bba4       0x43 _build/nrfx_uarte.o
 .rodata.nrfx_uarte_init.str1.1
                0x000000000000bba4       0x4d _build/nrfx_uarte.o
                                         0x91 (size before relaxing)
 .rodata.str1.1
                0x000000000000bbf1        0x6 _build/nrfx_uarte.o
 .rodata.str1.1
                0x000000000000bbf7        0x4 _build/nrfx_pwm.o
 *fill*         0x000000000000bbfb        0x1 
 .rodata._ctype_
                0x000000000000bbfc      0x101 /opt/gcc-arm-none-eabi-9-2020-q2-update/bin/../lib/gcc/arm-none-eabi/9.3.1/../../../../arm-none-eabi/lib/thumb/v7e-m+fp/hard/libc.a(lib_a-ctype_.o)
                0x000000000000bbfc                _ctype_
 *fill*         0x000000000000bcfd        0x3 
 .rodata._global_impure_ptr
                0x000000000000bd00        0x4 /opt/gcc-arm-none-eabi-9-2020-q2-update/bin/../lib/gcc/arm-none-eabi/9.3.1/../../../../arm-none-eabi/lib/thumb/v7e-m+fp/hard/libc.a(lib_a-impure.o)
                0x000000000000bd00                _global_impure_ptr
 .rodata._vfprintf_r.str1.4
                0x000000000000bd04       0x42 /opt/gcc-arm-none-eabi-9-2020-q2-update/bin/../lib/gcc/arm-none-eabi/9.3.1/../../../../arm-none-eabi/lib/thumb/v7e-m+fp/hard/libc.a(lib_a-vfprintf.o)
 *fill*         0x000000000000bd46        0x2 
 .rodata.blanks.8713
                0x000000000000bd48       0x10 /opt/gcc-arm-none-eabi-9-2020-q2-update/bin/../lib/gcc/arm-none-eabi/9.3.1/../../../../arm-none-eabi/lib/thumb/v7e-m+fp/hard/libc.a(lib_a-vfprintf.o)
 .rodata.zeroes.8714
                0x000000000000bd58       0x10 /opt/gcc-arm-none-eabi-9-2020-q2-update/bin/../lib/gcc/arm-none-eabi/9.3.1/../../../../arm-none-eabi/lib/thumb/v7e-m+fp/hard/libc.a(lib_a-vfprintf.o)
 .rodata._dtoa_r.str1.4
                0x000000000000bd68       0xa0 /opt/gcc-arm-none-eabi-9-2020-q2-update/bin/../lib/gcc/arm-none-eabi/9.3.1/../../../../arm-none-eabi/lib/thumb/v7e-m+fp/hard/libc.a(lib_a-dtoa.o)
                                         0xa4 (size before relaxing)
 .rodata.__multadd.str1.4
                0x000000000000be08       0x7d /opt/gcc-arm-none-eabi-9-2020-q2-update/bin/../lib/gcc/arm-none-eabi/9.3.1/../../../../arm-none-eabi/lib/thumb/v7e-m+fp/hard/libc.a(lib_a-mprec.o)
                                         0x91 (size before relaxing)
 *fill*         0x000000000000be85        0x3 
 .rodata.__mprec_bigtens
                0x000000000000be88       0x28 /opt/gcc-arm-none-eabi-9-2020-q2-update/bin/../lib/gcc/arm-none-eabi/9.3.1/../../../../arm-none-eabi/lib/thumb/v7e-m+fp/hard/libc.a(lib_a-mprec.o)
                0x000000000000be88                __mprec_bigtens
 .rodata.__mprec_tens
                0x000000000000beb0       0xc8 /opt/gcc-arm-none-eabi-9-2020-q2-update/bin/../lib/gcc/arm-none-eabi/9.3.1/../../../../arm-none-eabi/lib/thumb/v7e-m+fp/hard/libc.a(lib_a-mprec.o)
                0x000000000000beb0                __mprec_tens
 .rodata.p05.7485
                0x000000000000bf78        0xc /opt/gcc-arm-none-eabi-9-2020-q2-update/bin/../lib/gcc/arm-none-eabi/9.3.1/../../../../arm-none-eabi/lib/thumb/v7e-m+fp/hard/libc.a(lib_a-mprec.o)
 .rodata._vfiprintf_r.str1.4
                0x000000000000bf84       0x2f /opt/gcc-arm-none-eabi-9-2020-q2-update/bin/../lib/gcc/arm-none-eabi/9.3.1/../../../../arm-none-eabi/lib/thumb/v7e-m+fp/hard/libc.a(lib_a-vfiprintf.o)
 .rodata.blanks.8691
                0x000000000000bf84       0x10 /opt/gcc-arm-none-eabi-9-2020-q2-update/bin/../lib/gcc/arm-none-eabi/9.3.1/../../../../arm-none-eabi/lib/thumb/v7e-m+fp/hard/libc.a(lib_a-vfiprintf.o)
 .rodata.zeroes.8692
                0x000000000000bf94       0x10 /opt/gcc-arm-none-eabi-9-2020-q2-update/bin/../lib/gcc/arm-none-eabi/9.3.1/../../../../arm-none-eabi/lib/thumb/v7e-m+fp/hard/libc.a(lib_a-vfiprintf.o)
 .rodata.__assert_func.str1.4
                0x000000000000bfa4       0x3f /opt/gcc-arm-none-eabi-9-2020-q2-update/bin/../lib/gcc/arm-none-eabi/9.3.1/../../../../arm-none-eabi/lib/thumb/v7e-m+fp/hard/libc.a(lib_a-assert.o)
                                         0x43 (size before relaxing)
 *fill*         0x000000000000bfe3        0x1 
 .rodata._setlocale_r.str1.4
                0x000000000000bfe4        0xa /opt/gcc-arm-none-eabi-9-2020-q2-update/bin/../lib/gcc/arm-none-eabi/9.3.1/../../../../arm-none-eabi/lib/thumb/v7e-m+fp/hard/libc.a(lib_a-locale.o)
                                          0xd (size before relaxing)
 *fill*         0x000000000000bfee        0x2 
 .rodata.str1.4
                0x000000000000bff0        0x2 /opt/gcc-arm-none-eabi-9-2020-q2-update/bin/../lib/gcc/arm-none-eabi/9.3.1/../../../../arm-none-eabi/lib/thumb/v7e-m+fp/hard/libc.a(lib_a-locale.o)
 *(.eh_frame*)
 *fill*         0x000000000000bff2        0x2 
 .eh_frame      0x000000000000bff4        0x0 /opt/gcc-arm-none-eabi-9-2020-q2-update/bin/../lib/gcc/arm-none-eabi/9.3.1/thumb/v7e-m+fp/hard/crtbegin.o
 .eh_frame      0x000000000000bff4        0x4 /opt/gcc-arm-none-eabi-9-2020-q2-update/bin/../lib/gcc/arm-none-eabi/9.3.1/thumb/v7e-m+fp/hard/crtend.o

.glue_7         0x000000000000bff8        0x0
 .glue_7        0x000000000000bff8        0x0 linker stubs

.glue_7t        0x000000000000bff8        0x0
 .glue_7t       0x000000000000bff8        0x0 linker stubs

.vfp11_veneer   0x000000000000bff8        0x0
 .vfp11_veneer  0x000000000000bff8        0x0 linker stubs

.v4_bx          0x000000000000bff8        0x0
 .v4_bx         0x000000000000bff8        0x0 linker stubs

.iplt           0x000000000000bff8        0x0
 .iplt          0x000000000000bff8        0x0 /opt/gcc-arm-none-eabi-9-2020-q2-update/bin/../lib/gcc/arm-none-eabi/9.3.1/thumb/v7e-m+fp/hard/crtbegin.o

.pwr_mgmt_data  0x000000000000bff8        0x0
                0x000000000000bff8                PROVIDE (__start_pwr_mgmt_data = .)
 *(SORT_BY_NAME(.pwr_mgmt_data*))
                0x000000000000bff8                PROVIDE (__stop_pwr_mgmt_data = .)

.log_const_data
                0x000000000000bff8       0x68
                0x000000000000bff8                PROVIDE (__start_log_const_data = .)
 *(SORT_BY_NAME(.log_const_data*))
 .log_const_data_CLOCK
                0x000000000000bff8        0x8 _build/nrfx_clock.o
                0x000000000000bff8                m_nrf_log_CLOCK_logs_data_const
 .log_const_data_GPIOTE
                0x000000000000c000        0x8 _build/nrfx_gpiote.o
                0x000000000000c000                m_nrf_log_GPIOTE_logs_data_const
 .log_const_data_PRS
                0x000000000000c008        0x8 _build/nrfx_prs.o
                0x000000000000c008                m_nrf_log_PRS_logs_data_const
 .log_const_data_PWM
                0x000000000000c010        0x8 _build/nrfx_pwm.o
                0x000000000000c010                m_nrf_log_PWM_logs_data_const
 .log_const_data_SAADC
                0x000000000000c018        0x8 _build/nrfx_saadc.o
                0x000000000000c018                m_nrf_log_SAADC_logs_data_const
 .log_const_data_TIMER
                0x000000000000c020        0x8 _build/nrfx_timer.o
                0x000000000000c020                m_nrf_log_TIMER_logs_data_const
 .log_const_data_TWIM
                0x000000000000c028        0x8 _build/nrfx_twim.o
                0x000000000000c028                m_nrf_log_TWIM_logs_data_const
 .log_const_data_UART
                0x000000000000c030        0x8 _build/nrfx_uart.o
                0x000000000000c030                m_nrf_log_UART_logs_data_const
 .log_const_data_UARTE
                0x000000000000c038        0x8 _build/nrfx_uarte.o
                0x000000000000c038                m_nrf_log_UARTE_logs_data_const
 .log_const_data_app
                0x000000000000c040        0x8 _build/nrf_log_frontend.o
                0x000000000000c040                m_nrf_log_app_logs_data_const
 .log_const_data_clock
                0x000000000000c048        0x8 _build/nrf_drv_clock.o
                0x000000000000c048                m_nrf_log_clock_logs_data_const
 .log_const_data_hardfault
                0x000000000000c050        0x8 _build/hardfault_implementation.o
                0x000000000000c050                m_nrf_log_hardfault_logs_data_const
 .log_const_data_pwr_mgmt
                0x000000000000c058        0x8 _build/nrf_pwr_mgmt.o
                0x000000000000c058                m_nrf_log_pwr_mgmt_logs_data_const
                0x000000000000c060                PROVIDE (__stop_log_const_data = .)

.nrf_balloc     0x000000000000c060       0x14
                [!provide]                        PROVIDE (__start_nrf_balloc = .)
 *(.nrf_balloc)
 .nrf_balloc    0x000000000000c060       0x14 _build/nrf_log_frontend.o
                0x000000000000c060                log_mempool
                [!provide]                        PROVIDE (__stop_nrf_balloc = .)

.log_backends   0x000000000000c074       0x10
 .log_backends  0x000000000000c074       0x10 _build/nrf_log_default_backends.o

.nrf_queue      0x000000000000c084        0x0
                [!provide]                        PROVIDE (__start_nrf_queue = .)
 *(.nrf_queue)
                [!provide]                        PROVIDE (__stop_nrf_queue = .)

.cli_command    0x000000000000c084        0x0
                [!provide]                        PROVIDE (__start_cli_command = .)
 *(.cli_command)
                [!provide]                        PROVIDE (__stop_cli_command = .)

.sdh_stack_observers
                0x000000000000c084        0x0
                [!provide]                        PROVIDE (__start_sdh_stack_observers = .)
 *(SORT_BY_NAME(.sdh_stack_observers*))
                [!provide]                        PROVIDE (__stop_sdh_stack_observers = .)

.sdh_req_observers
                0x000000000000c084        0x0
                [!provide]                        PROVIDE (__start_sdh_req_observers = .)
 *(SORT_BY_NAME(.sdh_req_observers*))
                [!provide]                        PROVIDE (__stop_sdh_req_observers = .)

.sdh_state_observers
                0x000000000000c084        0x0
                [!provide]                        PROVIDE (__start_sdh_state_observers = .)
 *(SORT_BY_NAME(.sdh_state_observers*))
                [!provide]                        PROVIDE (__stop_sdh_state_observers = .)

.sdh_ant_observers
                0x000000000000c084        0x0
                [!provide]                        PROVIDE (__start_sdh_ant_observers = .)
 *(SORT_BY_NAME(.sdh_ant_observers*))
                [!provide]                        PROVIDE (__stop_sdh_ant_observers = .)

.sdh_ble_observers
                0x000000000000c084        0x0
                [!provide]                        PROVIDE (__start_sdh_ble_observers = .)
 *(SORT_BY_NAME(.sdh_ble_observers*))
                [!provide]                        PROVIDE (__stop_sdh_ble_observers = .)

.sdh_soc_observers
                0x000000000000c084        0x0
                [!provide]                        PROVIDE (__start_sdh_soc_observers = .)
 *(SORT_BY_NAME(.sdh_soc_observers*))
                [!provide]                        PROVIDE (__stop_sdh_soc_observers = .)

.crypto_data    0x000000000000c084        0x0
                [!provide]                        PROVIDE (__start_crypto_data = .)
 *(SORT_BY_NAME(.crypto_data*))
                [!provide]                        PROVIDE (__stop_crypto_data = .)

.ARM.extab
 *(.ARM.extab* .gnu.linkonce.armextab.*)
                0x000000000000c084                __exidx_start = .

.ARM.exidx      0x000000000000c084        0x8
 *(.ARM.exidx* .gnu.linkonce.armexidx.*)
 .ARM.exidx     0x000000000000c084        0x8 /opt/gcc-arm-none-eabi-9-2020-q2-update/bin/../lib/gcc/arm-none-eabi/9.3.1/../../../../arm-none-eabi/lib/thumb/v7e-m+fp/hard/crt0.o
                                         0x10 (size before relaxing)
 .ARM.exidx     0x000000000000c08c        0x0 /opt/gcc-arm-none-eabi-9-2020-q2-update/bin/../lib/gcc/arm-none-eabi/9.3.1/thumb/v7e-m+fp/hard/libgcc.a(_udivmoddi4.o)
                                          0x8 (size before relaxing)
                0x000000000000c08c                __exidx_end = .
                0x000000000000c08c                __etext = .

.rel.dyn        0x000000000000c08c        0x0
 .rel.iplt      0x000000000000c08c        0x0 /opt/gcc-arm-none-eabi-9-2020-q2-update/bin/../lib/gcc/arm-none-eabi/9.3.1/thumb/v7e-m+fp/hard/crtbegin.o

.data           0x0000000020000000      0x9e0 load address 0x000000000000c08c
                0x0000000020000000                __data_start__ = .
 *(vtable)
 *(.data*)
 .data.m_uart   0x0000000020000000       0x14 _build/microbit_nrf_log_backend_uart.o
                0x0000000020000000                m_uart
 .data.log_backend_cb_uart_log_backend
                0x0000000020000014        0x8 _build/nrf_log_default_backends.o
 .data.SystemCoreClock
                0x000000002000001c        0x4 _build/system_nrf52833.o
                0x000000002000001c                SystemCoreClock
 .data._impure_ptr
                0x0000000020000020        0x4 /opt/gcc-arm-none-eabi-9-2020-q2-update/bin/../lib/gcc/arm-none-eabi/9.3.1/../../../../arm-none-eabi/lib/thumb/v7e-m+fp/hard/libc.a(lib_a-impure.o)
                0x0000000020000020                _impure_ptr
 *fill*         0x0000000020000024        0x4 
 .data.impure_data
                0x0000000020000028      0x428 /opt/gcc-arm-none-eabi-9-2020-q2-update/bin/../lib/gcc/arm-none-eabi/9.3.1/../../../../arm-none-eabi/lib/thumb/v7e-m+fp/hard/libc.a(lib_a-impure.o)
 .data.__malloc_av_
                0x0000000020000450      0x408 /opt/gcc-arm-none-eabi-9-2020-q2-update/bin/../lib/gcc/arm-none-eabi/9.3.1/../../../../arm-none-eabi/lib/thumb/v7e-m+fp/hard/libc.a(lib_a-mallocr.o)
                0x0000000020000450                __malloc_av_
 .data.__malloc_sbrk_base
                0x0000000020000858        0x4 /opt/gcc-arm-none-eabi-9-2020-q2-update/bin/../lib/gcc/arm-none-eabi/9.3.1/../../../../arm-none-eabi/lib/thumb/v7e-m+fp/hard/libc.a(lib_a-mallocr.o)
                0x0000000020000858                __malloc_sbrk_base
 .data.__malloc_trim_threshold
                0x000000002000085c        0x4 /opt/gcc-arm-none-eabi-9-2020-q2-update/bin/../lib/gcc/arm-none-eabi/9.3.1/../../../../arm-none-eabi/lib/thumb/v7e-m+fp/hard/libc.a(lib_a-mallocr.o)
                0x000000002000085c                __malloc_trim_threshold
 .data.__atexit_recursive_mutex
                0x0000000020000860        0x4 /opt/gcc-arm-none-eabi-9-2020-q2-update/bin/../lib/gcc/arm-none-eabi/9.3.1/../../../../arm-none-eabi/lib/thumb/v7e-m+fp/hard/libc.a(lib_a-__call_atexit.o)
                0x0000000020000860                __atexit_recursive_mutex
 .data.__global_locale
                0x0000000020000864      0x16c /opt/gcc-arm-none-eabi-9-2020-q2-update/bin/../lib/gcc/arm-none-eabi/9.3.1/../../../../arm-none-eabi/lib/thumb/v7e-m+fp/hard/libc.a(lib_a-locale.o)
                0x0000000020000864                __global_locale
                0x00000000200009d0                . = ALIGN (0x4)
                0x00000000200009d0                PROVIDE (__preinit_array_start = .)
 *(.preinit_array)
                0x00000000200009d0                PROVIDE (__preinit_array_end = .)
                0x00000000200009d0                . = ALIGN (0x4)
                0x00000000200009d0                PROVIDE (__init_array_start = .)
 *(SORT_BY_NAME(.init_array.*))
 .init_array.00000
                0x00000000200009d0        0x4 /opt/gcc-arm-none-eabi-9-2020-q2-update/bin/../lib/gcc/arm-none-eabi/9.3.1/../../../../arm-none-eabi/lib/thumb/v7e-m+fp/hard/libc.a(lib_a-__call_atexit.o)
 *(.init_array)
 .init_array    0x00000000200009d4        0x4 /opt/gcc-arm-none-eabi-9-2020-q2-update/bin/../lib/gcc/arm-none-eabi/9.3.1/thumb/v7e-m+fp/hard/crtbegin.o
 .init_array    0x00000000200009d8        0x4 _build/microbit_before_startup.o
                0x00000000200009dc                PROVIDE (__init_array_end = .)
                0x00000000200009dc                . = ALIGN (0x4)
                0x00000000200009dc                PROVIDE (__fini_array_start = .)
 *(SORT_BY_NAME(.fini_array.*))
 *(.fini_array)
 .fini_array    0x00000000200009dc        0x4 /opt/gcc-arm-none-eabi-9-2020-q2-update/bin/../lib/gcc/arm-none-eabi/9.3.1/thumb/v7e-m+fp/hard/crtbegin.o
                0x00000000200009e0                PROVIDE (__fini_array_end = .)
 *(.jcr*)
                0x00000000200009e0                . = ALIGN (0x4)
                0x00000000200009e0                __data_end__ = .
LOAD /opt/gcc-arm-none-eabi-9-2020-q2-update/bin/../lib/gcc/arm-none-eabi/9.3.1/thumb/v7e-m+fp/hard/crti.o
LOAD /opt/gcc-arm-none-eabi-9-2020-q2-update/bin/../lib/gcc/arm-none-eabi/9.3.1/thumb/v7e-m+fp/hard/crtbegin.o
LOAD /opt/gcc-arm-none-eabi-9-2020-q2-update/bin/../lib/gcc/arm-none-eabi/9.3.1/../../../../arm-none-eabi/lib/thumb/v7e-m+fp/hard/crt0.o
START GROUP
LOAD _build/led_matrix.o
LOAD _build/lsm303agr.o
LOAD _build/virtual_timer_linked_list.o
LOAD _build/font.o
LOAD _build/main.o
LOAD _build/virtual_timer.o
LOAD _build/better_error_handling.o
LOAD _build/microbit_nrf_log_backend_uart.o
LOAD _build/microbit_retarget.o
LOAD _build/microbit_before_startup.o
LOAD _build/app_error_handler_gcc.o
LOAD _build/app_scheduler.o
LOAD _build/app_timer.o
LOAD _build/app_util_platform.o
LOAD _build/hardfault_handler_gcc.o
LOAD _build/hardfault_implementation.o
LOAD _build/nrf_assert.o
LOAD _build/nrf_atomic.o
LOAD _build/nrf_balloc.o
LOAD _build/nrf_drv_twi.o
LOAD _build/nrf_drv_uart.o
LOAD _build/nrf_fprintf.o
LOAD _build/nrf_fprintf_format.o
LOAD _build/nrf_log_backend_rtt.o
LOAD _build/nrf_log_backend_serial.o
LOAD _build/nrf_log_default_backends.o
LOAD _build/nrf_log_frontend.o
LOAD _build/nrf_log_str_formatter.o
LOAD _build/nrf_pwr_mgmt.o
LOAD _build/nrf_memobj.o
LOAD _build/nrf_ringbuf.o
LOAD _build/nrf_section_iter.o
LOAD _build/nrf_serial.o
LOAD _build/nrf_sdh.o
LOAD _build/nrf_strerror.o
LOAD _build/nrf_queue.o
LOAD _build/nrf_drv_clock.o
LOAD _build/nrf_nvmc.o
LOAD _build/nrfx_gpiote.o
LOAD _build/nrfx_ppi.o
LOAD _build/nrfx_prs.o
LOAD _build/nrfx_saadc.o
LOAD _build/nrfx_timer.o
LOAD _build/nrfx_twi.o
LOAD _build/nrfx_twim.o
LOAD _build/nrfx_clock.o
LOAD _build/nrfx_uart.o
LOAD _build/nrfx_uarte.o
LOAD _build/app_fifo.o
LOAD _build/app_uart_fifo.o
LOAD _build/nrf_twi_mngr.o
LOAD _build/nrfx_pwm.o
LOAD _build/system_nrf52833.o
LOAD _build/app_error_weak.o
LOAD _build/gcc_startup_nrf52833.os
LOAD /opt/gcc-arm-none-eabi-9-2020-q2-update/bin/../lib/gcc/arm-none-eabi/9.3.1/../../../../arm-none-eabi/lib/thumb/v7e-m+fp/hard/libc.a
LOAD /opt/gcc-arm-none-eabi-9-2020-q2-update/bin/../lib/gcc/arm-none-eabi/9.3.1/../../../../arm-none-eabi/lib/thumb/v7e-m+fp/hard/libnosys.a
LOAD /opt/gcc-arm-none-eabi-9-2020-q2-update/bin/../lib/gcc/arm-none-eabi/9.3.1/../../../../arm-none-eabi/lib/thumb/v7e-m+fp/hard/libm.a
LOAD /opt/gcc-arm-none-eabi-9-2020-q2-update/bin/../lib/gcc/arm-none-eabi/9.3.1/../../../../arm-none-eabi/lib/thumb/v7e-m+fp/hard/libstdc++.a
END GROUP
START GROUP
LOAD /opt/gcc-arm-none-eabi-9-2020-q2-update/bin/../lib/gcc/arm-none-eabi/9.3.1/thumb/v7e-m+fp/hard/libgcc.a
LOAD /opt/gcc-arm-none-eabi-9-2020-q2-update/bin/../lib/gcc/arm-none-eabi/9.3.1/../../../../arm-none-eabi/lib/thumb/v7e-m+fp/hard/libc.a
END GROUP
LOAD /opt/gcc-arm-none-eabi-9-2020-q2-update/bin/../lib/gcc/arm-none-eabi/9.3.1/thumb/v7e-m+fp/hard/crtend.o
LOAD /opt/gcc-arm-none-eabi-9-2020-q2-update/bin/../lib/gcc/arm-none-eabi/9.3.1/thumb/v7e-m+fp/hard/crtn.o
START GROUP
LOAD /opt/gcc-arm-none-eabi-9-2020-q2-update/bin/../lib/gcc/arm-none-eabi/9.3.1/thumb/v7e-m+fp/hard/libgcc.a
LOAD /opt/gcc-arm-none-eabi-9-2020-q2-update/bin/../lib/gcc/arm-none-eabi/9.3.1/../../../../arm-none-eabi/lib/thumb/v7e-m+fp/hard/libc.a
LOAD /opt/gcc-arm-none-eabi-9-2020-q2-update/bin/../lib/gcc/arm-none-eabi/9.3.1/../../../../arm-none-eabi/lib/thumb/v7e-m+fp/hard/libnosys.a
END GROUP
                0x0000000000001000                FLASH_PAGE_SIZE = 0x1000
                0x0000000000000004                FLASH_DATA_PAGES_USED = 0x4

.igot.plt       0x00000000200009e0        0x0 load address 0x000000000000ca6c
 .igot.plt      0x00000000200009e0        0x0 /opt/gcc-arm-none-eabi-9-2020-q2-update/bin/../lib/gcc/arm-none-eabi/9.3.1/thumb/v7e-m+fp/hard/crtbegin.o
                0x00000000200009e0                . = ALIGN (0x4)

.svc_data       0x00000000200009e0        0x0
                [!provide]                        PROVIDE (__start_svc_data = .)
 *(.svc_data)
                [!provide]                        PROVIDE (__stop_svc_data = .)

.fs_data        0x00000000200009e0        0x0
                [!provide]                        PROVIDE (__start_fs_data = .)
 *(.fs_data)
                [!provide]                        PROVIDE (__stop_fs_data = .)

.log_dynamic_data
                0x00000000200009e0        0x0
                0x00000000200009e0                PROVIDE (__start_log_dynamic_data = .)
 *(SORT_BY_NAME(.log_dynamic_data*))
                [!provide]                        PROVIDE (__stop_log_dynamic_data = .)

.cli_sorted_cmd_ptrs
                0x00000000200009e0        0x0
                [!provide]                        PROVIDE (__start_cli_sorted_cmd_ptrs = .)
 *(.cli_sorted_cmd_ptrs)
                [!provide]                        PROVIDE (__stop_cli_sorted_cmd_ptrs = .)

.bss            0x00000000200009e0      0x8f8 load address 0x000000000000ca6c
                0x00000000200009e0                . = ALIGN (0x4)
                0x00000000200009e0                __bss_start__ = .
 *(.bss*)
 .bss           0x00000000200009e0       0x1c /opt/gcc-arm-none-eabi-9-2020-q2-update/bin/../lib/gcc/arm-none-eabi/9.3.1/thumb/v7e-m+fp/hard/crtbegin.o
 .bss.linked_list
                0x00000000200009fc        0x4 _build/virtual_timer_linked_list.o
 .bss.sample_timer_data
                0x0000000020000a00       0x20 _build/main.o
 .bss.m_async_mode
                0x0000000020000a20        0x1 _build/microbit_nrf_log_backend_uart.o
 .bss.m_string_buff
                0x0000000020000a21       0x40 _build/microbit_nrf_log_backend_uart.o
 .bss.m_xfer_done
                0x0000000020000a61        0x1 _build/microbit_nrf_log_backend_uart.o
 *fill*         0x0000000020000a62        0x2 
 .bss.m_op_queue
                0x0000000020000a64      0x10c _build/app_timer.o
 .bss.m_rtc1_reset
                0x0000000020000b70        0x1 _build/app_timer.o
 .bss.m_rtc1_running
                0x0000000020000b71        0x1 _build/app_timer.o
 *fill*         0x0000000020000b72        0x2 
 .bss.m_ticks_elapsed
                0x0000000020000b74        0x8 _build/app_timer.o
 .bss.m_ticks_elapsed_q_read_ind
                0x0000000020000b7c        0x1 _build/app_timer.o
 .bss.m_ticks_elapsed_q_write_ind
                0x0000000020000b7d        0x1 _build/app_timer.o
 *fill*         0x0000000020000b7e        0x2 
 .bss.m_ticks_latest
                0x0000000020000b80        0x4 _build/app_timer.o
 .bss.mp_timer_id_head
                0x0000000020000b84        0x4 _build/app_timer.o
 .bss.m_in_critical_region
                0x0000000020000b88        0x4 _build/app_util_platform.o
 .bss.m_contexts
                0x0000000020000b8c        0x8 _build/nrf_drv_uart.o
 .bss.m_handlers
                0x0000000020000b94        0x8 _build/nrf_drv_uart.o
 .bss.log_mempool_nrf_balloc_cb
                0x0000000020000b9c        0x8 _build/nrf_log_frontend.o
 .bss.log_mempool_nrf_balloc_pool_mem
                0x0000000020000ba4       0xc0 _build/nrf_log_frontend.o
 .bss.log_mempool_nrf_balloc_pool_stack
                0x0000000020000c64        0x8 _build/nrf_log_frontend.o
 .bss.m_log_data
                0x0000000020000c6c      0x424 _build/nrf_log_frontend.o
 .bss.m_log_push_ringbuf_buf
                0x0000000020001090       0x80 _build/nrf_log_frontend.o
 .bss.m_log_push_ringbuf_cb
                0x0000000020001110       0x18 _build/nrf_log_frontend.o
 .bss.m_cb      0x0000000020001128       0x68 _build/nrfx_gpiote.o
 .bss.m_prs_box_4
                0x0000000020001190        0x8 _build/nrfx_prs.o
 .bss.m_cb      0x0000000020001198       0x30 _build/nrfx_saadc.o
 .bss.m_cb      0x00000000200011c8       0x18 _build/nrfx_timer.o
 .bss.m_cb      0x00000000200011e0       0x34 _build/nrfx_twim.o
 .bss.m_clock_cb
                0x0000000020001214        0x8 _build/nrfx_clock.o
 .bss.m_cb      0x000000002000121c       0x2c _build/nrfx_uart.o
 .bss.m_cb      0x0000000020001248       0x24 _build/nrfx_uarte.o
 .bss.m_cb      0x000000002000126c        0x8 _build/nrfx_pwm.o
 .bss.__malloc_current_mallinfo
                0x0000000020001274       0x28 /opt/gcc-arm-none-eabi-9-2020-q2-update/bin/../lib/gcc/arm-none-eabi/9.3.1/../../../../arm-none-eabi/lib/thumb/v7e-m+fp/hard/libc.a(lib_a-mallocr.o)
                0x0000000020001274                __malloc_current_mallinfo
 .bss.__malloc_max_sbrked_mem
                0x000000002000129c        0x4 /opt/gcc-arm-none-eabi-9-2020-q2-update/bin/../lib/gcc/arm-none-eabi/9.3.1/../../../../arm-none-eabi/lib/thumb/v7e-m+fp/hard/libc.a(lib_a-mallocr.o)
                0x000000002000129c                __malloc_max_sbrked_mem
 .bss.__malloc_max_total_mem
                0x00000000200012a0        0x4 /opt/gcc-arm-none-eabi-9-2020-q2-update/bin/../lib/gcc/arm-none-eabi/9.3.1/../../../../arm-none-eabi/lib/thumb/v7e-m+fp/hard/libc.a(lib_a-mallocr.o)
                0x00000000200012a0                __malloc_max_total_mem
 .bss.__malloc_top_pad
                0x00000000200012a4        0x4 /opt/gcc-arm-none-eabi-9-2020-q2-update/bin/../lib/gcc/arm-none-eabi/9.3.1/../../../../arm-none-eabi/lib/thumb/v7e-m+fp/hard/libc.a(lib_a-mallocr.o)
                0x00000000200012a4                __malloc_top_pad
 .bss.heap_end.5507
                0x00000000200012a8        0x4 /opt/gcc-arm-none-eabi-9-2020-q2-update/bin/../lib/gcc/arm-none-eabi/9.3.1/../../../../arm-none-eabi/lib/thumb/v7e-m+fp/hard/libnosys.a(sbrk.o)
 *(COMMON)
 COMMON         0x00000000200012ac        0x2 _build/nrf_drv_uart.o
                0x00000000200012ac                nrf_drv_uart_use_easy_dma
 *fill*         0x00000000200012ae        0x2 
 COMMON         0x00000000200012b0       0x21 /opt/gcc-arm-none-eabi-9-2020-q2-update/bin/../lib/gcc/arm-none-eabi/9.3.1/../../../../arm-none-eabi/lib/thumb/v7e-m+fp/hard/libc.a(lib_a-lock.o)
                0x00000000200012b0                __lock___atexit_recursive_mutex
                0x00000000200012b4                __lock___arc4random_mutex
                0x00000000200012b8                __lock___env_recursive_mutex
                0x00000000200012bc                __lock___sinit_recursive_mutex
                0x00000000200012c0                __lock___malloc_recursive_mutex
                0x00000000200012c4                __lock___at_quick_exit_mutex
                0x00000000200012c8                __lock___dd_hash_mutex
                0x00000000200012cc                __lock___tz_mutex
                0x00000000200012d0                __lock___sfp_recursive_mutex
 *fill*         0x00000000200012d1        0x3 
 COMMON         0x00000000200012d4        0x4 /opt/gcc-arm-none-eabi-9-2020-q2-update/bin/../lib/gcc/arm-none-eabi/9.3.1/../../../../arm-none-eabi/lib/thumb/v7e-m+fp/hard/libc.a(lib_a-reent.o)
                0x00000000200012d4                errno
                0x00000000200012d8                . = ALIGN (0x4)
                0x00000000200012d8                __bss_end__ = .

.heap           0x00000000200012d8     0x2000
                0x00000000200012d8                __HeapBase = .
                0x00000000200012d8                __end__ = .
                0x00000000200012d8                PROVIDE (end = .)
 *(.heap*)
 .heap          0x00000000200012d8     0x2000 _build/gcc_startup_nrf52833.os
                0x00000000200032d8                __HeapLimit = .

.stack_dummy    0x00000000200012d8     0x2000
 *(.stack*)
 .stack         0x00000000200012d8     0x2000 _build/gcc_startup_nrf52833.os
                0x0000000020020000                __StackTop = (ORIGIN (RAM) + LENGTH (RAM))
                0x000000002001e000                __StackLimit = (__StackTop - SIZEOF (.stack_dummy))
                0x0000000020020000                PROVIDE (__stack = __StackTop)
                0x0000000000000001                ASSERT ((__StackLimit >= __HeapLimit), region RAM overflowed with stack)
                0x00000000000009e0                DataInitFlashUsed = (__bss_start__ - __data_start__)
                0x000000000000c08c                CodeFlashUsed = (__etext - ORIGIN (FLASH))
                0x000000000000ca6c                TotalFlashUsed = (CodeFlashUsed + DataInitFlashUsed)
                0x0000000000000001                ASSERT ((TotalFlashUsed <= LENGTH (FLASH)), region FLASH overflowed with .data and user data)
OUTPUT(_build/Final_Project_Team_Four_sdk16_blank.elf elf32-littlearm)
LOAD linker stubs

.ARM.attributes
                0x0000000000000000       0x30
 .ARM.attributes
                0x0000000000000000       0x1e /opt/gcc-arm-none-eabi-9-2020-q2-update/bin/../lib/gcc/arm-none-eabi/9.3.1/thumb/v7e-m+fp/hard/crti.o
 .ARM.attributes
                0x000000000000001e       0x34 /opt/gcc-arm-none-eabi-9-2020-q2-update/bin/../lib/gcc/arm-none-eabi/9.3.1/thumb/v7e-m+fp/hard/crtbegin.o
 .ARM.attributes
                0x0000000000000052       0x1c /opt/gcc-arm-none-eabi-9-2020-q2-update/bin/../lib/gcc/arm-none-eabi/9.3.1/../../../../arm-none-eabi/lib/thumb/v7e-m+fp/hard/crt0.o
 .ARM.attributes
                0x000000000000006e       0x34 _build/virtual_timer_linked_list.o
 .ARM.attributes
                0x00000000000000a2       0x34 _build/main.o
 .ARM.attributes
                0x00000000000000d6       0x34 _build/virtual_timer.o
 .ARM.attributes
                0x000000000000010a       0x34 _build/better_error_handling.o
 .ARM.attributes
                0x000000000000013e       0x34 _build/microbit_nrf_log_backend_uart.o
 .ARM.attributes
                0x0000000000000172       0x34 _build/microbit_retarget.o
 .ARM.attributes
                0x00000000000001a6       0x34 _build/microbit_before_startup.o
 .ARM.attributes
                0x00000000000001da       0x34 _build/app_error_handler_gcc.o
 .ARM.attributes
                0x000000000000020e       0x34 _build/app_timer.o
 .ARM.attributes
                0x0000000000000242       0x34 _build/app_util_platform.o
 .ARM.attributes
                0x0000000000000276       0x34 _build/hardfault_handler_gcc.o
 .ARM.attributes
                0x00000000000002aa       0x34 _build/hardfault_implementation.o
 .ARM.attributes
                0x00000000000002de       0x34 _build/nrf_assert.o
 .ARM.attributes
                0x0000000000000312       0x34 _build/nrf_atomic.o
 .ARM.attributes
                0x0000000000000346       0x34 _build/nrf_balloc.o
 .ARM.attributes
                0x000000000000037a       0x34 _build/nrf_drv_uart.o
 .ARM.attributes
                0x00000000000003ae       0x34 _build/nrf_fprintf.o
 .ARM.attributes
                0x00000000000003e2       0x34 _build/nrf_fprintf_format.o
 .ARM.attributes
                0x0000000000000416       0x34 _build/nrf_log_backend_serial.o
 .ARM.attributes
                0x000000000000044a       0x34 _build/nrf_log_default_backends.o
 .ARM.attributes
                0x000000000000047e       0x34 _build/nrf_log_frontend.o
 .ARM.attributes
                0x00000000000004b2       0x34 _build/nrf_log_str_formatter.o
 .ARM.attributes
                0x00000000000004e6       0x34 _build/nrf_pwr_mgmt.o
 .ARM.attributes
                0x000000000000051a       0x34 _build/nrf_memobj.o
 .ARM.attributes
                0x000000000000054e       0x34 _build/nrf_ringbuf.o
 .ARM.attributes
                0x0000000000000582       0x34 _build/nrf_strerror.o
 .ARM.attributes
                0x00000000000005b6       0x34 _build/nrf_drv_clock.o
 .ARM.attributes
                0x00000000000005ea       0x34 _build/nrfx_gpiote.o
 .ARM.attributes
                0x000000000000061e       0x34 _build/nrfx_prs.o
 .ARM.attributes
                0x0000000000000652       0x34 _build/nrfx_saadc.o
 .ARM.attributes
                0x0000000000000686       0x34 _build/nrfx_timer.o
 .ARM.attributes
                0x00000000000006ba       0x34 _build/nrfx_twim.o
 .ARM.attributes
                0x00000000000006ee       0x34 _build/nrfx_clock.o
 .ARM.attributes
                0x0000000000000722       0x34 _build/nrfx_uart.o
 .ARM.attributes
                0x0000000000000756       0x34 _build/nrfx_uarte.o
 .ARM.attributes
                0x000000000000078a       0x34 _build/nrfx_pwm.o
 .ARM.attributes
                0x00000000000007be       0x34 _build/system_nrf52833.o
 .ARM.attributes
                0x00000000000007f2       0x1c _build/gcc_startup_nrf52833.os
 .ARM.attributes
                0x000000000000080e       0x32 /opt/gcc-arm-none-eabi-9-2020-q2-update/bin/../lib/gcc/arm-none-eabi/9.3.1/../../../../arm-none-eabi/lib/thumb/v7e-m+fp/hard/libc.a(lib_a-ctype_.o)
 .ARM.attributes
                0x0000000000000840       0x34 /opt/gcc-arm-none-eabi-9-2020-q2-update/bin/../lib/gcc/arm-none-eabi/9.3.1/../../../../arm-none-eabi/lib/thumb/v7e-m+fp/hard/libc.a(lib_a-exit.o)
 .ARM.attributes
                0x0000000000000874       0x32 /opt/gcc-arm-none-eabi-9-2020-q2-update/bin/../lib/gcc/arm-none-eabi/9.3.1/../../../../arm-none-eabi/lib/thumb/v7e-m+fp/hard/libc.a(lib_a-impure.o)
 .ARM.attributes
                0x00000000000008a6       0x34 /opt/gcc-arm-none-eabi-9-2020-q2-update/bin/../lib/gcc/arm-none-eabi/9.3.1/../../../../arm-none-eabi/lib/thumb/v7e-m+fp/hard/libc.a(lib_a-init.o)
 .ARM.attributes
                0x00000000000008da       0x34 /opt/gcc-arm-none-eabi-9-2020-q2-update/bin/../lib/gcc/arm-none-eabi/9.3.1/../../../../arm-none-eabi/lib/thumb/v7e-m+fp/hard/libc.a(lib_a-malloc.o)
 .ARM.attributes
                0x000000000000090e       0x34 /opt/gcc-arm-none-eabi-9-2020-q2-update/bin/../lib/gcc/arm-none-eabi/9.3.1/../../../../arm-none-eabi/lib/thumb/v7e-m+fp/hard/libc.a(lib_a-mallocr.o)
 .ARM.attributes
                0x0000000000000942       0x1c /opt/gcc-arm-none-eabi-9-2020-q2-update/bin/../lib/gcc/arm-none-eabi/9.3.1/../../../../arm-none-eabi/lib/thumb/v7e-m+fp/hard/libc.a(lib_a-memcpy.o)
 .ARM.attributes
                0x000000000000095e       0x34 /opt/gcc-arm-none-eabi-9-2020-q2-update/bin/../lib/gcc/arm-none-eabi/9.3.1/../../../../arm-none-eabi/lib/thumb/v7e-m+fp/hard/libc.a(lib_a-memset.o)
 .ARM.attributes