Archive member included to satisfy reference by file (symbol)

/opt/gcc-arm-none-eabi-9-2020-q2-update/bin/../lib/gcc/arm-none-eabi/9.3.1/../../../../arm-none-eabi/lib/thumb/v7e-m+fp/hard/libc.a(lib_a-ctype_.o)
                              _build/nrf_log_str_formatter.o (_ctype_)
/opt/gcc-arm-none-eabi-9-2020-q2-update/bin/../lib/gcc/arm-none-eabi/9.3.1/../../../../arm-none-eabi/lib/thumb/v7e-m+fp/hard/libc.a(lib_a-exit.o)
                              /opt/gcc-arm-none-eabi-9-2020-q2-update/bin/../lib/gcc/arm-none-eabi/9.3.1/../../../../arm-none-eabi/lib/thumb/v7e-m+fp/hard/crt0.o (exit)
/opt/gcc-arm-none-eabi-9-2020-q2-update/bin/../lib/gcc/arm-none-eabi/9.3.1/../../../../arm-none-eabi/lib/thumb/v7e-m+fp/hard/libc.a(lib_a-impure.o)
                              /opt/gcc-arm-none-eabi-9-2020-q2-update/bin/../lib/gcc/arm-none-eabi/9.3.1/../../../../arm-none-eabi/lib/thumb/v7e-m+fp/hard/libc.a(lib_a-exit.o) (_global_impure_ptr)
/opt/gcc-arm-none-eabi-9-2020-q2-update/bin/../lib/gcc/arm-none-eabi/9.3.1/../../../../arm-none-eabi/lib/thumb/v7e-m+fp/hard/libc.a(lib_a-init.o)
                              /opt/gcc-arm-none-eabi-9-2020-q2-update/bin/../lib/gcc/arm-none-eabi/9.3.1/../../../../arm-none-eabi/lib/thumb/v7e-m+fp/hard/crt0.o (__libc_init_array)
/opt/gcc-arm-none-eabi-9-2020-q2-update/bin/../lib/gcc/arm-none-eabi/9.3.1/../../../../arm-none-eabi/lib/thumb/v7e-m+fp/hard/libc.a(lib_a-memcmp.o)
                              _build/nrf_twi_mngr.o (memcmp)
/opt/gcc-arm-none-eabi-9-2020-q2-update/bin/../lib/gcc/arm-none-eabi/9.3.1/../../../../arm-none-eabi/lib/thumb/v7e-m+fp/hard/libc.a(lib_a-memcpy.o)
                              _build/app_scheduler.o (memcpy)
/opt/gcc-arm-none-eabi-9-2020-q2-update/bin/../lib/gcc/arm-none-eabi/9.3.1/../../../../arm-none-eabi/lib/thumb/v7e-m+fp/hard/libc.a(lib_a-memset.o)
                              /opt/gcc-arm-none-eabi-9-2020-q2-update/bin/../lib/gcc/arm-none-eabi/9.3.1/../../../../arm-none-eabi/lib/thumb/v7e-m+fp/hard/crt0.o (memset)
/opt/gcc-arm-none-eabi-9-2020-q2-update/bin/../lib/gcc/arm-none-eabi/9.3.1/../../../../arm-none-eabi/lib/thumb/v7e-m+fp/hard/libc.a(lib_a-printf.o)
                              _build/lsm303agr.o (printf)
/opt/gcc-arm-none-eabi-9-2020-q2-update/bin/../lib/gcc/arm-none-eabi/9.3.1/../../../../arm-none-eabi/lib/thumb/v7e-m+fp/hard/libc.a(lib_a-setbuf.o)
                              _build/microbit_before_startup.o (setbuf)
/opt/gcc-arm-none-eabi-9-2020-q2-update/bin/../lib/gcc/arm-none-eabi/9.3.1/../../../../arm-none-eabi/lib/thumb/v7e-m+fp/hard/libc.a(lib_a-setvbuf.o)
                              /opt/gcc-arm-none-eabi-9-2020-q2-update/bin/../lib/gcc/arm-none-eabi/9.3.1/../../../../arm-none-eabi/lib/thumb/v7e-m+fp/hard/libc.a(lib_a-setbuf.o) (setvbuf)
/opt/gcc-arm-none-eabi-9-2020-q2-update/bin/../lib/gcc/arm-none-eabi/9.3.1/../../../../arm-none-eabi/lib/thumb/v7e-m+fp/hard/libc.a(lib_a-strlen.o)
                              _build/nrf_fprintf_format.o (strlen)
/opt/gcc-arm-none-eabi-9-2020-q2-update/bin/../lib/gcc/arm-none-eabi/9.3.1/../../../../arm-none-eabi/lib/thumb/v7e-m+fp/hard/libc.a(lib_a-vfprintf.o)
                              /opt/gcc-arm-none-eabi-9-2020-q2-update/bin/../lib/gcc/arm-none-eabi/9.3.1/../../../../arm-none-eabi/lib/thumb/v7e-m+fp/hard/libc.a(lib_a-printf.o) (_vfprintf_r)
/opt/gcc-arm-none-eabi-9-2020-q2-update/bin/../lib/gcc/arm-none-eabi/9.3.1/../../../../arm-none-eabi/lib/thumb/v7e-m+fp/hard/libc.a(lib_a-wsetup.o)
                              /opt/gcc-arm-none-eabi-9-2020-q2-update/bin/../lib/gcc/arm-none-eabi/9.3.1/../../../../arm-none-eabi/lib/thumb/v7e-m+fp/hard/libc.a(lib_a-vfprintf.o) (__swsetup_r)
/opt/gcc-arm-none-eabi-9-2020-q2-update/bin/../lib/gcc/arm-none-eabi/9.3.1/../../../../arm-none-eabi/lib/thumb/v7e-m+fp/hard/libc.a(lib_a-__call_atexit.o)
                              /opt/gcc-arm-none-eabi-9-2020-q2-update/bin/../lib/gcc/arm-none-eabi/9.3.1/../../../../arm-none-eabi/lib/thumb/v7e-m+fp/hard/libc.a(lib_a-exit.o) (__call_exitprocs)
/opt/gcc-arm-none-eabi-9-2020-q2-update/bin/../lib/gcc/arm-none-eabi/9.3.1/../../../../arm-none-eabi/lib/thumb/v7e-m+fp/hard/libc.a(lib_a-atexit.o)
                              /opt/gcc-arm-none-eabi-9-2020-q2-update/bin/../lib/gcc/arm-none-eabi/9.3.1/../../../../arm-none-eabi/lib/thumb/v7e-m+fp/hard/libc.a(lib_a-__call_atexit.o) (atexit)
/opt/gcc-arm-none-eabi-9-2020-q2-update/bin/../lib/gcc/arm-none-eabi/9.3.1/../../../../arm-none-eabi/lib/thumb/v7e-m+fp/hard/libc.a(lib_a-dtoa.o)
                              /opt/gcc-arm-none-eabi-9-2020-q2-update/bin/../lib/gcc/arm-none-eabi/9.3.1/../../../../arm-none-eabi/lib/thumb/v7e-m+fp/hard/libc.a(lib_a-vfprintf.o) (_dtoa_r)
/opt/gcc-arm-none-eabi-9-2020-q2-update/bin/../lib/gcc/arm-none-eabi/9.3.1/../../../../arm-none-eabi/lib/thumb/v7e-m+fp/hard/libc.a(lib_a-fflush.o)
[...]
Memory Configuration

Name             Origin             Length             Attributes
FLASH            0x0000000000000000 0x0000000000080000 xr
RAM              0x0000000020000000 0x0000000000020000 xrw
*default*        0x0000000000000000 0xffffffffffffffff

Linker script and memory map

                0x000000000007f000                __stop_ot_flash_data = ((ORIGIN (FLASH) + LENGTH (FLASH)) - FLASH_PAGE_SIZE)
                0x000000000007b000                __start_ot_flash_data = (__stop_ot_flash_data - (FLASH_PAGE_SIZE * FLASH_DATA_PAGES_USED))
                0x0000000000000001                ASSERT ((__start_ot_flash_data >= (__etext + SIZEOF (.data))), Error: Code overlaps flash data area.)

.text           0x0000000000000000     0xd834
 *(.isr_vector)
 .isr_vector    0x0000000000000000      0x200 _build/gcc_startup_nrf52833.os
                0x0000000000000000                __isr_vector
 *(.text*)
 .text          0x0000000000000200       0x40 /opt/gcc-arm-none-eabi-9-2020-q2-update/bin/../lib/gcc/arm-none-eabi/9.3.1/thumb/v7e-m+fp/hard/crtbegin.o
 .text          0x0000000000000240       0x7c /opt/gcc-arm-none-eabi-9-2020-q2-update/bin/../lib/gcc/arm-none-eabi/9.3.1/../../../../arm-none-eabi/lib/thumb/v7e-m+fp/hard/crt0.o
                0x0000000000000240                _stack_init
                0x0000000000000248                _mainCRTStartup
                0x0000000000000248                _start
 .text.i2c_reg_read
                0x00000000000002bc       0x54 _build/lsm303agr.o
 .text.i2c_reg_write
                0x0000000000000310       0x3c _build/lsm303agr.o
 .text.lsm303agr_init
                0x000000000000034c       0xfc _build/lsm303agr.o
                0x000000000000034c                lsm303agr_init
 .text.lsm303agr_read_temperature
                0x0000000000000448       0x34 _build/lsm303agr.o
                0x0000000000000448                lsm303agr_read_temperature
 *fill*         0x000000000000047c        0x4 
 .text.lsm303agr_read_accelerometer
                0x0000000000000480      0x108 _build/lsm303agr.o
                0x0000000000000480                lsm303agr_read_accelerometer
 .text.lsm303agr_read_tilt
                0x0000000000000588      0x1d4 _build/lsm303agr.o
                0x0000000000000588                lsm303agr_read_tilt
 *fill*         0x000000000000075c        0x4 
 .text.lsm303agr_read_magnetometer
                0x0000000000000760       0xe0 _build/lsm303agr.o
                0x0000000000000760                lsm303agr_read_magnetometer
 .text.startup.main
                0x0000000000000840      0x168 _build/main.o
                0x0000000000000840                main
 .text.nrf_gpio_pin_port_decode
                0x00000000000009a8       0x30 _build/better_error_handling.o
 .text.nrf_gpio_pin_clear
                0x00000000000009d8       0x1a _build/better_error_handling.o
 .text.nrf_gpio_pin_set
                0x00000000000009f2       0x1a _build/better_error_handling.o
 .text.nrf_delay_ms.part.0
                0x0000000000000a0c       0x1c _build/better_error_handling.o
 .text.error_blink_pattern
                0x0000000000000a28      0x104 _build/better_error_handling.o
 .text.app_error_fault_handler
                0x0000000000000b2c       0x74 _build/better_error_handling.o
                0x0000000000000b2c                app_error_fault_handler
 .text.HardFault_process
                0x0000000000000ba0        0x6 _build/better_error_handling.o
                0x0000000000000ba0                HardFault_process
 .text.nrf_log_backend_uart_flush
                0x0000000000000ba6        0x2 _build/microbit_nrf_log_backend_uart.o
 .text.nrf_log_backend_uart_put
                0x0000000000000ba8       0x1c _build/microbit_nrf_log_backend_uart.o
 .text.uart_init.constprop.0
                0x0000000000000bc4       0x5c _build/microbit_nrf_log_backend_uart.o
 .text.serial_tx
                0x0000000000000c20       0x50 _build/microbit_nrf_log_backend_uart.o
 .text.nrf_log_backend_uart_panic_set
                0x0000000000000c70       0x2c _build/microbit_nrf_log_backend_uart.o
 .text.nrf_log_backend_uart_init
                0x0000000000000c9c        0x4 _build/microbit_nrf_log_backend_uart.o
                0x0000000000000c9c                nrf_log_backend_uart_init
 .text._write   0x0000000000000ca0       0x2c _build/microbit_retarget.o
                0x0000000000000ca0                _write
 .text._read    0x0000000000000ccc       0x30 _build/microbit_retarget.o
                0x0000000000000ccc                _read
 .text.startup.called_first
                0x0000000000000cfc       0x48 _build/microbit_before_startup.o
                0x0000000000000cfc                called_first
 .text.app_error_handler
                0x0000000000000d44       0x1a _build/app_error_handler_gcc.o
                0x0000000000000d44                app_error_handler
 *fill*         0x0000000000000d5e        0x2 
 .text.nrfx_coredep_delay_us.part.0.constprop.0
                0x0000000000000d60       0x10 _build/app_timer.o
 .text.RTC1_IRQHandler
                0x0000000000000d70       0x9c _build/app_timer.o
                0x0000000000000d70                RTC1_IRQHandler
 .text.SWI0_EGU0_IRQHandler
                0x0000000000000e0c      0x2b8 _build/app_timer.o
                0x0000000000000e0c                SWI0_EGU0_IRQHandler
 .text.app_util_disable_irq
                0x00000000000010c4       0x10 _build/app_util_platform.o
                0x00000000000010c4                app_util_disable_irq
 .text.app_util_enable_irq
                0x00000000000010d4       0x14 _build/app_util_platform.o
                0x00000000000010d4                app_util_enable_irq
 .text.privilege_level_get
                0x00000000000010e8       0x1a _build/app_util_platform.o
                0x00000000000010e8                privilege_level_get
 *fill*         0x0000000000001102        0x2 
 .text.app_util_critical_region_enter
                0x0000000000001104       0x20 _build/app_util_platform.o
                0x0000000000001104                app_util_critical_region_enter
 .text.app_util_critical_region_exit
                0x0000000000001124       0x20 _build/app_util_platform.o
                0x0000000000001124                app_util_critical_region_exit
 .text.HardFault_Handler
                0x0000000000001144       0x34 _build/hardfault_handler_gcc.o
                0x0000000000001144                HardFault_Handler
 .text.HardFault_c_handler
                0x0000000000001178      0x104 _build/hardfault_implementation.o
                0x0000000000001178                HardFault_c_handler
 .text.assert_nrf_callback
                0x000000000000127c       0x1a _build/nrf_assert.o
                0x000000000000127c                assert_nrf_callback
 .text.nrf_atomic_u32_fetch_store
                0x0000000000001296       0x16 _build/nrf_atomic.o
                0x0000000000001296                nrf_atomic_u32_fetch_store
 .text.nrf_atomic_u32_or
                0x00000000000012ac       0x18 _build/nrf_atomic.o
                0x00000000000012ac                nrf_atomic_u32_or
 .text.nrf_atomic_u32_fetch_and
                0x00000000000012c4       0x18 _build/nrf_atomic.o
                0x00000000000012c4                nrf_atomic_u32_fetch_and
 .text.nrf_atomic_u32_add
                0x00000000000012dc       0x18 _build/nrf_atomic.o
                0x00000000000012dc                nrf_atomic_u32_add
 .text.nrf_atomic_u32_sub
                0x00000000000012f4       0x18 _build/nrf_atomic.o
                0x00000000000012f4                nrf_atomic_u32_sub
 .text.nrf_atomic_flag_set
                0x000000000000130c        0x6 _build/nrf_atomic.o
                0x000000000000130c                nrf_atomic_flag_set
 .text.nrf_atomic_flag_clear_fetch
                0x0000000000001312        0x6 _build/nrf_atomic.o
                0x0000000000001312                nrf_atomic_flag_clear_fetch
 .text.nrf_balloc_init
                0x0000000000001318       0x7c _build/nrf_balloc.o
                0x0000000000001318                nrf_balloc_init
 .text.nrf_balloc_alloc
                0x0000000000001394       0x54 _build/nrf_balloc.o
                0x0000000000001394                nrf_balloc_alloc
 .text.nrf_balloc_free
                0x00000000000013e8       0x48 _build/nrf_balloc.o
                0x00000000000013e8                nrf_balloc_free
 .text.twim_evt_handler
                0x0000000000001430       0x40 _build/nrf_drv_twi.o
 .text.nrf_gpio_pin_port_decode
                0x0000000000001470       0x30 _build/nrf_drv_twi.o
 .text.nrf_gpio_pin_set
                0x00000000000014a0       0x1a _build/nrf_drv_twi.o
 *fill*         0x00000000000014ba        0x2 
 .text.nrfx_coredep_delay_us.part.0.constprop.0
                0x00000000000014bc       0x10 _build/nrf_drv_twi.o
 .text.nrf_drv_twi_init
                0x00000000000014cc       0xec _build/nrf_drv_twi.o
                0x00000000000014cc                nrf_drv_twi_init
 .text.uarte_evt_handler
                0x00000000000015b8       0x34 _build/nrf_drv_uart.o
 .text.uart_evt_handler
                0x00000000000015ec       0x34 _build/nrf_drv_uart.o
 .text.nrf_drv_uart_init
                0x0000000000001620       0x7c _build/nrf_drv_uart.o
                0x0000000000001620                nrf_drv_uart_init
 .text.nrf_fprintf_buffer_flush
                0x000000000000169c       0x24 _build/nrf_fprintf.o
                0x000000000000169c                nrf_fprintf_buffer_flush
 .text.nrf_fprintf
                0x00000000000016c0       0x54 _build/nrf_fprintf.o
                0x00000000000016c0                nrf_fprintf
 .text.buffer_add
                0x0000000000001714       0x1e _build/nrf_fprintf_format.o
 *fill*         0x0000000000001732        0x2 
 .text.unsigned_print
                0x0000000000001734       0xb4 _build/nrf_fprintf_format.o
 .text.nrf_fprintf_fmt
                0x00000000000017e8      0x2d8 _build/nrf_fprintf_format.o
                0x00000000000017e8                nrf_fprintf_fmt
 .text.nrf_log_backend_serial_put
                0x0000000000001ac0       0xc2 _build/nrf_log_backend_serial.o
                0x0000000000001ac0                nrf_log_backend_serial_put
 *fill*         0x0000000000001b82        0x2 
 .text.nrf_log_default_backends_init
                0x0000000000001b84       0x30 _build/nrf_log_default_backends.o
                0x0000000000001b84                nrf_log_default_backends_init
 .text.invalid_packets_omit
                0x0000000000001bb4       0x3a _build/nrf_log_frontend.o
 *fill*         0x0000000000001bee        0x2 
 .text.buf_prealloc
                0x0000000000001bf0      0x144 _build/nrf_log_frontend.o
 .text.nrf_log_init
                0x0000000000001d34       0x3c _build/nrf_log_frontend.o
                0x0000000000001d34                nrf_log_init
 .text.nrf_log_module_name_get
                0x0000000000001d70       0x38 _build/nrf_log_frontend.o
                0x0000000000001d70                nrf_log_module_name_get
 .text.nrf_log_color_id_get
                0x0000000000001da8       0x2c _build/nrf_log_frontend.o
                0x0000000000001da8                nrf_log_color_id_get
 .text.buffer_is_empty
                0x0000000000001dd4       0x14 _build/nrf_log_frontend.o
                0x0000000000001dd4                buffer_is_empty
 .text.nrf_log_frontend_dequeue
                0x0000000000001de8      0x218 _build/nrf_log_frontend.o
                0x0000000000001de8                nrf_log_frontend_dequeue
 .text.std_n    0x0000000000002000       0xb8 _build/nrf_log_frontend.o
 .text.nrf_log_frontend_std_0
                0x00000000000020b8        0x8 _build/nrf_log_frontend.o
                0x00000000000020b8                nrf_log_frontend_std_0
 .text.nrf_log_frontend_std_1
                0x00000000000020c0       0x12 _build/nrf_log_frontend.o
                0x00000000000020c0                nrf_log_frontend_std_1
 .text.nrf_log_frontend_std_3
                0x00000000000020d2       0x18 _build/nrf_log_frontend.o
                0x00000000000020d2                nrf_log_frontend_std_3
 .text.nrf_log_frontend_std_4
                0x00000000000020ea       0x1c _build/nrf_log_frontend.o
                0x00000000000020ea                nrf_log_frontend_std_4
 *fill*         0x0000000000002106        0x2 
 .text.nrf_log_backend_add
                0x0000000000002108       0x54 _build/nrf_log_frontend.o
                0x0000000000002108                nrf_log_backend_add
 .text.nrf_log_panic
                0x000000000000215c       0x2c _build/nrf_log_frontend.o
                0x000000000000215c                nrf_log_panic
 .text.postfix_process
                0x0000000000002188       0x44 _build/nrf_log_str_formatter.o
 .text.prefix_process
                0x00000000000021cc       0x7c _build/nrf_log_str_formatter.o
 .text.nrf_log_std_entry_process
                0x0000000000002248       0xc8 _build/nrf_log_str_formatter.o
                0x0000000000002248                nrf_log_std_entry_process
 .text.nrf_log_hexdump_entry_process
                0x0000000000002310       0xbc _build/nrf_log_str_formatter.o
                0x0000000000002310                nrf_log_hexdump_entry_process
 .text.memobj_op
                0x00000000000023cc       0xa8 _build/nrf_memobj.o
 .text.nrf_memobj_pool_init
                0x0000000000002474        0x4 _build/nrf_memobj.o
                0x0000000000002474                nrf_memobj_pool_init
 .text.nrf_memobj_free
                0x0000000000002478       0x2c _build/nrf_memobj.o
                0x0000000000002478                nrf_memobj_free
 .text.nrf_memobj_alloc
                0x00000000000024a4       0x5e _build/nrf_memobj.o
                0x00000000000024a4                nrf_memobj_alloc
 .text.nrf_memobj_get
                0x0000000000002502        0x8 _build/nrf_memobj.o
                0x0000000000002502                nrf_memobj_get
 .text.nrf_memobj_put
                0x000000000000250a       0x1e _build/nrf_memobj.o
                0x000000000000250a                nrf_memobj_put
 .text.nrf_memobj_write
                0x0000000000002528       0x28 _build/nrf_memobj.o
                0x0000000000002528                nrf_memobj_write
 .text.nrf_memobj_read
                0x0000000000002550       0x28 _build/nrf_memobj.o
                0x0000000000002550                nrf_memobj_read
 .text.nrf_ringbuf_init
                0x0000000000002578       0x1c _build/nrf_ringbuf.o
                0x0000000000002578                nrf_ringbuf_init
 .text.nrf_strerror_find
                0x0000000000002594       0x3c _build/nrf_strerror.o
                0x0000000000002594                nrf_strerror_find
 .text.nrf_strerror_get
                0x00000000000025d0       0x14 _build/nrf_strerror.o
                0x00000000000025d0                nrf_strerror_get
 .text.queue_utilization_get
                0x00000000000025e4       0x18 _build/nrf_queue.o
 .text.nrf_queue_next_idx
                0x00000000000025fc       0x20 _build/nrf_queue.o
 .text.nrf_queue_is_full
                0x000000000000261c       0x28 _build/nrf_queue.o
                0x000000000000261c                nrf_queue_is_full
 .text.nrf_queue_push
                0x0000000000002644       0xc0 _build/nrf_queue.o
                0x0000000000002644                nrf_queue_push
 .text.nrf_queue_is_empty
                0x0000000000002704       0x24 _build/nrf_queue.o
                0x0000000000002704                nrf_queue_is_empty
 .text.nrf_queue_generic_pop
                0x0000000000002728       0x9c _build/nrf_queue.o
                0x0000000000002728                nrf_queue_generic_pop
 .text.nrf_gpiote_event_clear
                0x00000000000027c4       0x18 _build/nrfx_gpiote.o
 .text.nrf_gpio_pin_port_decode
                0x00000000000027dc       0x30 _build/nrfx_gpiote.o
 .text.nrf_gpio_cfg_sense_set
                0x000000000000280c       0x2e _build/nrfx_gpiote.o
 *fill*         0x000000000000283a        0x2 
 .text.nrf_gpio_ports_read.constprop.0
                0x000000000000283c       0x18 _build/nrfx_gpiote.o
 .text.GPIOTE_IRQHandler
                0x0000000000002854      0x1a8 _build/nrfx_gpiote.o
                0x0000000000002854                GPIOTE_IRQHandler
 .text.UARTE0_UART0_IRQHandler
                0x00000000000029fc       0x20 _build/nrfx_prs.o
                0x00000000000029fc                UARTE0_UART0_IRQHandler
 .text.nrfx_prs_acquire
                0x0000000000002a1c       0x44 _build/nrfx_prs.o
                0x0000000000002a1c                nrfx_prs_acquire
 .text.nrfx_prs_release
                0x0000000000002a60       0x28 _build/nrfx_prs.o
                0x0000000000002a60                nrfx_prs_release
 .text.nrf_saadc_event_clear
                0x0000000000002a88       0x18 _build/nrfx_saadc.o
 .text.SAADC_IRQHandler
                0x0000000000002aa0      0x160 _build/nrfx_saadc.o
                0x0000000000002aa0                SAADC_IRQHandler
 .text.irq_handler.constprop.0
                0x0000000000002c00       0x4c _build/nrfx_timer.o
 .text.TIMER0_IRQHandler
                0x0000000000002c4c       0x10 _build/nrfx_timer.o
                0x0000000000002c4c                TIMER0_IRQHandler
 .text.TIMER1_IRQHandler
                0x0000000000002c5c       0x10 _build/nrfx_timer.o
                0x0000000000002c5c                TIMER1_IRQHandler
 .text.nrf_twim_event_clear
                0x0000000000002c6c       0x10 _build/nrfx_twim.o
 .text.xfer_completeness_check
                0x0000000000002c7c       0x6c _build/nrfx_twim.o
 .text.nrf_gpio_pin_port_decode
                0x0000000000002ce8       0x30 _build/nrfx_twim.o
 .text.SPIM0_SPIS0_TWIM0_TWIS0_SPI0_TWI0_IRQHandler
                0x0000000000002d18      0x158 _build/nrfx_twim.o
                0x0000000000002d18                SPIM0_SPIS0_TWIM0_TWIS0_SPI0_TWI0_IRQHandler
 .text.nrfx_twim_init
                0x0000000000002e70      0x140 _build/nrfx_twim.o
                0x0000000000002e70                nrfx_twim_init
 .text.nrfx_twim_enable
                0x0000000000002fb0       0x40 _build/nrfx_twim.o
                0x0000000000002fb0                nrfx_twim_enable
 .text.nrfx_twim_disable
                0x0000000000002ff0       0x54 _build/nrfx_twim.o
                0x0000000000002ff0                nrfx_twim_disable
 .text.nrfx_twim_uninit
                0x0000000000003044       0xb4 _build/nrfx_twim.o
                0x0000000000003044                nrfx_twim_uninit
 .text.nrfx_twim_xfer
                0x00000000000030f8      0x330 _build/nrfx_twim.o
                0x00000000000030f8                nrfx_twim_xfer
 .text.POWER_CLOCK_IRQHandler
                0x0000000000003428       0x5c _build/nrfx_clock.o
                0x0000000000003428                POWER_CLOCK_IRQHandler
 .text.nrf_uart_event_clear
                0x0000000000003484       0x10 _build/nrfx_uart.o
 .text.tx_byte  0x0000000000003494       0x1e _build/nrfx_uart.o
 *fill*         0x00000000000034b2        0x2 
 .text.nrf_gpio_pin_port_decode
                0x00000000000034b4       0x30 _build/nrfx_uart.o
 .text.nrf_gpio_cfg_default
                0x00000000000034e4       0x1c _build/nrfx_uart.o
 .text.rx_enable.isra.0
                0x0000000000003500       0x20 _build/nrfx_uart.o
 .text.rx_byte  0x0000000000003520       0x2c _build/nrfx_uart.o
 .text.rx_done_event.constprop.0
                0x000000000000354c       0x20 _build/nrfx_uart.o
 .text.nrfx_uart_0_irq_handler
                0x000000000000356c      0x13c _build/nrfx_uart.o
                0x000000000000356c                nrfx_uart_0_irq_handler
 .text.nrfx_uart_init
                0x00000000000036a8      0x1e4 _build/nrfx_uart.o
                0x00000000000036a8                nrfx_uart_init
 .text.nrfx_uart_uninit
                0x000000000000388c       0xc0 _build/nrfx_uart.o
                0x000000000000388c                nrfx_uart_uninit
 .text.nrfx_uart_tx
                0x000000000000394c       0xe0 _build/nrfx_uart.o
                0x000000000000394c                nrfx_uart_tx
 .text.nrfx_uart_rx
                0x0000000000003a2c      0x130 _build/nrfx_uart.o
                0x0000000000003a2c                nrfx_uart_rx
 .text.nrf_uarte_event_clear
                0x0000000000003b5c       0x10 _build/nrfx_uarte.o
 .text.nrf_gpio_pin_port_decode
                0x0000000000003b6c       0x30 _build/nrfx_uarte.o
 .text.nrf_gpio_cfg_default
                0x0000000000003b9c       0x1c _build/nrfx_uarte.o
 .text.rx_done_event.constprop.0
                0x0000000000003bb8       0x20 _build/nrfx_uarte.o
 .text.nrfx_uarte_0_irq_handler
                0x0000000000003bd8      0x118 _build/nrfx_uarte.o
                0x0000000000003bd8                nrfx_uarte_0_irq_handler
 .text.nrfx_uarte_init
                0x0000000000003cf0      0x1f8 _build/nrfx_uarte.o
                0x0000000000003cf0                nrfx_uarte_init
 .text.nrfx_uarte_uninit
                0x0000000000003ee8       0xec _build/nrfx_uarte.o
                0x0000000000003ee8                nrfx_uarte_uninit
 .text.nrfx_uarte_tx
                0x0000000000003fd4       0xf4 _build/nrfx_uarte.o
                0x0000000000003fd4                nrfx_uarte_tx
 .text.nrfx_uarte_rx
                0x00000000000040c8      0x130 _build/nrfx_uarte.o
                0x00000000000040c8                nrfx_uarte_rx
 .text.internal_transaction_cb
                0x00000000000041f8        0xa _build/nrf_twi_mngr.o
 *fill*         0x0000000000004202        0x2 
 .text.transaction_end_signal
                0x0000000000004204       0x30 _build/nrf_twi_mngr.o
 .text.start_transfer
                0x0000000000004234       0xc4 _build/nrf_twi_mngr.o
 .text.start_pending_transaction
                0x00000000000042f8       0xb0 _build/nrf_twi_mngr.o
 .text.twi_event_handler
                0x00000000000043a8       0x58 _build/nrf_twi_mngr.o
 .text.nrf_twi_mngr_init
                0x0000000000004400       0x78 _build/nrf_twi_mngr.o
                0x0000000000004400                nrf_twi_mngr_init
 .text.nrf_twi_mngr_schedule
                0x0000000000004478       0x60 _build/nrf_twi_mngr.o
                0x0000000000004478                nrf_twi_mngr_schedule
 .text.nrf_twi_mngr_perform
                0x00000000000044d8       0x84 _build/nrf_twi_mngr.o
                0x00000000000044d8                nrf_twi_mngr_perform
 .text.nrf_pwm_event_clear
                0x000000000000455c       0x10 _build/nrfx_pwm.o
 .text.PWM0_IRQHandler
                0x000000000000456c       0x90 _build/nrfx_pwm.o
                0x000000000000456c                PWM0_IRQHandler
 .text.errata_36
                0x00000000000045fc       0x20 _build/system_nrf52833.o
 .text.SystemInit
                0x000000000000461c      0x174 _build/system_nrf52833.o
                0x000000000000461c                SystemInit
 .text          0x0000000000004790       0x3c _build/gcc_startup_nrf52833.os
                0x0000000000004790                Reset_Handler
                0x00000000000047b8                NMI_Handler
                0x00000000000047bc                MemoryManagement_Handler
                0x00000000000047be                BusFault_Handler
                0x00000000000047c0                UsageFault_Handler
                0x00000000000047c2                SVC_Handler
                0x00000000000047c4                DebugMon_Handler
                0x00000000000047c6                PendSV_Handler
                0x00000000000047c8                SysTick_Handler
                0x00000000000047ca                TIMER2_IRQHandler
                0x00000000000047ca                RTC0_IRQHandler
                0x00000000000047ca                SWI2_EGU2_IRQHandler
                0x00000000000047ca                PWM1_IRQHandler
                0x00000000000047ca                RADIO_IRQHandler
                0x00000000000047ca                PDM_IRQHandler
                0x00000000000047ca                TEMP_IRQHandler
                0x00000000000047ca                QDEC_IRQHandler
                0x00000000000047ca                TIMER3_IRQHandler
                0x00000000000047ca                PWM3_IRQHandler
                0x00000000000047ca                FPU_IRQHandler
                0x00000000000047ca                USBD_IRQHandler
                0x00000000000047ca                TIMER4_IRQHandler
                0x00000000000047ca                I2S_IRQHandler
                0x00000000000047ca                SWI4_EGU4_IRQHandler
                0x00000000000047ca                UARTE1_IRQHandler
                0x00000000000047ca                SPIM3_IRQHandler
                0x00000000000047ca                PWM2_IRQHandler
                0x00000000000047ca                ECB_IRQHandler
                0x00000000000047ca                SPIM1_SPIS1_TWIM1_TWIS1_SPI1_TWI1_IRQHandler
                0x00000000000047ca                Default_Handler
                0x00000000000047ca                CCM_AAR_IRQHandler
                0x00000000000047ca                WDT_IRQHandler
                0x00000000000047ca                SWI5_EGU5_IRQHandler
                0x00000000000047ca                RNG_IRQHandler
                0x00000000000047ca                RTC2_IRQHandler
                0x00000000000047ca                SWI3_EGU3_IRQHandler
                0x00000000000047ca                SWI1_EGU1_IRQHandler
                0x00000000000047ca                SPIM2_SPIS2_SPI2_IRQHandler
                0x00000000000047ca                NFCT_IRQHandler
                0x00000000000047ca                MWU_IRQHandler
                0x00000000000047ca                COMP_LPCOMP_IRQHandler
 .text.exit     0x00000000000047cc       0x20 /opt/gcc-arm-none-eabi-9-2020-q2-update/bin/../lib/gcc/arm-none-eabi/9.3.1/../../../../arm-none-eabi/lib/thumb/v7e-m+fp/hard/libc.a(lib_a-exit.o)
                0x00000000000047cc                exit
 .text.__libc_init_array
                0x00000000000047ec       0x48 /opt/gcc-arm-none-eabi-9-2020-q2-update/bin/../lib/gcc/arm-none-eabi/9.3.1/../../../../arm-none-eabi/lib/thumb/v7e-m+fp/hard/libc.a(lib_a-init.o)
                0x00000000000047ec                __libc_init_array
 .text.memcmp   0x0000000000004834       0x60 /opt/gcc-arm-none-eabi-9-2020-q2-update/bin/../lib/gcc/arm-none-eabi/9.3.1/../../../../arm-none-eabi/lib/thumb/v7e-m+fp/hard/libc.a(lib_a-memcmp.o)
                0x0000000000004834                memcmp
 .text          0x0000000000004894      0x134 /opt/gcc-arm-none-eabi-9-2020-q2-update/bin/../lib/gcc/arm-none-eabi/9.3.1/../../../../arm-none-eabi/lib/thumb/v7e-m+fp/hard/libc.a(lib_a-memcpy.o)
                0x0000000000004894                memcpy
 .text.memset   0x00000000000049c8       0xa0 /opt/gcc-arm-none-eabi-9-2020-q2-update/bin/../lib/gcc/arm-none-eabi/9.3.1/../../../../arm-none-eabi/lib/thumb/v7e-m+fp/hard/libc.a(lib_a-memset.o)
                0x00000000000049c8                memset
 .text.printf   0x0000000000004a68       0x28 /opt/gcc-arm-none-eabi-9-2020-q2-update/bin/../lib/gcc/arm-none-eabi/9.3.1/../../../../arm-none-eabi/lib/thumb/v7e-m+fp/hard/libc.a(lib_a-printf.o)
                0x0000000000004a68                printf
 .text.setbuf   0x0000000000004a90       0x10 /opt/gcc-arm-none-eabi-9-2020-q2-update/bin/../lib/gcc/arm-none-eabi/9.3.1/../../../../arm-none-eabi/lib/thumb/v7e-m+fp/hard/libc.a(lib_a-setbuf.o)
                0x0000000000004a90                setbuf
 .text.setvbuf  0x0000000000004aa0      0x1a0 /opt/gcc-arm-none-eabi-9-2020-q2-update/bin/../lib/gcc/arm-none-eabi/9.3.1/../../../../arm-none-eabi/lib/thumb/v7e-m+fp/hard/libc.a(lib_a-setvbuf.o)
                0x0000000000004aa0                setvbuf
 .text          0x0000000000004c40       0xdc /opt/gcc-arm-none-eabi-9-2020-q2-update/bin/../lib/gcc/arm-none-eabi/9.3.1/../../../../arm-none-eabi/lib/thumb/v7e-m+fp/hard/libc.a(lib_a-strlen.o)
                0x0000000000004c40                strlen
 *fill*         0x0000000000004d1c        0x4 
 .text._vfprintf_r
                0x0000000000004d20     0x1be0 /opt/gcc-arm-none-eabi-9-2020-q2-update/bin/../lib/gcc/arm-none-eabi/9.3.1/../../../../arm-none-eabi/lib/thumb/v7e-m+fp/hard/libc.a(lib_a-vfprintf.o)
                0x0000000000004d20                _vfprintf_r
 .text.__sbprintf
                0x0000000000006900       0x84 /opt/gcc-arm-none-eabi-9-2020-q2-update/bin/../lib/gcc/arm-none-eabi/9.3.1/../../../../arm-none-eabi/lib/thumb/v7e-m+fp/hard/libc.a(lib_a-vfprintf.o)
 .text.__swsetup_r
                0x0000000000006984       0xd0 /opt/gcc-arm-none-eabi-9-2020-q2-update/bin/../lib/gcc/arm-none-eabi/9.3.1/../../../../arm-none-eabi/lib/thumb/v7e-m+fp/hard/libc.a(lib_a-wsetup.o)
                0x0000000000006984                __swsetup_r
 .text.startup.register_fini
                0x0000000000006a54       0x14 /opt/gcc-arm-none-eabi-9-2020-q2-update/bin/../lib/gcc/arm-none-eabi/9.3.1/../../../../arm-none-eabi/lib/thumb/v7e-m+fp/hard/libc.a(lib_a-__call_atexit.o)
 .text.__call_exitprocs
                0x0000000000006a68       0xcc /opt/gcc-arm-none-eabi-9-2020-q2-update/bin/../lib/gcc/arm-none-eabi/9.3.1/../../../../arm-none-eabi/lib/thumb/v7e-m+fp/hard/libc.a(lib_a-__call_atexit.o)
                0x0000000000006a68                __call_exitprocs
 .text.atexit   0x0000000000006b34        0xc /opt/gcc-arm-none-eabi-9-2020-q2-update/bin/../lib/gcc/arm-none-eabi/9.3.1/../../../../arm-none-eabi/lib/thumb/v7e-m+fp/hard/libc.a(lib_a-atexit.o)
                0x0000000000006b34                atexit
 .text.quorem   0x0000000000006b40      0x11c /opt/gcc-arm-none-eabi-9-2020-q2-update/bin/../lib/gcc/arm-none-eabi/9.3.1/../../../../arm-none-eabi/lib/thumb/v7e-m+fp/hard/libc.a(lib_a-dtoa.o)
 *fill*         0x0000000000006c5c        0x4 
 .text._dtoa_r  0x0000000000006c60      0xf44 /opt/gcc-arm-none-eabi-9-2020-q2-update/bin/../lib/gcc/arm-none-eabi/9.3.1/../../../../arm-none-eabi/lib/thumb/v7e-m+fp/hard/libc.a(lib_a-dtoa.o)
                0x0000000000006c60                _dtoa_r
 .text.__sflush_r
                0x0000000000007ba4      0x130 /opt/gcc-arm-none-eabi-9-2020-q2-update/bin/../lib/gcc/arm-none-eabi/9.3.1/../../../../arm-none-eabi/lib/thumb/v7e-m+fp/hard/libc.a(lib_a-fflush.o)
                0x0000000000007ba4                __sflush_r
 .text._fflush_r
                0x0000000000007cd4       0x5c /opt/gcc-arm-none-eabi-9-2020-q2-update/bin/../lib/gcc/arm-none-eabi/9.3.1/../../../../arm-none-eabi/lib/thumb/v7e-m+fp/hard/libc.a(lib_a-fflush.o)
                0x0000000000007cd4                _fflush_r
 .text.std      0x0000000000007d30       0x50 /opt/gcc-arm-none-eabi-9-2020-q2-update/bin/../lib/gcc/arm-none-eabi/9.3.1/../../../../arm-none-eabi/lib/thumb/v7e-m+fp/hard/libc.a(lib_a-findfp.o)
 .text._cleanup_r
                0x0000000000007d80        0xc /opt/gcc-arm-none-eabi-9-2020-q2-update/bin/../lib/gcc/arm-none-eabi/9.3.1/../../../../arm-none-eabi/lib/thumb/v7e-m+fp/hard/libc.a(lib_a-findfp.o)
                0x0000000000007d80                _cleanup_r
 .text.__sinit  0x0000000000007d8c       0x54 /opt/gcc-arm-none-eabi-9-2020-q2-update/bin/../lib/gcc/arm-none-eabi/9.3.1/../../../../arm-none-eabi/lib/thumb/v7e-m+fp/hard/libc.a(lib_a-findfp.o)
                0x0000000000007d8c                __sinit
 .text.__sfp_lock_acquire
                0x0000000000007de0        0xc /opt/gcc-arm-none-eabi-9-2020-q2-update/bin/../lib/gcc/arm-none-eabi/9.3.1/../../../../arm-none-eabi/lib/thumb/v7e-m+fp/hard/libc.a(lib_a-findfp.o)
                0x0000000000007de0                __sfp_lock_acquire
 .text.__sfp_lock_release
                0x0000000000007dec        0xc /opt/gcc-arm-none-eabi-9-2020-q2-update/bin/../lib/gcc/arm-none-eabi/9.3.1/../../../../arm-none-eabi/lib/thumb/v7e-m+fp/hard/libc.a(lib_a-findfp.o)
                0x0000000000007dec                __sfp_lock_release
 .text.__libc_fini_array
                0x0000000000007df8       0x2c /opt/gcc-arm-none-eabi-9-2020-q2-update/bin/../lib/gcc/arm-none-eabi/9.3.1/../../../../arm-none-eabi/lib/thumb/v7e-m+fp/hard/libc.a(lib_a-fini.o)
                0x0000000000007df8                __libc_fini_array
 .text._malloc_trim_r
                0x0000000000007e24       0xa0 /opt/gcc-arm-none-eabi-9-2020-q2-update/bin/../lib/gcc/arm-none-eabi/9.3.1/../../../../arm-none-eabi/lib/thumb/v7e-m+fp/hard/libc.a(lib_a-freer.o)
                0x0000000000007e24                _malloc_trim_r
 .text._free_r  0x0000000000007ec4      0x208 /opt/gcc-arm-none-eabi-9-2020-q2-update/bin/../lib/gcc/arm-none-eabi/9.3.1/../../../../arm-none-eabi/lib/thumb/v7e-m+fp/hard/libc.a(lib_a-freer.o)
                0x0000000000007ec4                _free_r
 .text._fwalk_reent
                0x00000000000080cc       0x48 /opt/gcc-arm-none-eabi-9-2020-q2-update/bin/../lib/gcc/arm-none-eabi/9.3.1/../../../../arm-none-eabi/lib/thumb/v7e-m+fp/hard/libc.a(lib_a-fwalk.o)
                0x00000000000080cc                _fwalk_reent
 .text._localeconv_r
                0x0000000000008114        0x8 /opt/gcc-arm-none-eabi-9-2020-q2-update/bin/../lib/gcc/arm-none-eabi/9.3.1/../../../../arm-none-eabi/lib/thumb/v7e-m+fp/hard/libc.a(lib_a-localeconv.o)
                0x0000000000008114                _localeconv_r
 .text.__retarget_lock_init_recursive
                0x000000000000811c        0x4 /opt/gcc-arm-none-eabi-9-2020-q2-update/bin/../lib/gcc/arm-none-eabi/9.3.1/../../../../arm-none-eabi/lib/thumb/v7e-m+fp/hard/libc.a(lib_a-lock.o)
                0x000000000000811c                __retarget_lock_init_recursive
 .text.__retarget_lock_close_recursive
                0x0000000000008120        0x4 /opt/gcc-arm-none-eabi-9-2020-q2-update/bin/../lib/gcc/arm-none-eabi/9.3.1/../../../../arm-none-eabi/lib/thumb/v7e-m+fp/hard/libc.a(lib_a-lock.o)
                0x0000000000008120                __retarget_lock_close_recursive
 .text.__retarget_lock_acquire_recursive
                0x0000000000008124        0x4 /opt/gcc-arm-none-eabi-9-2020-q2-update/bin/../lib/gcc/arm-none-eabi/9.3.1/../../../../arm-none-eabi/lib/thumb/v7e-m+fp/hard/libc.a(lib_a-lock.o)
                0x0000000000008124                __retarget_lock_acquire_recursive
 .text.__retarget_lock_release_recursive
                0x0000000000008128        0x4 /opt/gcc-arm-none-eabi-9-2020-q2-update/bin/../lib/gcc/arm-none-eabi/9.3.1/../../../../arm-none-eabi/lib/thumb/v7e-m+fp/hard/libc.a(lib_a-lock.o)
                0x0000000000008128                __retarget_lock_release_recursive
 .text.__swhatbuf_r
                0x000000000000812c       0x5c /opt/gcc-arm-none-eabi-9-2020-q2-update/bin/../lib/gcc/arm-none-eabi/9.3.1/../../../../arm-none-eabi/lib/thumb/v7e-m+fp/hard/libc.a(lib_a-makebuf.o)
                0x000000000000812c                __swhatbuf_r
 .text.__smakebuf_r
                0x0000000000008188       0x98 /opt/gcc-arm-none-eabi-9-2020-q2-update/bin/../lib/gcc/arm-none-eabi/9.3.1/../../../../arm-none-eabi/lib/thumb/v7e-m+fp/hard/libc.a(lib_a-makebuf.o)
                0x0000000000008188                __smakebuf_r
 .text.malloc   0x0000000000008220       0x10 /opt/gcc-arm-none-eabi-9-2020-q2-update/bin/../lib/gcc/arm-none-eabi/9.3.1/../../../../arm-none-eabi/lib/thumb/v7e-m+fp/hard/libc.a(lib_a-malloc.o)
                0x0000000000008220                malloc
 .text._malloc_r
                0x0000000000008230      0x574 /opt/gcc-arm-none-eabi-9-2020-q2-update/bin/../lib/gcc/arm-none-eabi/9.3.1/../../../../arm-none-eabi/lib/thumb/v7e-m+fp/hard/libc.a(lib_a-mallocr.o)
                0x0000000000008230                _malloc_r
 *fill*         0x00000000000087a4        0xc 
 .text          0x00000000000087b0       0xa0 /opt/gcc-arm-none-eabi-9-2020-q2-update/bin/../lib/gcc/arm-none-eabi/9.3.1/../../../../arm-none-eabi/lib/thumb/v7e-m+fp/hard/libc.a(lib_a-memchr.o)
                0x00000000000087b0                memchr
 .text.__malloc_lock
                0x0000000000008850        0xc /opt/gcc-arm-none-eabi-9-2020-q2-update/bin/../lib/gcc/arm-none-eabi/9.3.1/../../../../arm-none-eabi/lib/thumb/v7e-m+fp/hard/libc.a(lib_a-mlock.o)
                0x0000000000008850                __malloc_lock
 .text.__malloc_unlock
                0x000000000000885c        0xc /opt/gcc-arm-none-eabi-9-2020-q2-update/bin/../lib/gcc/arm-none-eabi/9.3.1/../../../../arm-none-eabi/lib/thumb/v7e-m+fp/hard/libc.a(lib_a-mlock.o)
                0x000000000000885c                __malloc_unlock
 .text._Balloc  0x0000000000008868       0x4c /opt/gcc-arm-none-eabi-9-2020-q2-update/bin/../lib/gcc/arm-none-eabi/9.3.1/../../../../arm-none-eabi/lib/thumb/v7e-m+fp/hard/libc.a(lib_a-mprec.o)
                0x0000000000008868                _Balloc
 .text._Bfree   0x00000000000088b4       0x14 /opt/gcc-arm-none-eabi-9-2020-q2-update/bin/../lib/gcc/arm-none-eabi/9.3.1/../../../../arm-none-eabi/lib/thumb/v7e-m+fp/hard/libc.a(lib_a-mprec.o)
                0x00000000000088b4                _Bfree
 .text.__multadd
                0x00000000000088c8       0xac /opt/gcc-arm-none-eabi-9-2020-q2-update/bin/../lib/gcc/arm-none-eabi/9.3.1/../../../../arm-none-eabi/lib/thumb/v7e-m+fp/hard/libc.a(lib_a-mprec.o)
                0x00000000000088c8                __multadd
 .text.__hi0bits
                0x0000000000008974       0x40 /opt/gcc-arm-none-eabi-9-2020-q2-update/bin/../lib/gcc/arm-none-eabi/9.3.1/../../../../arm-none-eabi/lib/thumb/v7e-m+fp/hard/libc.a(lib_a-mprec.o)
                0x0000000000008974                __hi0bits
 .text.__lo0bits
                0x00000000000089b4       0x60 /opt/gcc-arm-none-eabi-9-2020-q2-update/bin/../lib/gcc/arm-none-eabi/9.3.1/../../../../arm-none-eabi/lib/thumb/v7e-m+fp/hard/libc.a(lib_a-mprec.o)
                0x00000000000089b4                __lo0bits
 .text.__i2b    0x0000000000008a14       0x2c /opt/gcc-arm-none-eabi-9-2020-q2-update/bin/../lib/gcc/arm-none-eabi/9.3.1/../../../../arm-none-eabi/lib/thumb/v7e-m+fp/hard/libc.a(lib_a-mprec.o)
                0x0000000000008a14                __i2b
 .text.__multiply
                0x0000000000008a40      0x160 /opt/gcc-arm-none-eabi-9-2020-q2-update/bin/../lib/gcc/arm-none-eabi/9.3.1/../../../../arm-none-eabi/lib/thumb/v7e-m+fp/hard/libc.a(lib_a-mprec.o)
                0x0000000000008a40                __multiply
 .text.__pow5mult
                0x0000000000008ba0       0x98 /opt/gcc-arm-none-eabi-9-2020-q2-update/bin/../lib/gcc/arm-none-eabi/9.3.1/../../../../arm-none-eabi/lib/thumb/v7e-m+fp/hard/libc.a(lib_a-mprec.o)
                0x0000000000008ba0                __pow5mult
 .text.__lshift
                0x0000000000008c38       0xe8 /opt/gcc-arm-none-eabi-9-2020-q2-update/bin/../lib/gcc/arm-none-eabi/9.3.1/../../../../arm-none-eabi/lib/thumb/v7e-m+fp/hard/libc.a(lib_a-mprec.o)
                0x0000000000008c38                __lshift
 .text.__mcmp   0x0000000000008d20       0x3c /opt/gcc-arm-none-eabi-9-2020-q2-update/bin/../lib/gcc/arm-none-eabi/9.3.1/../../../../arm-none-eabi/lib/thumb/v7e-m+fp/hard/libc.a(lib_a-mprec.o)
                0x0000000000008d20                __mcmp
 .text.__mdiff  0x0000000000008d5c      0x148 /opt/gcc-arm-none-eabi-9-2020-q2-update/bin/../lib/gcc/arm-none-eabi/9.3.1/../../../../arm-none-eabi/lib/thumb/v7e-m+fp/hard/libc.a(lib_a-mprec.o)
                0x0000000000008d5c                __mdiff
 .text.__d2b    0x0000000000008ea4       0xd0 /opt/gcc-arm-none-eabi-9-2020-q2-update/bin/../lib/gcc/arm-none-eabi/9.3.1/../../../../arm-none-eabi/lib/thumb/v7e-m+fp/hard/libc.a(lib_a-mprec.o)
                0x0000000000008ea4                __d2b
 .text.frexp    0x0000000000008f74       0x6c /opt/gcc-arm-none-eabi-9-2020-q2-update/bin/../lib/gcc/arm-none-eabi/9.3.1/../../../../arm-none-eabi/lib/thumb/v7e-m+fp/hard/libc.a(lib_a-s_frexp.o)
                0x0000000000008f74                frexp
 .text._sbrk_r  0x0000000000008fe0       0x24 /opt/gcc-arm-none-eabi-9-2020-q2-update/bin/../lib/gcc/arm-none-eabi/9.3.1/../../../../arm-none-eabi/lib/thumb/v7e-m+fp/hard/libc.a(lib_a-sbrkr.o)
                0x0000000000008fe0                _sbrk_r
 .text.__sread  0x0000000000009004       0x24 /opt/gcc-arm-none-eabi-9-2020-q2-update/bin/../lib/gcc/arm-none-eabi/9.3.1/../../../../arm-none-eabi/lib/thumb/v7e-m+fp/hard/libc.a(lib_a-stdio.o)
                0x0000000000009004                __sread
 .text.__swrite
                0x0000000000009028       0x40 /opt/gcc-arm-none-eabi-9-2020-q2-update/bin/../lib/gcc/arm-none-eabi/9.3.1/../../../../arm-none-eabi/lib/thumb/v7e-m+fp/hard/libc.a(lib_a-stdio.o)
                0x0000000000009028                __swrite
 .text.__sseek  0x0000000000009068       0x20 /opt/gcc-arm-none-eabi-9-2020-q2-update/bin/../lib/gcc/arm-none-eabi/9.3.1/../../../../arm-none-eabi/lib/thumb/v7e-m+fp/hard/libc.a(lib_a-stdio.o)
                0x0000000000009068                __sseek
 .text.__sclose
                0x0000000000009088        0x8 /opt/gcc-arm-none-eabi-9-2020-q2-update/bin/../lib/gcc/arm-none-eabi/9.3.1/../../../../arm-none-eabi/lib/thumb/v7e-m+fp/hard/libc.a(lib_a-stdio.o)
                0x0000000000009088                __sclose
 .text.strncpy  0x0000000000009090       0x68 /opt/gcc-arm-none-eabi-9-2020-q2-update/bin/../lib/gcc/arm-none-eabi/9.3.1/../../../../arm-none-eabi/lib/thumb/v7e-m+fp/hard/libc.a(lib_a-strncpy.o)
                0x0000000000009090                strncpy
 .text.__sprint_r.part.0
                0x00000000000090f8       0x78 /opt/gcc-arm-none-eabi-9-2020-q2-update/bin/../lib/gcc/arm-none-eabi/9.3.1/../../../../arm-none-eabi/lib/thumb/v7e-m+fp/hard/libc.a(lib_a-vfiprintf.o)
 .text.__sprint_r
                0x0000000000009170       0x18 /opt/gcc-arm-none-eabi-9-2020-q2-update/bin/../lib/gcc/arm-none-eabi/9.3.1/../../../../arm-none-eabi/lib/thumb/v7e-m+fp/hard/libc.a(lib_a-vfiprintf.o)
                0x0000000000009170                __sprint_r
 .text._vfiprintf_r
                0x0000000000009188      0xd4c /opt/gcc-arm-none-eabi-9-2020-q2-update/bin/../lib/gcc/arm-none-eabi/9.3.1/../../../../arm-none-eabi/lib/thumb/v7e-m+fp/hard/libc.a(lib_a-vfiprintf.o)
                0x0000000000009188                _vfiprintf_r
 .text.__sbprintf
                0x0000000000009ed4       0x84 /opt/gcc-arm-none-eabi-9-2020-q2-update/bin/../lib/gcc/arm-none-eabi/9.3.1/../../../../arm-none-eabi/lib/thumb/v7e-m+fp/hard/libc.a(lib_a-vfiprintf.o)
 .text._write_r
                0x0000000000009f58       0x2c /opt/gcc-arm-none-eabi-9-2020-q2-update/bin/../lib/gcc/arm-none-eabi/9.3.1/../../../../arm-none-eabi/lib/thumb/v7e-m+fp/hard/libc.a(lib_a-writer.o)
                0x0000000000009f58                _write_r
 .text.__register_exitproc
                0x0000000000009f84       0x8c /opt/gcc-arm-none-eabi-9-2020-q2-update/bin/../lib/gcc/arm-none-eabi/9.3.1/../../../../arm-none-eabi/lib/thumb/v7e-m+fp/hard/libc.a(lib_a-__atexit.o)
                0x0000000000009f84                __register_exitproc
 .text.__assert_func
                0x000000000000a010       0x3c /opt/gcc-arm-none-eabi-9-2020-q2-update/bin/../lib/gcc/arm-none-eabi/9.3.1/../../../../arm-none-eabi/lib/thumb/v7e-m+fp/hard/libc.a(lib_a-assert.o)
                0x000000000000a010                __assert_func
 .text._calloc_r
                0x000000000000a04c       0x60 /opt/gcc-arm-none-eabi-9-2020-q2-update/bin/../lib/gcc/arm-none-eabi/9.3.1/../../../../arm-none-eabi/lib/thumb/v7e-m+fp/hard/libc.a(lib_a-callocr.o)
                0x000000000000a04c                _calloc_r
 .text._close_r
                0x000000000000a0ac       0x24 /opt/gcc-arm-none-eabi-9-2020-q2-update/bin/../lib/gcc/arm-none-eabi/9.3.1/../../../../arm-none-eabi/lib/thumb/v7e-m+fp/hard/libc.a(lib_a-closer.o)
                0x000000000000a0ac                _close_r
 .text._fclose_r
                0x000000000000a0d0       0xcc /opt/gcc-arm-none-eabi-9-2020-q2-update/bin/../lib/gcc/arm-none-eabi/9.3.1/../../../../arm-none-eabi/lib/thumb/v7e-m+fp/hard/libc.a(lib_a-fclose.o)
                0x000000000000a0d0                _fclose_r
 .text.fiprintf
                0x000000000000a19c       0x28 /opt/gcc-arm-none-eabi-9-2020-q2-update/bin/../lib/gcc/arm-none-eabi/9.3.1/../../../../arm-none-eabi/lib/thumb/v7e-m+fp/hard/libc.a(lib_a-fiprintf.o)
                0x000000000000a19c                fiprintf
 .text.__fputwc
                0x000000000000a1c4       0xa8 /opt/gcc-arm-none-eabi-9-2020-q2-update/bin/../lib/gcc/arm-none-eabi/9.3.1/../../../../arm-none-eabi/lib/thumb/v7e-m+fp/hard/libc.a(lib_a-fputwc.o)
                0x000000000000a1c4                __fputwc
 .text._fputwc_r
                0x000000000000a26c       0x68 /opt/gcc-arm-none-eabi-9-2020-q2-update/bin/../lib/gcc/arm-none-eabi/9.3.1/../../../../arm-none-eabi/lib/thumb/v7e-m+fp/hard/libc.a(lib_a-fputwc.o)
                0x000000000000a26c                _fputwc_r
 .text._fstat_r
                0x000000000000a2d4       0x2c /opt/gcc-arm-none-eabi-9-2020-q2-update/bin/../lib/gcc/arm-none-eabi/9.3.1/../../../../arm-none-eabi/lib/thumb/v7e-m+fp/hard/libc.a(lib_a-fstatr.o)
                0x000000000000a2d4                _fstat_r
 .text.__sfvwrite_r
                0x000000000000a300      0x2e0 /opt/gcc-arm-none-eabi-9-2020-q2-update/bin/../lib/gcc/arm-none-eabi/9.3.1/../../../../arm-none-eabi/lib/thumb/v7e-m+fp/hard/libc.a(lib_a-fvwrite.o)
                0x000000000000a300                __sfvwrite_r
 .text._isatty_r
                0x000000000000a5e0       0x24 /opt/gcc-arm-none-eabi-9-2020-q2-update/bin/../lib/gcc/arm-none-eabi/9.3.1/../../../../arm-none-eabi/lib/thumb/v7e-m+fp/hard/libc.a(lib_a-isattyr.o)
                0x000000000000a5e0                _isatty_r
 .text.__locale_mb_cur_max
                0x000000000000a604        0xc /opt/gcc-arm-none-eabi-9-2020-q2-update/bin/../lib/gcc/arm-none-eabi/9.3.1/../../../../arm-none-eabi/lib/thumb/v7e-m+fp/hard/libc.a(lib_a-locale.o)
                0x000000000000a604                __locale_mb_cur_max
 .text._lseek_r
                0x000000000000a610       0x2c /opt/gcc-arm-none-eabi-9-2020-q2-update/bin/../lib/gcc/arm-none-eabi/9.3.1/../../../../arm-none-eabi/lib/thumb/v7e-m+fp/hard/libc.a(lib_a-lseekr.o)
                0x000000000000a610                _lseek_r
 .text.__ascii_mbtowc
                0x000000000000a63c       0x2c /opt/gcc-arm-none-eabi-9-2020-q2-update/bin/../lib/gcc/arm-none-eabi/9.3.1/../../../../arm-none-eabi/lib/thumb/v7e-m+fp/hard/libc.a(lib_a-mbtowc_r.o)
                0x000000000000a63c                __ascii_mbtowc
 .text.memmove  0x000000000000a668       0xd8 /opt/gcc-arm-none-eabi-9-2020-q2-update/bin/../lib/gcc/arm-none-eabi/9.3.1/../../../../arm-none-eabi/lib/thumb/v7e-m+fp/hard/libc.a(lib_a-memmove.o)
                0x000000000000a668                memmove
 .text._read_r  0x000000000000a740       0x2c /opt/gcc-arm-none-eabi-9-2020-q2-update/bin/../lib/gcc/arm-none-eabi/9.3.1/../../../../arm-none-eabi/lib/thumb/v7e-m+fp/hard/libc.a(lib_a-readr.o)
                0x000000000000a740                _read_r
 .text._realloc_r
                0x000000000000a76c      0x3e0 /opt/gcc-arm-none-eabi-9-2020-q2-update/bin/../lib/gcc/arm-none-eabi/9.3.1/../../../../arm-none-eabi/lib/thumb/v7e-m+fp/hard/libc.a(lib_a-reallocr.o)
                0x000000000000a76c                _realloc_r
 .text.__swbuf_r
                0x000000000000ab4c       0xb0 /opt/gcc-arm-none-eabi-9-2020-q2-update/bin/../lib/gcc/arm-none-eabi/9.3.1/../../../../arm-none-eabi/lib/thumb/v7e-m+fp/hard/libc.a(lib_a-wbuf.o)
                0x000000000000ab4c                __swbuf_r
 .text._wcrtomb_r
                0x000000000000abfc       0x3c /opt/gcc-arm-none-eabi-9-2020-q2-update/bin/../lib/gcc/arm-none-eabi/9.3.1/../../../../arm-none-eabi/lib/thumb/v7e-m+fp/hard/libc.a(lib_a-wcrtomb.o)
                0x000000000000abfc                _wcrtomb_r
 .text.__ascii_wctomb
                0x000000000000ac38       0x1c /opt/gcc-arm-none-eabi-9-2020-q2-update/bin/../lib/gcc/arm-none-eabi/9.3.1/../../../../arm-none-eabi/lib/thumb/v7e-m+fp/hard/libc.a(lib_a-wctomb_r.o)
                0x000000000000ac38                __ascii_wctomb
 .text.abort    0x000000000000ac54       0x10 /opt/gcc-arm-none-eabi-9-2020-q2-update/bin/../lib/gcc/arm-none-eabi/9.3.1/../../../../arm-none-eabi/lib/thumb/v7e-m+fp/hard/libc.a(lib_a-abort.o)
                0x000000000000ac54                abort
 .text._raise_r
                0x000000000000ac64       0x58 /opt/gcc-arm-none-eabi-9-2020-q2-update/bin/../lib/gcc/arm-none-eabi/9.3.1/../../../../arm-none-eabi/lib/thumb/v7e-m+fp/hard/libc.a(lib_a-signal.o)
                0x000000000000ac64                _raise_r
 .text.raise    0x000000000000acbc       0x10 /opt/gcc-arm-none-eabi-9-2020-q2-update/bin/../lib/gcc/arm-none-eabi/9.3.1/../../../../arm-none-eabi/lib/thumb/v7e-m+fp/hard/libc.a(lib_a-signal.o)
                0x000000000000acbc                raise
 .text._kill_r  0x000000000000accc       0x2c /opt/gcc-arm-none-eabi-9-2020-q2-update/bin/../lib/gcc/arm-none-eabi/9.3.1/../../../../arm-none-eabi/lib/thumb/v7e-m+fp/hard/libc.a(lib_a-signalr.o)
                0x000000000000accc                _kill_r
 .text._getpid_r
                0x000000000000acf8        0x4 /opt/gcc-arm-none-eabi-9-2020-q2-update/bin/../lib/gcc/arm-none-eabi/9.3.1/../../../../arm-none-eabi/lib/thumb/v7e-m+fp/hard/libc.a(lib_a-signalr.o)
                0x000000000000acf8                _getpid_r
 .text._close   0x000000000000acfc       0x10 /opt/gcc-arm-none-eabi-9-2020-q2-update/bin/../lib/gcc/arm-none-eabi/9.3.1/../../../../arm-none-eabi/lib/thumb/v7e-m+fp/hard/libnosys.a(close.o)
                0x000000000000acfc                _close
 .text._fstat   0x000000000000ad0c       0x10 /opt/gcc-arm-none-eabi-9-2020-q2-update/bin/../lib/gcc/arm-none-eabi/9.3.1/../../../../arm-none-eabi/lib/thumb/v7e-m+fp/hard/libnosys.a(fstat.o)
                0x000000000000ad0c                _fstat
 .text._getpid  0x000000000000ad1c       0x10 /opt/gcc-arm-none-eabi-9-2020-q2-update/bin/../lib/gcc/arm-none-eabi/9.3.1/../../../../arm-none-eabi/lib/thumb/v7e-m+fp/hard/libnosys.a(getpid.o)
                0x000000000000ad1c                _getpid
 .text._isatty  0x000000000000ad2c       0x10 /opt/gcc-arm-none-eabi-9-2020-q2-update/bin/../lib/gcc/arm-none-eabi/9.3.1/../../../../arm-none-eabi/lib/thumb/v7e-m+fp/hard/libnosys.a(isatty.o)
                0x000000000000ad2c                _isatty
 .text._kill    0x000000000000ad3c       0x10 /opt/gcc-arm-none-eabi-9-2020-q2-update/bin/../lib/gcc/arm-none-eabi/9.3.1/../../../../arm-none-eabi/lib/thumb/v7e-m+fp/hard/libnosys.a(kill.o)
                0x000000000000ad3c                _kill
 .text._lseek   0x000000000000ad4c       0x10 /opt/gcc-arm-none-eabi-9-2020-q2-update/bin/../lib/gcc/arm-none-eabi/9.3.1/../../../../arm-none-eabi/lib/thumb/v7e-m+fp/hard/libnosys.a(lseek.o)
                0x000000000000ad4c                _lseek
 .text._sbrk    0x000000000000ad5c       0x1c /opt/gcc-arm-none-eabi-9-2020-q2-update/bin/../lib/gcc/arm-none-eabi/9.3.1/../../../../arm-none-eabi/lib/thumb/v7e-m+fp/hard/libnosys.a(sbrk.o)
                0x000000000000ad5c                _sbrk
 .text._exit    0x000000000000ad78        0x4 /opt/gcc-arm-none-eabi-9-2020-q2-update/bin/../lib/gcc/arm-none-eabi/9.3.1/../../../../arm-none-eabi/lib/thumb/v7e-m+fp/hard/libnosys.a(_exit.o)
                0x000000000000ad78                _exit
 *fill*         0x000000000000ad7c        0x4 
 .text.atan     0x000000000000ad80      0x368 /opt/gcc-arm-none-eabi-9-2020-q2-update/bin/../lib/gcc/arm-none-eabi/9.3.1/../../../../arm-none-eabi/lib/thumb/v7e-m+fp/hard/libm.a(lib_a-s_atan.o)
                0x000000000000ad80                atan
 .text.fabs     0x000000000000b0e8       0x14 /opt/gcc-arm-none-eabi-9-2020-q2-update/bin/../lib/gcc/arm-none-eabi/9.3.1/../../../../arm-none-eabi/lib/thumb/v7e-m+fp/hard/libm.a(lib_a-s_fabs.o)
                0x000000000000b0e8                fabs
 .text.sqrt     0x000000000000b0fc       0x74 /opt/gcc-arm-none-eabi-9-2020-q2-update/bin/../lib/gcc/arm-none-eabi/9.3.1/../../../../arm-none-eabi/lib/thumb/v7e-m+fp/hard/libm.a(lib_a-w_sqrt.o)
                0x000000000000b0fc                sqrt
 .text.__ieee754_sqrt
                0x000000000000b170      0x188 /opt/gcc-arm-none-eabi-9-2020-q2-update/bin/../lib/gcc/arm-none-eabi/9.3.1/../../../../arm-none-eabi/lib/thumb/v7e-m+fp/hard/libm.a(lib_a-e_sqrt.o)
                0x000000000000b170                __ieee754_sqrt
 .text.__errno  0x000000000000b2f8        0xc /opt/gcc-arm-none-eabi-9-2020-q2-update/bin/../lib/gcc/arm-none-eabi/9.3.1/../../../../arm-none-eabi/lib/thumb/v7e-m+fp/hard/libc.a(lib_a-errno.o)
                0x000000000000b2f8                __errno
 .text          0x000000000000b304      0x378 /opt/gcc-arm-none-eabi-9-2020-q2-update/bin/../lib/gcc/arm-none-eabi/9.3.1/thumb/v7e-m+fp/hard/libgcc.a(_arm_addsubdf3.o)
                0x000000000000b304                __aeabi_drsub
                0x000000000000b30c                __aeabi_dsub
                0x000000000000b30c                __subdf3
                0x000000000000b310                __adddf3
                0x000000000000b310                __aeabi_dadd
                0x000000000000b588                __aeabi_ui2d
                0x000000000000b588                __floatunsidf
                0x000000000000b5a8                __floatsidf
                0x000000000000b5a8                __aeabi_i2d
                0x000000000000b5cc                __extendsfdf2
                0x000000000000b5cc                __aeabi_f2d
                0x000000000000b610                __aeabi_ul2d
                0x000000000000b610                __floatundidf
                0x000000000000b620                __floatdidf
                0x000000000000b620                __aeabi_l2d
 .text          0x000000000000b67c      0x424 /opt/gcc-arm-none-eabi-9-2020-q2-update/bin/../lib/gcc/arm-none-eabi/9.3.1/thumb/v7e-m+fp/hard/libgcc.a(_arm_muldivdf3.o)
                0x000000000000b67c                __aeabi_dmul
                0x000000000000b67c                __muldf3
                0x000000000000b8d0                __aeabi_ddiv
                0x000000000000b8d0                __divdf3
 .text          0x000000000000baa0      0x110 /opt/gcc-arm-none-eabi-9-2020-q2-update/bin/../lib/gcc/arm-none-eabi/9.3.1/thumb/v7e-m+fp/hard/libgcc.a(_arm_cmpdf2.o)
                0x000000000000baa0                __gtdf2
                0x000000000000baa0                __gedf2
                0x000000000000baa8                __ltdf2
                0x000000000000baa8                __ledf2
                0x000000000000bab0                __cmpdf2
                0x000000000000bab0                __eqdf2
                0x000000000000bab0                __nedf2
                0x000000000000bb2c                __aeabi_cdrcmple
                0x000000000000bb3c                __aeabi_cdcmple
                0x000000000000bb3c                __aeabi_cdcmpeq
                0x000000000000bb4c                __aeabi_dcmpeq
                0x000000000000bb60                __aeabi_dcmplt
                0x000000000000bb74                __aeabi_dcmple
                0x000000000000bb88                __aeabi_dcmpge
                0x000000000000bb9c                __aeabi_dcmpgt
 .text          0x000000000000bbb0       0x2c /opt/gcc-arm-none-eabi-9-2020-q2-update/bin/../lib/gcc/arm-none-eabi/9.3.1/thumb/v7e-m+fp/hard/libgcc.a(_arm_unorddf2.o)
                0x000000000000bbb0                __aeabi_dcmpun
                0x000000000000bbb0                __unorddf2
 .text          0x000000000000bbdc       0x50 /opt/gcc-arm-none-eabi-9-2020-q2-update/bin/../lib/gcc/arm-none-eabi/9.3.1/thumb/v7e-m+fp/hard/libgcc.a(_arm_fixdfsi.o)
                0x000000000000bbdc                __fixdfsi
                0x000000000000bbdc                __aeabi_d2iz
 .text          0x000000000000bc2c       0xa0 /opt/gcc-arm-none-eabi-9-2020-q2-update/bin/../lib/gcc/arm-none-eabi/9.3.1/thumb/v7e-m+fp/hard/libgcc.a(_arm_truncdfsf2.o)
                0x000000000000bc2c                __aeabi_d2f
                0x000000000000bc2c                __truncdfsf2
 .text          0x000000000000bccc       0x30 /opt/gcc-arm-none-eabi-9-2020-q2-update/bin/../lib/gcc/arm-none-eabi/9.3.1/thumb/v7e-m+fp/hard/libgcc.a(_aeabi_uldivmod.o)
                0x000000000000bccc                __aeabi_uldivmod
 .text          0x000000000000bcfc      0x2c4 /opt/gcc-arm-none-eabi-9-2020-q2-update/bin/../lib/gcc/arm-none-eabi/9.3.1/thumb/v7e-m+fp/hard/libgcc.a(_udivmoddi4.o)
                0x000000000000bcfc                __udivmoddi4
 .text          0x000000000000bfc0        0x4 /opt/gcc-arm-none-eabi-9-2020-q2-update/bin/../lib/gcc/arm-none-eabi/9.3.1/thumb/v7e-m+fp/hard/libgcc.a(_dvmd_tls.o)
                0x000000000000bfc0                __aeabi_ldiv0
                0x000000000000bfc0                __aeabi_idiv0
 *(.init)
 .init          0x000000000000bfc4        0x4 /opt/gcc-arm-none-eabi-9-2020-q2-update/bin/../lib/gcc/arm-none-eabi/9.3.1/thumb/v7e-m+fp/hard/crti.o
                0x000000000000bfc4                _init
 .init          0x000000000000bfc8        0x8 /opt/gcc-arm-none-eabi-9-2020-q2-update/bin/../lib/gcc/arm-none-eabi/9.3.1/thumb/v7e-m+fp/hard/crtn.o
 *(.fini)
 .fini          0x000000000000bfd0        0x4 /opt/gcc-arm-none-eabi-9-2020-q2-update/bin/../lib/gcc/arm-none-eabi/9.3.1/thumb/v7e-m+fp/hard/crti.o
                0x000000000000bfd0                _fini
 .fini          0x000000000000bfd4        0x8 /opt/gcc-arm-none-eabi-9-2020-q2-update/bin/../lib/gcc/arm-none-eabi/9.3.1/thumb/v7e-m+fp/hard/crtn.o
 *crtbegin.o(.ctors)
 *crtbegin?.o(.ctors)
 *(EXCLUDE_FILE(*crtend.o *crtend?.o) .ctors)
 *(SORT_BY_NAME(.ctors.*))
 *(.ctors)
 *crtbegin.o(.dtors)
 *crtbegin?.o(.dtors)
 *(EXCLUDE_FILE(*crtend.o *crtend?.o) .dtors)
 *(SORT_BY_NAME(.dtors.*))
 *(.dtors)
 *(.rodata*)
 .rodata.lsm303agr_init.str1.1
                0x000000000000bfdc       0xaa _build/lsm303agr.o
 *fill*         0x000000000000c086        0xa 
 .rodata.delay_machine_code.9084
                0x000000000000c090        0x6 _build/lsm303agr.o
 .rodata.main.str1.1
                0x000000000000c096       0x7c _build/main.o
 *fill*         0x000000000000c112        0x2 
 .rodata        0x000000000000c114       0x10 _build/main.o
 *fill*         0x000000000000c124        0xc 
 .rodata.delay_machine_code.9084
                0x000000000000c130        0x6 _build/main.o
 *fill*         0x000000000000c136        0x2 
 .rodata.twi_mngr_instance
                0x000000000000c138       0x18 _build/main.o
 .rodata.nrf_gpio_pin_port_decode.str1.1
                0x000000000000c150       0x43 _build/better_error_handling.o
 .rodata.app_error_fault_handler.str1.1
                0x000000000000c193       0x78 _build/better_error_handling.o
 .rodata.LED_COLS
                0x000000000000c20b        0x5 _build/better_error_handling.o
 .rodata.LED_ROWS
                0x000000000000c210        0x5 _build/better_error_handling.o
 *fill*         0x000000000000c215        0xb 
 .rodata.delay_machine_code.8602
                0x000000000000c220        0x6 _build/better_error_handling.o
 .rodata.uart_init.constprop.0.str1.1
                0x000000000000c226       0x62 _build/microbit_nrf_log_backend_uart.o
 .rodata        0x000000000000c288       0x20 _build/microbit_nrf_log_backend_uart.o
 .rodata.nrf_log_backend_uart_api
                0x000000000000c2a8        0xc _build/microbit_nrf_log_backend_uart.o
                0x000000000000c2a8                nrf_log_backend_uart_api
 .rodata.called_first.str1.1
                0x000000000000c2b4       0x5c _build/microbit_before_startup.o
 .rodata.delay_machine_code.8590
                0x000000000000c310        0x6 _build/microbit_before_startup.o
 *fill*         0x000000000000c316        0xa 
 .rodata.delay_machine_code.9248
                0x000000000000c320        0x6 _build/app_timer.o
 .rodata.app_util_critical_region_enter.str1.1
                0x000000000000c326       0x55 _build/app_util_platform.o
 .rodata.HardFault_c_handler.str1.1
                0x000000000000c37b      0x12e _build/hardfault_implementation.o
 .rodata.str1.1
                0x000000000000c4a9      0x4c0 _build/hardfault_implementation.o
 *fill*         0x000000000000c969        0x3 
 .rodata.cfsr_msgs.9441
                0x000000000000c96c       0x68 _build/hardfault_implementation.o
 .rodata.nrf_balloc_init.str1.1
                0x000000000000c9d4       0x50 _build/nrf_balloc.o
 .rodata.nrf_gpio_pin_port_decode.str1.1
                0x000000000000ca24       0x43 _build/nrf_drv_twi.o
 *fill*         0x000000000000ca24        0xc 
 .rodata.delay_machine_code.8590
                0x000000000000ca30        0x6 _build/nrf_drv_twi.o
 .rodata.nrf_fprintf_buffer_flush.str1.1
                0x000000000000ca36       0x46 _build/nrf_fprintf.o
 .rodata.nrf_fprintf_fmt.str1.1
                0x000000000000ca7c       0x4d _build/nrf_fprintf_format.o
 .rodata._aV2C.7922
                0x000000000000cac9       0x10 _build/nrf_fprintf_format.o
 .rodata.nrf_log_default_backends_init.str1.1
                0x000000000000cad9       0x5f _build/nrf_log_default_backends.o
 .rodata.str1.1
                0x000000000000cb38       0x11 _build/nrf_log_default_backends.o
 .rodata.buf_prealloc.str1.1
                0x000000000000cb49       0x57 _build/nrf_log_frontend.o
 .rodata.nrf_log_frontend_dequeue.str1.1
                0x000000000000cba0       0x11 _build/nrf_log_frontend.o
 .rodata.str1.1
                0x000000000000cbb1        0x4 _build/nrf_log_frontend.o
 *fill*         0x000000000000cbb5        0x3 
 .rodata.m_log_push_ringbuf
                0x000000000000cbb8        0xc _build/nrf_log_frontend.o
 .rodata.postfix_process.str1.1
                0x000000000000cbc4        0x8 _build/nrf_log_str_formatter.o
                                          0xb (size before relaxing)
 .rodata.prefix_process.str1.1
                0x000000000000cbcc       0x2a _build/nrf_log_str_formatter.o
 .rodata.nrf_log_hexdump_entry_process.str1.1
                0x000000000000cbf6        0xf _build/nrf_log_str_formatter.o
                                         0x11 (size before relaxing)
 .rodata.str1.1
                0x000000000000cc05       0x4b _build/nrf_log_str_formatter.o
                                         0x51 (size before relaxing)
 .rodata.m_colors
                0x000000000000cc50       0x24 _build/nrf_log_str_formatter.o
 .rodata.severity_names
                0x000000000000cc74       0x14 _build/nrf_log_str_formatter.o
 .rodata.str1.1
                0x000000000000cc88        0x9 _build/nrf_pwr_mgmt.o
 .rodata.memobj_op.str1.1
                0x000000000000cc91       0x50 _build/nrf_memobj.o
 .rodata.str1.1
                0x000000000000cce1      0x391 _build/nrf_strerror.o
 .rodata.m_unknown_str
                0x000000000000d072       0x13 _build/nrf_strerror.o
 *fill*         0x000000000000d085        0x3 
 .rodata.nrf_strerror_array
                0x000000000000d088      0x118 _build/nrf_strerror.o
 .rodata.nrf_queue_next_idx.str1.1
                0x000000000000d1a0       0x4e _build/nrf_queue.o
 .rodata.str1.1
                0x000000000000d1ee        0x6 _build/nrf_drv_clock.o
 .rodata.nrf_gpio_pin_port_decode.str1.1
                0x000000000000d1f4       0x43 _build/nrfx_gpiote.o
 .rodata.str1.1
                0x000000000000d1f4        0x7 _build/nrfx_gpiote.o
 .rodata.UARTE0_UART0_IRQHandler.str1.1
                0x000000000000d1fb       0x4f _build/nrfx_prs.o
 .rodata.str1.1
                0x000000000000d24a        0x4 _build/nrfx_prs.o
 .rodata.str1.1
                0x000000000000d24e        0x6 _build/nrfx_saadc.o
 .rodata.str1.1
                0x000000000000d254        0x6 _build/nrfx_timer.o
 .rodata.nrf_gpio_pin_port_decode.str1.1
                0x000000000000d25a       0x43 _build/nrfx_twim.o
 .rodata.SPIM0_SPIS0_TWIM0_TWIS0_SPI0_TWI0_IRQHandler.str1.1
                0x000000000000d25a       0x4c _build/nrfx_twim.o
 .rodata.nrfx_twim_init.str1.1
                0x000000000000d2a6       0x44 _build/nrfx_twim.o
 .rodata.str1.1
                0x000000000000d2ea        0x5 _build/nrfx_twim.o
 .rodata.str1.1
                0x000000000000d2ef        0x6 _build/nrfx_clock.o
 .rodata.nrf_gpio_pin_port_decode.str1.1
                0x000000000000d2f5       0x43 _build/nrfx_uart.o
 .rodata.nrfx_uart_init.str1.1
                0x000000000000d2f5       0x4c _build/nrfx_uart.o
                                         0x90 (size before relaxing)
 .rodata.str1.1
                0x000000000000d341        0x5 _build/nrfx_uart.o
 .rodata.nrf_gpio_pin_port_decode.str1.1
                0x000000000000d346       0x43 _build/nrfx_uarte.o
 .rodata.nrfx_uarte_init.str1.1
                0x000000000000d346       0x4d _build/nrfx_uarte.o
                                         0x91 (size before relaxing)
 .rodata.str1.1
                0x000000000000d393        0x6 _build/nrfx_uarte.o
 .rodata.transaction_end_signal.str1.1
                0x000000000000d399       0x54 _build/nrf_twi_mngr.o
 .rodata.str1.1
                0x000000000000d3ed        0x4 _build/nrfx_pwm.o
 *fill*         0x000000000000d3f1        0x3 
 .rodata._ctype_
                0x000000000000d3f4      0x101 /opt/gcc-arm-none-eabi-9-2020-q2-update/bin/../lib/gcc/arm-none-eabi/9.3.1/../../../../arm-none-eabi/lib/thumb/v7e-m+fp/hard/libc.a(lib_a-ctype_.o)
                0x000000000000d3f4                _ctype_
 *fill*         0x000000000000d4f5        0x3 
 .rodata._global_impure_ptr
                0x000000000000d4f8        0x4 /opt/gcc-arm-none-eabi-9-2020-q2-update/bin/../lib/gcc/arm-none-eabi/9.3.1/../../../../arm-none-eabi/lib/thumb/v7e-m+fp/hard/libc.a(lib_a-impure.o)
                0x000000000000d4f8                _global_impure_ptr
 .rodata._vfprintf_r.str1.4
                0x000000000000d4fc       0x42 /opt/gcc-arm-none-eabi-9-2020-q2-update/bin/../lib/gcc/arm-none-eabi/9.3.1/../../../../arm-none-eabi/lib/thumb/v7e-m+fp/hard/libc.a(lib_a-vfprintf.o)
 *fill*         0x000000000000d53e        0x2 
 .rodata.blanks.8713
                0x000000000000d540       0x10 /opt/gcc-arm-none-eabi-9-2020-q2-update/bin/../lib/gcc/arm-none-eabi/9.3.1/../../../../arm-none-eabi/lib/thumb/v7e-m+fp/hard/libc.a(lib_a-vfprintf.o)
 .rodata.zeroes.8714
                0x000000000000d550       0x10 /opt/gcc-arm-none-eabi-9-2020-q2-update/bin/../lib/gcc/arm-none-eabi/9.3.1/../../../../arm-none-eabi/lib/thumb/v7e-m+fp/hard/libc.a(lib_a-vfprintf.o)
 .rodata._dtoa_r.str1.4
                0x000000000000d560       0xa0 /opt/gcc-arm-none-eabi-9-2020-q2-update/bin/../lib/gcc/arm-none-eabi/9.3.1/../../../../arm-none-eabi/lib/thumb/v7e-m+fp/hard/libc.a(lib_a-dtoa.o)
                                         0xa4 (size before relaxing)
 .rodata.__multadd.str1.4
                0x000000000000d600       0x7d /opt/gcc-arm-none-eabi-9-2020-q2-update/bin/../lib/gcc/arm-none-eabi/9.3.1/../../../../arm-none-eabi/lib/thumb/v7e-m+fp/hard/libc.a(lib_a-mprec.o)
                                         0x91 (size before relaxing)
 *fill*         0x000000000000d67d        0x3 
 .rodata.__mprec_bigtens
                0x000000000000d680       0x28 /opt/gcc-arm-none-eabi-9-2020-q2-update/bin/../lib/gcc/arm-none-eabi/9.3.1/../../../../arm-none-eabi/lib/thumb/v7e-m+fp/hard/libc.a(lib_a-mprec.o)
                0x000000000000d680                __mprec_bigtens
 .rodata.__mprec_tens
                0x000000000000d6a8       0xc8 /opt/gcc-arm-none-eabi-9-2020-q2-update/bin/../lib/gcc/arm-none-eabi/9.3.1/../../../../arm-none-eabi/lib/thumb/v7e-m+fp/hard/libc.a(lib_a-mprec.o)
                0x000000000000d6a8                __mprec_tens
 .rodata.p05.7485
                0x000000000000d770        0xc /opt/gcc-arm-none-eabi-9-2020-q2-update/bin/../lib/gcc/arm-none-eabi/9.3.1/../../../../arm-none-eabi/lib/thumb/v7e-m+fp/hard/libc.a(lib_a-mprec.o)
 .rodata._vfiprintf_r.str1.4
                0x000000000000d77c       0x2f /opt/gcc-arm-none-eabi-9-2020-q2-update/bin/../lib/gcc/arm-none-eabi/9.3.1/../../../../arm-none-eabi/lib/thumb/v7e-m+fp/hard/libc.a(lib_a-vfiprintf.o)
 .rodata.blanks.8691
                0x000000000000d77c       0x10 /opt/gcc-arm-none-eabi-9-2020-q2-update/bin/../lib/gcc/arm-none-eabi/9.3.1/../../../../arm-none-eabi/lib/thumb/v7e-m+fp/hard/libc.a(lib_a-vfiprintf.o)
 .rodata.zeroes.8692
                0x000000000000d78c       0x10 /opt/gcc-arm-none-eabi-9-2020-q2-update/bin/../lib/gcc/arm-none-eabi/9.3.1/../../../../arm-none-eabi/lib/thumb/v7e-m+fp/hard/libc.a(lib_a-vfiprintf.o)
 .rodata.__assert_func.str1.4
                0x000000000000d79c       0x3f /opt/gcc-arm-none-eabi-9-2020-q2-update/bin/../lib/gcc/arm-none-eabi/9.3.1/../../../../arm-none-eabi/lib/thumb/v7e-m+fp/hard/libc.a(lib_a-assert.o)
                                         0x43 (size before relaxing)
 *fill*         0x000000000000d7db        0x1 
 .rodata._setlocale_r.str1.4
                0x000000000000d7dc        0xa /opt/gcc-arm-none-eabi-9-2020-q2-update/bin/../lib/gcc/arm-none-eabi/9.3.1/../../../../arm-none-eabi/lib/thumb/v7e-m+fp/hard/libc.a(lib_a-locale.o)
                                          0xd (size before relaxing)
 *fill*         0x000000000000d7e6        0x2 
 .rodata.str1.4
                0x000000000000d7e8        0x2 /opt/gcc-arm-none-eabi-9-2020-q2-update/bin/../lib/gcc/arm-none-eabi/9.3.1/../../../../arm-none-eabi/lib/thumb/v7e-m+fp/hard/libc.a(lib_a-locale.o)
 *fill*         0x000000000000d7ea        0x6 
 .rodata.atanhi
                0x000000000000d7f0       0x20 /opt/gcc-arm-none-eabi-9-2020-q2-update/bin/../lib/gcc/arm-none-eabi/9.3.1/../../../../arm-none-eabi/lib/thumb/v7e-m+fp/hard/libm.a(lib_a-s_atan.o)
 .rodata.atanlo
                0x000000000000d810       0x20 /opt/gcc-arm-none-eabi-9-2020-q2-update/bin/../lib/gcc/arm-none-eabi/9.3.1/../../../../arm-none-eabi/lib/thumb/v7e-m+fp/hard/libm.a(lib_a-s_atan.o)
 *(.eh_frame*)
 .eh_frame      0x000000000000d830        0x0 /opt/gcc-arm-none-eabi-9-2020-q2-update/bin/../lib/gcc/arm-none-eabi/9.3.1/thumb/v7e-m+fp/hard/crtbegin.o
 .eh_frame      0x000000000000d830        0x4 /opt/gcc-arm-none-eabi-9-2020-q2-update/bin/../lib/gcc/arm-none-eabi/9.3.1/thumb/v7e-m+fp/hard/crtend.o

.glue_7         0x000000000000d834        0x0
 .glue_7        0x000000000000d834        0x0 linker stubs

.glue_7t        0x000000000000d834        0x0
 .glue_7t       0x000000000000d834        0x0 linker stubs

.vfp11_veneer   0x000000000000d834        0x0
 .vfp11_veneer  0x000000000000d834        0x0 linker stubs

.v4_bx          0x000000000000d834        0x0
 .v4_bx         0x000000000000d834        0x0 linker stubs

.iplt           0x000000000000d834        0x0
 .iplt          0x000000000000d834        0x0 /opt/gcc-arm-none-eabi-9-2020-q2-update/bin/../lib/gcc/arm-none-eabi/9.3.1/thumb/v7e-m+fp/hard/crtbegin.o

.pwr_mgmt_data  0x000000000000d834        0x0
                0x000000000000d834                PROVIDE (__start_pwr_mgmt_data = .)
 *(SORT_BY_NAME(.pwr_mgmt_data*))
                0x000000000000d834                PROVIDE (__stop_pwr_mgmt_data = .)

.log_const_data
                0x000000000000d834       0x68
                0x000000000000d834                PROVIDE (__start_log_const_data = .)
 *(SORT_BY_NAME(.log_const_data*))
 .log_const_data_CLOCK
                0x000000000000d834        0x8 _build/nrfx_clock.o
                0x000000000000d834                m_nrf_log_CLOCK_logs_data_const
 .log_const_data_GPIOTE
                0x000000000000d83c        0x8 _build/nrfx_gpiote.o
                0x000000000000d83c                m_nrf_log_GPIOTE_logs_data_const
 .log_const_data_PRS
                0x000000000000d844        0x8 _build/nrfx_prs.o
                0x000000000000d844                m_nrf_log_PRS_logs_data_const
 .log_const_data_PWM
                0x000000000000d84c        0x8 _build/nrfx_pwm.o
                0x000000000000d84c                m_nrf_log_PWM_logs_data_const
 .log_const_data_SAADC
                0x000000000000d854        0x8 _build/nrfx_saadc.o
                0x000000000000d854                m_nrf_log_SAADC_logs_data_const
 .log_const_data_TIMER
                0x000000000000d85c        0x8 _build/nrfx_timer.o
                0x000000000000d85c                m_nrf_log_TIMER_logs_data_const
 .log_const_data_TWIM
                0x000000000000d864        0x8 _build/nrfx_twim.o
                0x000000000000d864                m_nrf_log_TWIM_logs_data_const
 .log_const_data_UART
                0x000000000000d86c        0x8 _build/nrfx_uart.o
                0x000000000000d86c                m_nrf_log_UART_logs_data_const
 .log_const_data_UARTE
                0x000000000000d874        0x8 _build/nrfx_uarte.o
                0x000000000000d874                m_nrf_log_UARTE_logs_data_const
 .log_const_data_app
                0x000000000000d87c        0x8 _build/nrf_log_frontend.o
                0x000000000000d87c                m_nrf_log_app_logs_data_const
 .log_const_data_clock
                0x000000000000d884        0x8 _build/nrf_drv_clock.o
                0x000000000000d884                m_nrf_log_clock_logs_data_const
 .log_const_data_hardfault
                0x000000000000d88c        0x8 _build/hardfault_implementation.o
                0x000000000000d88c                m_nrf_log_hardfault_logs_data_const
 .log_const_data_pwr_mgmt
                0x000000000000d894        0x8 _build/nrf_pwr_mgmt.o
                0x000000000000d894                m_nrf_log_pwr_mgmt_logs_data_const
                0x000000000000d89c                PROVIDE (__stop_log_const_data = .)

.nrf_balloc     0x000000000000d89c       0x14
                [!provide]                        PROVIDE (__start_nrf_balloc = .)
 *(.nrf_balloc)
 .nrf_balloc    0x000000000000d89c       0x14 _build/nrf_log_frontend.o
                0x000000000000d89c                log_mempool
                [!provide]                        PROVIDE (__stop_nrf_balloc = .)

.nrf_queue      0x000000000000d8b0       0x14
                [!provide]                        PROVIDE (__start_nrf_queue = .)
 *(.nrf_queue)
 .nrf_queue     0x000000000000d8b0       0x14 _build/main.o
                0x000000000000d8b0                twi_mngr_instance_queue
                [!provide]                        PROVIDE (__stop_nrf_queue = .)

.log_backends   0x000000000000d8c4       0x10
 .log_backends  0x000000000000d8c4       0x10 _build/nrf_log_default_backends.o

.cli_command    0x000000000000d8d4        0x0
                [!provide]                        PROVIDE (__start_cli_command = .)
 *(.cli_command)
                [!provide]                        PROVIDE (__stop_cli_command = .)

.sdh_stack_observers
                0x000000000000d8d4        0x0
                [!provide]                        PROVIDE (__start_sdh_stack_observers = .)
 *(SORT_BY_NAME(.sdh_stack_observers*))
                [!provide]                        PROVIDE (__stop_sdh_stack_observers = .)

.sdh_req_observers
                0x000000000000d8d4        0x0
                [!provide]                        PROVIDE (__start_sdh_req_observers = .)
 *(SORT_BY_NAME(.sdh_req_observers*))
                [!provide]                        PROVIDE (__stop_sdh_req_observers = .)

.sdh_state_observers
                0x000000000000d8d4        0x0
                [!provide]                        PROVIDE (__start_sdh_state_observers = .)
 *(SORT_BY_NAME(.sdh_state_observers*))
                [!provide]                        PROVIDE (__stop_sdh_state_observers = .)

.sdh_ant_observers
                0x000000000000d8d4        0x0
                [!provide]                        PROVIDE (__start_sdh_ant_observers = .)
 *(SORT_BY_NAME(.sdh_ant_observers*))
                [!provide]                        PROVIDE (__stop_sdh_ant_observers = .)

.sdh_ble_observers
                0x000000000000d8d4        0x0
                [!provide]                        PROVIDE (__start_sdh_ble_observers = .)
 *(SORT_BY_NAME(.sdh_ble_observers*))
                [!provide]                        PROVIDE (__stop_sdh_ble_observers = .)

.sdh_soc_observers
                0x000000000000d8d4        0x0
                [!provide]                        PROVIDE (__start_sdh_soc_observers = .)
 *(SORT_BY_NAME(.sdh_soc_observers*))
                [!provide]                        PROVIDE (__stop_sdh_soc_observers = .)

.crypto_data    0x000000000000d8d4        0x0
                [!provide]                        PROVIDE (__start_crypto_data = .)
 *(SORT_BY_NAME(.crypto_data*))
                [!provide]                        PROVIDE (__stop_crypto_data = .)

.ARM.extab
 *(.ARM.extab* .gnu.linkonce.armextab.*)
                0x000000000000d8d4                __exidx_start = .

.ARM.exidx      0x000000000000d8d4        0x8
 *(.ARM.exidx* .gnu.linkonce.armexidx.*)
 .ARM.exidx     0x000000000000d8d4        0x8 /opt/gcc-arm-none-eabi-9-2020-q2-update/bin/../lib/gcc/arm-none-eabi/9.3.1/../../../../arm-none-eabi/lib/thumb/v7e-m+fp/hard/crt0.o
                                         0x10 (size before relaxing)
 .ARM.exidx     0x000000000000d8dc        0x0 /opt/gcc-arm-none-eabi-9-2020-q2-update/bin/../lib/gcc/arm-none-eabi/9.3.1/thumb/v7e-m+fp/hard/libgcc.a(_udivmoddi4.o)
                                          0x8 (size before relaxing)
                0x000000000000d8dc                __exidx_end = .
                0x000000000000d8dc                __etext = .

.rel.dyn        0x000000000000d8dc        0x0
 .rel.iplt      0x000000000000d8dc        0x0 /opt/gcc-arm-none-eabi-9-2020-q2-update/bin/../lib/gcc/arm-none-eabi/9.3.1/thumb/v7e-m+fp/hard/crtbegin.o

.data           0x0000000020000000      0x9e4 load address 0x000000000000d8dc
                0x0000000020000000                __data_start__ = .
 *(vtable)
 *(.data*)
 .data.m_uart   0x0000000020000000       0x14 _build/microbit_nrf_log_backend_uart.o
                0x0000000020000000                m_uart
 .data.log_backend_cb_uart_log_backend
                0x0000000020000014        0x8 _build/nrf_log_default_backends.o
 .data.SystemCoreClock
                0x000000002000001c        0x4 _build/system_nrf52833.o
                0x000000002000001c                SystemCoreClock
 .data._impure_ptr
                0x0000000020000020        0x4 /opt/gcc-arm-none-eabi-9-2020-q2-update/bin/../lib/gcc/arm-none-eabi/9.3.1/../../../../arm-none-eabi/lib/thumb/v7e-m+fp/hard/libc.a(lib_a-impure.o)
                0x0000000020000020                _impure_ptr
 *fill*         0x0000000020000024        0x4 
 .data.impure_data
                0x0000000020000028      0x428 /opt/gcc-arm-none-eabi-9-2020-q2-update/bin/../lib/gcc/arm-none-eabi/9.3.1/../../../../arm-none-eabi/lib/thumb/v7e-m+fp/hard/libc.a(lib_a-impure.o)
 .data.__atexit_recursive_mutex
                0x0000000020000450        0x4 /opt/gcc-arm-none-eabi-9-2020-q2-update/bin/../lib/gcc/arm-none-eabi/9.3.1/../../../../arm-none-eabi/lib/thumb/v7e-m+fp/hard/libc.a(lib_a-__call_atexit.o)
                0x0000000020000450                __atexit_recursive_mutex
 .data.__malloc_av_
                0x0000000020000454      0x408 /opt/gcc-arm-none-eabi-9-2020-q2-update/bin/../lib/gcc/arm-none-eabi/9.3.1/../../../../arm-none-eabi/lib/thumb/v7e-m+fp/hard/libc.a(lib_a-mallocr.o)
                0x0000000020000454                __malloc_av_
 .data.__malloc_sbrk_base
                0x000000002000085c        0x4 /opt/gcc-arm-none-eabi-9-2020-q2-update/bin/../lib/gcc/arm-none-eabi/9.3.1/../../../../arm-none-eabi/lib/thumb/v7e-m+fp/hard/libc.a(lib_a-mallocr.o)
                0x000000002000085c                __malloc_sbrk_base
 .data.__malloc_trim_threshold
                0x0000000020000860        0x4 /opt/gcc-arm-none-eabi-9-2020-q2-update/bin/../lib/gcc/arm-none-eabi/9.3.1/../../../../arm-none-eabi/lib/thumb/v7e-m+fp/hard/libc.a(lib_a-mallocr.o)
                0x0000000020000860                __malloc_trim_threshold
 .data.__global_locale
                0x0000000020000864      0x16c /opt/gcc-arm-none-eabi-9-2020-q2-update/bin/../lib/gcc/arm-none-eabi/9.3.1/../../../../arm-none-eabi/lib/thumb/v7e-m+fp/hard/libc.a(lib_a-locale.o)
                0x0000000020000864                __global_locale
 .data.__fdlib_version
                0x00000000200009d0        0x1 /opt/gcc-arm-none-eabi-9-2020-q2-update/bin/../lib/gcc/arm-none-eabi/9.3.1/../../../../arm-none-eabi/lib/thumb/v7e-m+fp/hard/libm.a(lib_a-s_lib_ver.o)
                0x00000000200009d0                __fdlib_version
                0x00000000200009d4                . = ALIGN (0x4)
 *fill*         0x00000000200009d1        0x3 
                0x00000000200009d4                PROVIDE (__preinit_array_start = .)
 *(.preinit_array)
                0x00000000200009d4                PROVIDE (__preinit_array_end = .)
                0x00000000200009d4                . = ALIGN (0x4)
                0x00000000200009d4                PROVIDE (__init_array_start = .)
 *(SORT_BY_NAME(.init_array.*))
 .init_array.00000
                0x00000000200009d4        0x4 /opt/gcc-arm-none-eabi-9-2020-q2-update/bin/../lib/gcc/arm-none-eabi/9.3.1/../../../../arm-none-eabi/lib/thumb/v7e-m+fp/hard/libc.a(lib_a-__call_atexit.o)
 *(.init_array)
 .init_array    0x00000000200009d8        0x4 /opt/gcc-arm-none-eabi-9-2020-q2-update/bin/../lib/gcc/arm-none-eabi/9.3.1/thumb/v7e-m+fp/hard/crtbegin.o
 .init_array    0x00000000200009dc        0x4 _build/microbit_before_startup.o
                0x00000000200009e0                PROVIDE (__init_array_end = .)
                0x00000000200009e0                . = ALIGN (0x4)
                0x00000000200009e0                PROVIDE (__fini_array_start = .)
 *(SORT_BY_NAME(.fini_array.*))
 *(.fini_array)
 .fini_array    0x00000000200009e0        0x4 /opt/gcc-arm-none-eabi-9-2020-q2-update/bin/../lib/gcc/arm-none-eabi/9.3.1/thumb/v7e-m+fp/hard/crtbegin.o
                0x00000000200009e4                PROVIDE (__fini_array_end = .)
 *(.jcr*)
                0x00000000200009e4                . = ALIGN (0x4)
                0x00000000200009e4                __data_end__ = .
LOAD /opt/gcc-arm-none-eabi-9-2020-q2-update/bin/../lib/gcc/arm-none-eabi/9.3.1/thumb/v7e-m+fp/hard/crti.o
LOAD /opt/gcc-arm-none-eabi-9-2020-q2-update/bin/../lib/gcc/arm-none-eabi/9.3.1/thumb/v7e-m+fp/hard/crtbegin.o
LOAD /opt/gcc-arm-none-eabi-9-2020-q2-update/bin/../lib/gcc/arm-none-eabi/9.3.1/../../../../arm-none-eabi/lib/thumb/v7e-m+fp/hard/crt0.o
START GROUP
LOAD _build/lsm303agr.o
LOAD _build/main.o
LOAD _build/better_error_handling.o
LOAD _build/microbit_nrf_log_backend_uart.o
LOAD _build/microbit_retarget.o
LOAD _build/microbit_before_startup.o
LOAD _build/app_error_handler_gcc.o
LOAD _build/app_scheduler.o
LOAD _build/app_timer.o
LOAD _build/app_util_platform.o
LOAD _build/hardfault_handler_gcc.o
LOAD _build/hardfault_implementation.o
LOAD _build/nrf_assert.o
LOAD _build/nrf_atomic.o
LOAD _build/nrf_balloc.o
LOAD _build/nrf_drv_twi.o
LOAD _build/nrf_drv_uart.o
LOAD _build/nrf_fprintf.o
LOAD _build/nrf_fprintf_format.o
LOAD _build/nrf_log_backend_rtt.o
LOAD _build/nrf_log_backend_serial.o
LOAD _build/nrf_log_default_backends.o
LOAD _build/nrf_log_frontend.o
LOAD _build/nrf_log_str_formatter.o
LOAD _build/nrf_pwr_mgmt.o
LOAD _build/nrf_memobj.o
LOAD _build/nrf_ringbuf.o
LOAD _build/nrf_section_iter.o
LOAD _build/nrf_serial.o
LOAD _build/nrf_sdh.o
LOAD _build/nrf_strerror.o
LOAD _build/nrf_queue.o
LOAD _build/nrf_drv_clock.o
LOAD _build/nrf_nvmc.o
LOAD _build/nrfx_gpiote.o
LOAD _build/nrfx_ppi.o
LOAD _build/nrfx_prs.o
LOAD _build/nrfx_saadc.o
LOAD _build/nrfx_timer.o
LOAD _build/nrfx_twi.o
LOAD _build/nrfx_twim.o
LOAD _build/nrfx_clock.o
LOAD _build/nrfx_uart.o
LOAD _build/nrfx_uarte.o
LOAD _build/app_fifo.o
LOAD _build/app_uart_fifo.o
LOAD _build/nrf_twi_mngr.o
LOAD _build/nrfx_pwm.o
LOAD _build/system_nrf52833.o
LOAD _build/app_error_weak.o
LOAD _build/gcc_startup_nrf52833.os
LOAD /opt/gcc-arm-none-eabi-9-2020-q2-update/bin/../lib/gcc/arm-none-eabi/9.3.1/../../../../arm-none-eabi/lib/thumb/v7e-m+fp/hard/libc.a
LOAD /opt/gcc-arm-none-eabi-9-2020-q2-update/bin/../lib/gcc/arm-none-eabi/9.3.1/../../../../arm-none-eabi/lib/thumb/v7e-m+fp/hard/libnosys.a
LOAD /opt/gcc-arm-none-eabi-9-2020-q2-update/bin/../lib/gcc/arm-none-eabi/9.3.1/../../../../arm-none-eabi/lib/thumb/v7e-m+fp/hard/libm.a
LOAD /opt/gcc-arm-none-eabi-9-2020-q2-update/bin/../lib/gcc/arm-none-eabi/9.3.1/../../../../arm-none-eabi/lib/thumb/v7e-m+fp/hard/libstdc++.a
END GROUP
START GROUP
LOAD /opt/gcc-arm-none-eabi-9-2020-q2-update/bin/../lib/gcc/arm-none-eabi/9.3.1/thumb/v7e-m+fp/hard/libgcc.a
LOAD /opt/gcc-arm-none-eabi-9-2020-q2-update/bin/../lib/gcc/arm-none-eabi/9.3.1/../../../../arm-none-eabi/lib/thumb/v7e-m+fp/hard/libc.a
END GROUP
LOAD /opt/gcc-arm-none-eabi-9-2020-q2-update/bin/../lib/gcc/arm-none-eabi/9.3.1/thumb/v7e-m+fp/hard/crtend.o
LOAD /opt/gcc-arm-none-eabi-9-2020-q2-update/bin/../lib/gcc/arm-none-eabi/9.3.1/thumb/v7e-m+fp/hard/crtn.o
START GROUP
LOAD /opt/gcc-arm-none-eabi-9-2020-q2-update/bin/../lib/gcc/arm-none-eabi/9.3.1/thumb/v7e-m+fp/hard/libgcc.a
LOAD /opt/gcc-arm-none-eabi-9-2020-q2-update/bin/../lib/gcc/arm-none-eabi/9.3.1/../../../../arm-none-eabi/lib/thumb/v7e-m+fp/hard/libc.a
LOAD /opt/gcc-arm-none-eabi-9-2020-q2-update/bin/../lib/gcc/arm-none-eabi/9.3.1/../../../../arm-none-eabi/lib/thumb/v7e-m+fp/hard/libnosys.a
END GROUP
                0x0000000000001000                FLASH_PAGE_SIZE = 0x1000
                0x0000000000000004                FLASH_DATA_PAGES_USED = 0x4

.igot.plt       0x00000000200009e4        0x0 load address 0x000000000000e2c0
 .igot.plt      0x00000000200009e4        0x0 /opt/gcc-arm-none-eabi-9-2020-q2-update/bin/../lib/gcc/arm-none-eabi/9.3.1/thumb/v7e-m+fp/hard/crtbegin.o
                0x00000000200009e4                . = ALIGN (0x4)

.svc_data       0x00000000200009e4        0x0
                [!provide]                        PROVIDE (__start_svc_data = .)
 *(.svc_data)
                [!provide]                        PROVIDE (__stop_svc_data = .)

.fs_data        0x00000000200009e4        0x0
                [!provide]                        PROVIDE (__start_fs_data = .)
 *(.fs_data)
                [!provide]                        PROVIDE (__stop_fs_data = .)

.log_dynamic_data
                0x00000000200009e4        0x0
                0x00000000200009e4                PROVIDE (__start_log_dynamic_data = .)
 *(SORT_BY_NAME(.log_dynamic_data*))
                [!provide]                        PROVIDE (__stop_log_dynamic_data = .)

.cli_sorted_cmd_ptrs
                0x00000000200009e4        0x0
                [!provide]                        PROVIDE (__start_cli_sorted_cmd_ptrs = .)
 *(.cli_sorted_cmd_ptrs)
                [!provide]                        PROVIDE (__stop_cli_sorted_cmd_ptrs = .)

.bss            0x00000000200009e4      0x918 load address 0x000000000000e2c0
                0x00000000200009e4                . = ALIGN (0x4)
                0x00000000200009e4                __bss_start__ = .
 *(.bss*)
 .bss           0x00000000200009e4       0x1c /opt/gcc-arm-none-eabi-9-2020-q2-update/bin/../lib/gcc/arm-none-eabi/9.3.1/thumb/v7e-m+fp/hard/crtbegin.o
 .bss.i2c_manager
                0x0000000020000a00        0x4 _build/lsm303agr.o
 .bss.twi_mngr_instance_cb
                0x0000000020000a04       0x1c _build/main.o
 .bss.twi_mngr_instance_queue_nrf_queue_buffer
                0x0000000020000a20        0x8 _build/main.o
 .bss.twi_mngr_instance_queue_nrf_queue_cb
                0x0000000020000a28        0xc _build/main.o
 .bss.m_async_mode
                0x0000000020000a34        0x1 _build/microbit_nrf_log_backend_uart.o
 .bss.m_string_buff
                0x0000000020000a35       0x40 _build/microbit_nrf_log_backend_uart.o
 .bss.m_xfer_done
                0x0000000020000a75        0x1 _build/microbit_nrf_log_backend_uart.o
 *fill*         0x0000000020000a76        0x2 
 .bss.m_op_queue
                0x0000000020000a78      0x10c _build/app_timer.o
 .bss.m_rtc1_reset
                0x0000000020000b84        0x1 _build/app_timer.o
 .bss.m_rtc1_running
                0x0000000020000b85        0x1 _build/app_timer.o
 *fill*         0x0000000020000b86        0x2 
 .bss.m_ticks_elapsed
                0x0000000020000b88        0x8 _build/app_timer.o
 .bss.m_ticks_elapsed_q_read_ind
                0x0000000020000b90        0x1 _build/app_timer.o
 .bss.m_ticks_elapsed_q_write_ind
                0x0000000020000b91        0x1 _build/app_timer.o
 *fill*         0x0000000020000b92        0x2 
 .bss.m_ticks_latest
                0x0000000020000b94        0x4 _build/app_timer.o
 .bss.mp_timer_id_head
                0x0000000020000b98        0x4 _build/app_timer.o
 .bss.m_in_critical_region
                0x0000000020000b9c        0x4 _build/app_util_platform.o
 .bss.m_contexts
                0x0000000020000ba0        0x8 _build/nrf_drv_twi.o
 .bss.m_handlers
                0x0000000020000ba8        0x8 _build/nrf_drv_twi.o
 .bss.m_contexts
                0x0000000020000bb0        0x8 _build/nrf_drv_uart.o
 .bss.m_handlers
                0x0000000020000bb8        0x8 _build/nrf_drv_uart.o
 .bss.log_mempool_nrf_balloc_cb
                0x0000000020000bc0        0x8 _build/nrf_log_frontend.o
 .bss.log_mempool_nrf_balloc_pool_mem
                0x0000000020000bc8       0xc0 _build/nrf_log_frontend.o
 .bss.log_mempool_nrf_balloc_pool_stack
                0x0000000020000c88        0x8 _build/nrf_log_frontend.o
 .bss.m_log_data
                0x0000000020000c90      0x424 _build/nrf_log_frontend.o
 .bss.m_log_push_ringbuf_buf
                0x00000000200010b4       0x80 _build/nrf_log_frontend.o
 .bss.m_log_push_ringbuf_cb
                0x0000000020001134       0x18 _build/nrf_log_frontend.o
 .bss.m_cb      0x000000002000114c       0x68 _build/nrfx_gpiote.o
 .bss.m_prs_box_4
                0x00000000200011b4        0x8 _build/nrfx_prs.o
 .bss.m_cb      0x00000000200011bc       0x30 _build/nrfx_saadc.o
 .bss.m_cb      0x00000000200011ec       0x18 _build/nrfx_timer.o
 .bss.m_cb      0x0000000020001204       0x34 _build/nrfx_twim.o
 .bss.m_clock_cb
                0x0000000020001238        0x8 _build/nrfx_clock.o
 .bss.m_cb      0x0000000020001240       0x2c _build/nrfx_uart.o
 .bss.m_cb      0x000000002000126c       0x24 _build/nrfx_uarte.o
 .bss.m_cb      0x0000000020001290        0x8 _build/nrfx_pwm.o
 .bss.__malloc_current_mallinfo
                0x0000000020001298       0x28 /opt/gcc-arm-none-eabi-9-2020-q2-update/bin/../lib/gcc/arm-none-eabi/9.3.1/../../../../arm-none-eabi/lib/thumb/v7e-m+fp/hard/libc.a(lib_a-mallocr.o)
                0x0000000020001298                __malloc_current_mallinfo
 .bss.__malloc_max_sbrked_mem
                0x00000000200012c0        0x4 /opt/gcc-arm-none-eabi-9-2020-q2-update/bin/../lib/gcc/arm-none-eabi/9.3.1/../../../../arm-none-eabi/lib/thumb/v7e-m+fp/hard/libc.a(lib_a-mallocr.o)
                0x00000000200012c0                __malloc_max_sbrked_mem
 .bss.__malloc_max_total_mem
                0x00000000200012c4        0x4 /opt/gcc-arm-none-eabi-9-2020-q2-update/bin/../lib/gcc/arm-none-eabi/9.3.1/../../../../arm-none-eabi/lib/thumb/v7e-m+fp/hard/libc.a(lib_a-mallocr.o)
                0x00000000200012c4                __malloc_max_total_mem
 .bss.__malloc_top_pad
                0x00000000200012c8        0x4 /opt/gcc-arm-none-eabi-9-2020-q2-update/bin/../lib/gcc/arm-none-eabi/9.3.1/../../../../arm-none-eabi/lib/thumb/v7e-m+fp/hard/libc.a(lib_a-mallocr.o)
                0x00000000200012c8                __malloc_top_pad
 .bss.heap_end.5507
                0x00000000200012cc        0x4 /opt/gcc-arm-none-eabi-9-2020-q2-update/bin/../lib/gcc/arm-none-eabi/9.3.1/../../../../arm-none-eabi/lib/thumb/v7e-m+fp/hard/libnosys.a(sbrk.o)
 *(COMMON)
 COMMON         0x00000000200012d0        0x2 _build/nrf_drv_uart.o
                0x00000000200012d0                nrf_drv_uart_use_easy_dma
 *fill*         0x00000000200012d2        0x2 
 COMMON         0x00000000200012d4       0x21 /opt/gcc-arm-none-eabi-9-2020-q2-update/bin/../lib/gcc/arm-none-eabi/9.3.1/../../../../arm-none-eabi/lib/thumb/v7e-m+fp/hard/libc.a(lib_a-lock.o)
                0x00000000200012d4                __lock___atexit_recursive_mutex
                0x00000000200012d8                __lock___arc4random_mutex
                0x00000000200012dc                __lock___env_recursive_mutex
                0x00000000200012e0                __lock___sinit_recursive_mutex
                0x00000000200012e4                __lock___malloc_recursive_mutex
                0x00000000200012e8                __lock___at_quick_exit_mutex
                0x00000000200012ec                __lock___dd_hash_mutex
                0x00000000200012f0                __lock___tz_mutex
                0x00000000200012f4                __lock___sfp_recursive_mutex
 *fill*         0x00000000200012f5        0x3 
 COMMON         0x00000000200012f8        0x4 /opt/gcc-arm-none-eabi-9-2020-q2-update/bin/../lib/gcc/arm-none-eabi/9.3.1/../../../../arm-none-eabi/lib/thumb/v7e-m+fp/hard/libc.a(lib_a-reent.o)
                0x00000000200012f8                errno
                0x00000000200012fc                . = ALIGN (0x4)
                0x00000000200012fc                __bss_end__ = .

.heap           0x0000000020001300     0x2000
                0x0000000020001300                __HeapBase = .
                0x0000000020001300                __end__ = .
                0x0000000020001300                PROVIDE (end = .)
 *(.heap*)
 .heap          0x0000000020001300     0x2000 _build/gcc_startup_nrf52833.os
                0x0000000020003300                __HeapLimit = .

.stack_dummy    0x0000000020001300     0x2000
 *(.stack*)
 .stack         0x0000000020001300     0x2000 _build/gcc_startup_nrf52833.os
                0x0000000020020000                __StackTop = (ORIGIN (RAM) + LENGTH (RAM))
                0x000000002001e000                __StackLimit = (__StackTop - SIZEOF (.stack_dummy))
                0x0000000020020000                PROVIDE (__stack = __StackTop)
                0x0000000000000001                ASSERT ((__StackLimit >= __HeapLimit), region RAM overflowed with stack)
                0x00000000000009e4                DataInitFlashUsed = (__bss_start__ - __data_start__)
                0x000000000000d8dc                CodeFlashUsed = (__etext - ORIGIN (FLASH))