Archive member included to satisfy reference by file (symbol)

/opt/gcc-arm-none-eabi-9-2020-q2-update/bin/../lib/gcc/arm-none-eabi/9.3.1/../../../../arm-none-eabi/lib/thumb/v7e-m+fp/hard/libc.a(lib_a-ctype_.o)
                              _build/nrf_log_str_formatter.o (_ctype_)
/opt/gcc-arm-none-eabi-9-2020-q2-update/bin/../lib/gcc/arm-none-eabi/9.3.1/../../../../arm-none-eabi/lib/thumb/v7e-m+fp/hard/libc.a(lib_a-exit.o)
                              /opt/gcc-arm-none-eabi-9-2020-q2-update/bin/../lib/gcc/arm-none-eabi/9.3.1/../../../../arm-none-eabi/lib/thumb/v7e-m+fp/hard/crt0.o (exit)
/opt/gcc-arm-none-eabi-9-2020-q2-update/bin/../lib/gcc/arm-none-eabi/9.3.1/../../../../arm-none-eabi/lib/thumb/v7e-m+fp/hard/libc.a(lib_a-impure.o)
                              /opt/gcc-arm-none-eabi-9-2020-q2-update/bin/../lib/gcc/arm-none-eabi/9.3.1/../../../../arm-none-eabi/lib/thumb/v7e-m+fp/hard/libc.a(lib_a-exit.o) (_global_impure_ptr)
/opt/gcc-arm-none-eabi-9-2020-q2-update/bin/../lib/gcc/arm-none-eabi/9.3.1/../../../../arm-none-eabi/lib/thumb/v7e-m+fp/hard/libc.a(lib_a-init.o)
                              /opt/gcc-arm-none-eabi-9-2020-q2-update/bin/../lib/gcc/arm-none-eabi/9.3.1/../../../../arm-none-eabi/lib/thumb/v7e-m+fp/hard/crt0.o (__libc_init_array)
/opt/gcc-arm-none-eabi-9-2020-q2-update/bin/../lib/gcc/arm-none-eabi/9.3.1/../../../../arm-none-eabi/lib/thumb/v7e-m+fp/hard/libc.a(lib_a-memcpy.o)
                              _build/app_scheduler.o (memcpy)
/opt/gcc-arm-none-eabi-9-2020-q2-update/bin/../lib/gcc/arm-none-eabi/9.3.1/../../../../arm-none-eabi/lib/thumb/v7e-m+fp/hard/libc.a(lib_a-memset.o)
                              /opt/gcc-arm-none-eabi-9-2020-q2-update/bin/../lib/gcc/arm-none-eabi/9.3.1/../../../../arm-none-eabi/lib/thumb/v7e-m+fp/hard/crt0.o (memset)
/opt/gcc-arm-none-eabi-9-2020-q2-update/bin/../lib/gcc/arm-none-eabi/9.3.1/../../../../arm-none-eabi/lib/thumb/v7e-m+fp/hard/libc.a(lib_a-printf.o)
                              _build/main.o (printf)
/opt/gcc-arm-none-eabi-9-2020-q2-update/bin/../lib/gcc/arm-none-eabi/9.3.1/../../../../arm-none-eabi/lib/thumb/v7e-m+fp/hard/libc.a(lib_a-setbuf.o)
                              _build/microbit_before_startup.o (setbuf)
/opt/gcc-arm-none-eabi-9-2020-q2-update/bin/../lib/gcc/arm-none-eabi/9.3.1/../../../../arm-none-eabi/lib/thumb/v7e-m+fp/hard/libc.a(lib_a-setvbuf.o)
                              /opt/gcc-arm-none-eabi-9-2020-q2-update/bin/../lib/gcc/arm-none-eabi/9.3.1/../../../../arm-none-eabi/lib/thumb/v7e-m+fp/hard/libc.a(lib_a-setbuf.o) (setvbuf)
/opt/gcc-arm-none-eabi-9-2020-q2-update/bin/../lib/gcc/arm-none-eabi/9.3.1/../../../../arm-none-eabi/lib/thumb/v7e-m+fp/hard/libc.a(lib_a-strlen.o)
                              _build/nrf_fprintf_format.o (strlen)
/opt/gcc-arm-none-eabi-9-2020-q2-update/bin/../lib/gcc/arm-none-eabi/9.3.1/../../../../arm-none-eabi/lib/thumb/v7e-m+fp/hard/libc.a(lib_a-vfprintf.o)
                              /opt/gcc-arm-none-eabi-9-2020-q2-update/bin/../lib/gcc/arm-none-eabi/9.3.1/../../../../arm-none-eabi/lib/thumb/v7e-m+fp/hard/libc.a(lib_a-printf.o) (_vfprintf_r)
/opt/gcc-arm-none-eabi-9-2020-q2-update/bin/../lib/gcc/arm-none-eabi/9.3.1/../../../../arm-none-eabi/lib/thumb/v7e-m+fp/hard/libc.a(lib_a-wsetup.o)
                              /opt/gcc-arm-none-eabi-9-2020-q2-update/bin/../lib/gcc/arm-none-eabi/9.3.1/../../../../arm-none-eabi/lib/thumb/v7e-m+fp/hard/libc.a(lib_a-vfprintf.o) (__swsetup_r)
/opt/gcc-arm-none-eabi-9-2020-q2-update/bin/../lib/gcc/arm-none-eabi/9.3.1/../../../../arm-none-eabi/lib/thumb/v7e-m+fp/hard/libc.a(lib_a-__call_atexit.o)
                              /opt/gcc-arm-none-eabi-9-2020-q2-update/bin/../lib/gcc/arm-none-eabi/9.3.1/../../../../arm-none-eabi/lib/thumb/v7e-m+fp/hard/libc.a(lib_a-exit.o) (__call_exitprocs)
/opt/gcc-arm-none-eabi-9-2020-q2-update/bin/../lib/gcc/arm-none-eabi/9.3.1/../../../../arm-none-eabi/lib/thumb/v7e-m+fp/hard/libc.a(lib_a-atexit.o)
                              /opt/gcc-arm-none-eabi-9-2020-q2-update/bin/../lib/gcc/arm-none-eabi/9.3.1/../../../../arm-none-eabi/lib/thumb/v7e-m+fp/hard/libc.a(lib_a-__call_atexit.o) (atexit)
/opt/gcc-arm-none-eabi-9-2020-q2-update/bin/../lib/gcc/arm-none-eabi/9.3.1/../../../../arm-none-eabi/lib/thumb/v7e-m+fp/hard/libc.a(lib_a-dtoa.o)
                              /opt/gcc-arm-none-eabi-9-2020-q2-update/bin/../lib/gcc/arm-none-eabi/9.3.1/../../../../arm-none-eabi/lib/thumb/v7e-m+fp/hard/libc.a(lib_a-vfprintf.o) (_dtoa_r)
/opt/gcc-arm-none-eabi-9-2020-q2-update/bin/../lib/gcc/arm-none-eabi/9.3.1/../../../../arm-none-eabi/lib/thumb/v7e-m+fp/hard/libc.a(lib_a-fflush.o)
                              /opt/gcc-arm-none-eabi-9-2020-q2-update/bin/../lib/gcc/arm-none-eabi/9.3.1/../../../../arm-none-eabi/lib/thumb/v7e-m+fp/hard/libc.a(lib_a-setvbuf.o) (_fflush_r)
/opt/gcc-arm-none-eabi-9-2020-q2-update/bin/../lib/gcc/arm-none-eabi/9.3.1/../../../../arm-none-eabi/lib/thumb/v7e-m+fp/hard/libc.a(lib_a-findfp.o)
[...]
Memory Configuration

Name             Origin             Length             Attributes
FLASH            0x0000000000000000 0x0000000000080000 xr
RAM              0x0000000020000000 0x0000000000020000 xrw
*default*        0x0000000000000000 0xffffffffffffffff

Linker script and memory map

                0x000000000007f000                __stop_ot_flash_data = ((ORIGIN (FLASH) + LENGTH (FLASH)) - FLASH_PAGE_SIZE)
                0x000000000007b000                __start_ot_flash_data = (__stop_ot_flash_data - (FLASH_PAGE_SIZE * FLASH_DATA_PAGES_USED))
                0x0000000000000001                ASSERT ((__start_ot_flash_data >= (__etext + SIZEOF (.data))), Error: Code overlaps flash data area.)

.text           0x0000000000000000     0xbfc8
 *(.isr_vector)
 .isr_vector    0x0000000000000000      0x200 _build/gcc_startup_nrf52833.os
                0x0000000000000000                __isr_vector
 *(.text*)
 .text          0x0000000000000200       0x40 /opt/gcc-arm-none-eabi-9-2020-q2-update/bin/../lib/gcc/arm-none-eabi/9.3.1/thumb/v7e-m+fp/hard/crtbegin.o
 .text          0x0000000000000240       0x7c /opt/gcc-arm-none-eabi-9-2020-q2-update/bin/../lib/gcc/arm-none-eabi/9.3.1/../../../../arm-none-eabi/lib/thumb/v7e-m+fp/hard/crt0.o
                0x0000000000000240                _stack_init
                0x0000000000000248                _mainCRTStartup
                0x0000000000000248                _start
 .text.nrf_gpio_pin_port_decode
                0x00000000000002bc       0x30 _build/led_matrix.o
 .text.nrf_gpio_pin_clear
                0x00000000000002ec       0x1a _build/led_matrix.o
 .text.nrf_gpio_pin_set
                0x0000000000000306       0x1a _build/led_matrix.o
 .text.nrf_gpio_pin_write
                0x0000000000000320        0xa _build/led_matrix.o
 .text.nrf_gpio_pin_dir_set.constprop.0
                0x000000000000032a       0x1a _build/led_matrix.o
 .text.update_matrix
                0x0000000000000344       0x1c _build/led_matrix.o
                0x0000000000000344                update_matrix
 .text.print_char
                0x0000000000000360       0x10 _build/led_matrix.o
                0x0000000000000360                print_char
 .text.update_leds
                0x0000000000000370       0xc4 _build/led_matrix.o
                0x0000000000000370                update_leds
 .text.led0_toggle
                0x0000000000000434        0x4 _build/led_matrix.o
 .text.led_matrix_init
                0x0000000000000438       0xb0 _build/led_matrix.o
                0x0000000000000438                led_matrix_init
 .text.nrf_delay_ms.part.0
                0x00000000000004e8       0x1c _build/main.o
 .text.print_string
                0x0000000000000504       0x40 _build/main.o
                0x0000000000000504                print_string
 *fill*         0x0000000000000544        0x4 
 .text.startup.main
                0x0000000000000548       0x64 _build/main.o
                0x0000000000000548                main
 .text.nrf_gpio_pin_port_decode
                0x00000000000005ac       0x30 _build/better_error_handling.o
 .text.nrf_gpio_pin_clear
                0x00000000000005dc       0x1a _build/better_error_handling.o
 .text.nrf_gpio_pin_set
                0x00000000000005f6       0x1a _build/better_error_handling.o
 .text.nrf_delay_ms.part.0
                0x0000000000000610       0x1c _build/better_error_handling.o
 .text.error_blink_pattern
                0x000000000000062c      0x104 _build/better_error_handling.o
 .text.app_error_fault_handler
                0x0000000000000730       0x74 _build/better_error_handling.o
                0x0000000000000730                app_error_fault_handler
 .text.HardFault_process
                0x00000000000007a4        0x6 _build/better_error_handling.o
                0x00000000000007a4                HardFault_process
 .text.nrf_log_backend_uart_flush
                0x00000000000007aa        0x2 _build/microbit_nrf_log_backend_uart.o
 .text.nrf_log_backend_uart_put
                0x00000000000007ac       0x1c _build/microbit_nrf_log_backend_uart.o
 .text.uart_init.constprop.0
                0x00000000000007c8       0x5c _build/microbit_nrf_log_backend_uart.o
 .text.serial_tx
                0x0000000000000824       0x50 _build/microbit_nrf_log_backend_uart.o
 .text.nrf_log_backend_uart_panic_set
                0x0000000000000874       0x2c _build/microbit_nrf_log_backend_uart.o
 .text.nrf_log_backend_uart_init
                0x00000000000008a0        0x4 _build/microbit_nrf_log_backend_uart.o
                0x00000000000008a0                nrf_log_backend_uart_init
 .text._write   0x00000000000008a4       0x2c _build/microbit_retarget.o
                0x00000000000008a4                _write
 .text._read    0x00000000000008d0       0x30 _build/microbit_retarget.o
                0x00000000000008d0                _read
 .text.startup.called_first
                0x0000000000000900       0x48 _build/microbit_before_startup.o
                0x0000000000000900                called_first
 .text.app_error_handler
                0x0000000000000948       0x1a _build/app_error_handler_gcc.o
                0x0000000000000948                app_error_handler
 *fill*         0x0000000000000962        0x2 
 .text.user_op_alloc
                0x0000000000000964       0x2c _build/app_timer.o
 .text.nrfx_coredep_delay_us.part.0.constprop.0
                0x0000000000000990       0x10 _build/app_timer.o
 .text.RTC1_IRQHandler
                0x00000000000009a0       0x9c _build/app_timer.o
                0x00000000000009a0                RTC1_IRQHandler
 .text.SWI0_EGU0_IRQHandler
                0x0000000000000a3c      0x2b8 _build/app_timer.o
                0x0000000000000a3c                SWI0_EGU0_IRQHandler
 .text.app_timer_init
                0x0000000000000cf4       0x90 _build/app_timer.o
                0x0000000000000cf4                app_timer_init
 .text.app_timer_create
                0x0000000000000d84       0x24 _build/app_timer.o
                0x0000000000000d84                app_timer_create
 .text.app_timer_start
                0x0000000000000da8       0x8c _build/app_timer.o
                0x0000000000000da8                app_timer_start
 .text.app_util_disable_irq
                0x0000000000000e34       0x10 _build/app_util_platform.o
                0x0000000000000e34                app_util_disable_irq
 .text.app_util_enable_irq
                0x0000000000000e44       0x14 _build/app_util_platform.o
                0x0000000000000e44                app_util_enable_irq
 .text.privilege_level_get
                0x0000000000000e58       0x1a _build/app_util_platform.o
                0x0000000000000e58                privilege_level_get
 *fill*         0x0000000000000e72        0x2 
 .text.app_util_critical_region_enter
                0x0000000000000e74       0x20 _build/app_util_platform.o
                0x0000000000000e74                app_util_critical_region_enter
 .text.app_util_critical_region_exit
                0x0000000000000e94       0x20 _build/app_util_platform.o
                0x0000000000000e94                app_util_critical_region_exit
 .text.HardFault_Handler
                0x0000000000000eb4       0x34 _build/hardfault_handler_gcc.o
                0x0000000000000eb4                HardFault_Handler
 .text.HardFault_c_handler
                0x0000000000000ee8      0x104 _build/hardfault_implementation.o
                0x0000000000000ee8                HardFault_c_handler
 .text.assert_nrf_callback
                0x0000000000000fec       0x1a _build/nrf_assert.o
                0x0000000000000fec                assert_nrf_callback
 .text.nrf_atomic_u32_fetch_store
                0x0000000000001006       0x16 _build/nrf_atomic.o
                0x0000000000001006                nrf_atomic_u32_fetch_store
 .text.nrf_atomic_u32_or
                0x000000000000101c       0x18 _build/nrf_atomic.o
                0x000000000000101c                nrf_atomic_u32_or
 .text.nrf_atomic_u32_fetch_and
                0x0000000000001034       0x18 _build/nrf_atomic.o
                0x0000000000001034                nrf_atomic_u32_fetch_and
 .text.nrf_atomic_u32_add
                0x000000000000104c       0x18 _build/nrf_atomic.o
                0x000000000000104c                nrf_atomic_u32_add
 .text.nrf_atomic_u32_sub
                0x0000000000001064       0x18 _build/nrf_atomic.o
                0x0000000000001064                nrf_atomic_u32_sub
 .text.nrf_atomic_flag_set
                0x000000000000107c        0x6 _build/nrf_atomic.o
                0x000000000000107c                nrf_atomic_flag_set
 .text.nrf_atomic_flag_clear_fetch
                0x0000000000001082        0x6 _build/nrf_atomic.o
                0x0000000000001082                nrf_atomic_flag_clear_fetch
 .text.nrf_balloc_init
                0x0000000000001088       0x7c _build/nrf_balloc.o
                0x0000000000001088                nrf_balloc_init
 .text.nrf_balloc_alloc
                0x0000000000001104       0x54 _build/nrf_balloc.o
                0x0000000000001104                nrf_balloc_alloc
 .text.nrf_balloc_free
                0x0000000000001158       0x48 _build/nrf_balloc.o
                0x0000000000001158                nrf_balloc_free
 .text.uarte_evt_handler
                0x00000000000011a0       0x34 _build/nrf_drv_uart.o
 .text.uart_evt_handler
                0x00000000000011d4       0x34 _build/nrf_drv_uart.o
 .text.nrf_drv_uart_init
                0x0000000000001208       0x7c _build/nrf_drv_uart.o
                0x0000000000001208                nrf_drv_uart_init
 .text.nrf_fprintf_buffer_flush
                0x0000000000001284       0x24 _build/nrf_fprintf.o
                0x0000000000001284                nrf_fprintf_buffer_flush
 .text.nrf_fprintf
                0x00000000000012a8       0x54 _build/nrf_fprintf.o
                0x00000000000012a8                nrf_fprintf
 .text.buffer_add
                0x00000000000012fc       0x1e _build/nrf_fprintf_format.o
 *fill*         0x000000000000131a        0x2 
 .text.unsigned_print
                0x000000000000131c       0xb4 _build/nrf_fprintf_format.o
 .text.nrf_fprintf_fmt
                0x00000000000013d0      0x2d8 _build/nrf_fprintf_format.o
                0x00000000000013d0                nrf_fprintf_fmt
 .text.nrf_log_backend_serial_put
                0x00000000000016a8       0xc2 _build/nrf_log_backend_serial.o
                0x00000000000016a8                nrf_log_backend_serial_put
 *fill*         0x000000000000176a        0x2 
 .text.nrf_log_default_backends_init
                0x000000000000176c       0x30 _build/nrf_log_default_backends.o
                0x000000000000176c                nrf_log_default_backends_init
 .text.invalid_packets_omit
                0x000000000000179c       0x3a _build/nrf_log_frontend.o
 *fill*         0x00000000000017d6        0x2 
 .text.buf_prealloc
                0x00000000000017d8      0x144 _build/nrf_log_frontend.o
 .text.nrf_log_init
                0x000000000000191c       0x3c _build/nrf_log_frontend.o
                0x000000000000191c                nrf_log_init
 .text.nrf_log_module_name_get
                0x0000000000001958       0x38 _build/nrf_log_frontend.o
                0x0000000000001958                nrf_log_module_name_get
 .text.nrf_log_color_id_get
                0x0000000000001990       0x2c _build/nrf_log_frontend.o
                0x0000000000001990                nrf_log_color_id_get
 .text.buffer_is_empty
                0x00000000000019bc       0x14 _build/nrf_log_frontend.o
                0x00000000000019bc                buffer_is_empty
 .text.nrf_log_frontend_dequeue
                0x00000000000019d0      0x218 _build/nrf_log_frontend.o
                0x00000000000019d0                nrf_log_frontend_dequeue
 .text.std_n    0x0000000000001be8       0xb8 _build/nrf_log_frontend.o
 .text.nrf_log_frontend_std_0
                0x0000000000001ca0        0x8 _build/nrf_log_frontend.o
                0x0000000000001ca0                nrf_log_frontend_std_0
 .text.nrf_log_frontend_std_1
                0x0000000000001ca8       0x12 _build/nrf_log_frontend.o
                0x0000000000001ca8                nrf_log_frontend_std_1
 .text.nrf_log_frontend_std_3
                0x0000000000001cba       0x18 _build/nrf_log_frontend.o
                0x0000000000001cba                nrf_log_frontend_std_3
 .text.nrf_log_frontend_std_4
                0x0000000000001cd2       0x1c _build/nrf_log_frontend.o
                0x0000000000001cd2                nrf_log_frontend_std_4
 *fill*         0x0000000000001cee        0x2 
 .text.nrf_log_backend_add
                0x0000000000001cf0       0x54 _build/nrf_log_frontend.o
                0x0000000000001cf0                nrf_log_backend_add
 .text.nrf_log_panic
                0x0000000000001d44       0x2c _build/nrf_log_frontend.o
                0x0000000000001d44                nrf_log_panic
 .text.postfix_process
                0x0000000000001d70       0x44 _build/nrf_log_str_formatter.o
 .text.prefix_process
                0x0000000000001db4       0x7c _build/nrf_log_str_formatter.o
 .text.nrf_log_std_entry_process
                0x0000000000001e30       0xc8 _build/nrf_log_str_formatter.o
                0x0000000000001e30                nrf_log_std_entry_process
 .text.nrf_log_hexdump_entry_process
                0x0000000000001ef8       0xbc _build/nrf_log_str_formatter.o
                0x0000000000001ef8                nrf_log_hexdump_entry_process
 .text.memobj_op
                0x0000000000001fb4       0xa8 _build/nrf_memobj.o
 .text.nrf_memobj_pool_init
                0x000000000000205c        0x4 _build/nrf_memobj.o
                0x000000000000205c                nrf_memobj_pool_init
 .text.nrf_memobj_free
                0x0000000000002060       0x2c _build/nrf_memobj.o
                0x0000000000002060                nrf_memobj_free
 .text.nrf_memobj_alloc
                0x000000000000208c       0x5e _build/nrf_memobj.o
                0x000000000000208c                nrf_memobj_alloc
 .text.nrf_memobj_get
                0x00000000000020ea        0x8 _build/nrf_memobj.o
                0x00000000000020ea                nrf_memobj_get
 .text.nrf_memobj_put
                0x00000000000020f2       0x1e _build/nrf_memobj.o
                0x00000000000020f2                nrf_memobj_put
 .text.nrf_memobj_write
                0x0000000000002110       0x28 _build/nrf_memobj.o
                0x0000000000002110                nrf_memobj_write
 .text.nrf_memobj_read
                0x0000000000002138       0x28 _build/nrf_memobj.o
                0x0000000000002138                nrf_memobj_read
 .text.nrf_ringbuf_init
                0x0000000000002160       0x1c _build/nrf_ringbuf.o
                0x0000000000002160                nrf_ringbuf_init
 .text.nrf_strerror_find
                0x000000000000217c       0x3c _build/nrf_strerror.o
                0x000000000000217c                nrf_strerror_find
 .text.nrf_strerror_get
                0x00000000000021b8       0x14 _build/nrf_strerror.o
                0x00000000000021b8                nrf_strerror_get
 .text.nrf_gpiote_event_clear
                0x00000000000021cc       0x18 _build/nrfx_gpiote.o
 .text.nrf_gpio_pin_port_decode
                0x00000000000021e4       0x30 _build/nrfx_gpiote.o
 .text.nrf_gpio_cfg_sense_set
                0x0000000000002214       0x2e _build/nrfx_gpiote.o
 *fill*         0x0000000000002242        0x2 
 .text.nrf_gpio_ports_read.constprop.0
                0x0000000000002244       0x18 _build/nrfx_gpiote.o
 .text.GPIOTE_IRQHandler
                0x000000000000225c      0x1a8 _build/nrfx_gpiote.o
                0x000000000000225c                GPIOTE_IRQHandler
 .text.UARTE0_UART0_IRQHandler
                0x0000000000002404       0x20 _build/nrfx_prs.o
                0x0000000000002404                UARTE0_UART0_IRQHandler
 .text.nrfx_prs_acquire
                0x0000000000002424       0x44 _build/nrfx_prs.o
                0x0000000000002424                nrfx_prs_acquire
 .text.nrfx_prs_release
                0x0000000000002468       0x28 _build/nrfx_prs.o
                0x0000000000002468                nrfx_prs_release
 .text.nrf_saadc_event_clear
                0x0000000000002490       0x18 _build/nrfx_saadc.o
 .text.SAADC_IRQHandler
                0x00000000000024a8      0x160 _build/nrfx_saadc.o
                0x00000000000024a8                SAADC_IRQHandler
 .text.irq_handler.constprop.0
                0x0000000000002608       0x4c _build/nrfx_timer.o
 .text.TIMER0_IRQHandler
                0x0000000000002654       0x10 _build/nrfx_timer.o
                0x0000000000002654                TIMER0_IRQHandler
 .text.TIMER1_IRQHandler
                0x0000000000002664       0x10 _build/nrfx_timer.o
                0x0000000000002664                TIMER1_IRQHandler
 .text.nrf_twim_event_clear
                0x0000000000002674       0x10 _build/nrfx_twim.o
 .text.xfer_completeness_check
                0x0000000000002684       0x6c _build/nrfx_twim.o
 .text.SPIM0_SPIS0_TWIM0_TWIS0_SPI0_TWI0_IRQHandler
                0x00000000000026f0      0x158 _build/nrfx_twim.o
                0x00000000000026f0                SPIM0_SPIS0_TWIM0_TWIS0_SPI0_TWI0_IRQHandler
 .text.POWER_CLOCK_IRQHandler
                0x0000000000002848       0x5c _build/nrfx_clock.o
                0x0000000000002848                POWER_CLOCK_IRQHandler
 .text.nrf_uart_event_clear
                0x00000000000028a4       0x10 _build/nrfx_uart.o
 .text.tx_byte  0x00000000000028b4       0x1e _build/nrfx_uart.o
 *fill*         0x00000000000028d2        0x2 
 .text.nrf_gpio_pin_port_decode
                0x00000000000028d4       0x30 _build/nrfx_uart.o
 .text.nrf_gpio_cfg_default
                0x0000000000002904       0x1c _build/nrfx_uart.o
 .text.rx_enable.isra.0
                0x0000000000002920       0x20 _build/nrfx_uart.o
 .text.rx_byte  0x0000000000002940       0x2c _build/nrfx_uart.o
 .text.rx_done_event.constprop.0
                0x000000000000296c       0x20 _build/nrfx_uart.o
 .text.nrfx_uart_0_irq_handler
                0x000000000000298c      0x13c _build/nrfx_uart.o
                0x000000000000298c                nrfx_uart_0_irq_handler
 .text.nrfx_uart_init
                0x0000000000002ac8      0x1e4 _build/nrfx_uart.o
                0x0000000000002ac8                nrfx_uart_init
 .text.nrfx_uart_uninit
                0x0000000000002cac       0xc0 _build/nrfx_uart.o
                0x0000000000002cac                nrfx_uart_uninit
 .text.nrfx_uart_tx
                0x0000000000002d6c       0xe0 _build/nrfx_uart.o
                0x0000000000002d6c                nrfx_uart_tx
 .text.nrfx_uart_rx
                0x0000000000002e4c      0x130 _build/nrfx_uart.o
                0x0000000000002e4c                nrfx_uart_rx
 .text.nrf_uarte_event_clear
                0x0000000000002f7c       0x10 _build/nrfx_uarte.o
 .text.nrf_gpio_pin_port_decode
                0x0000000000002f8c       0x30 _build/nrfx_uarte.o
 .text.nrf_gpio_cfg_default
                0x0000000000002fbc       0x1c _build/nrfx_uarte.o
 .text.rx_done_event.constprop.0
                0x0000000000002fd8       0x20 _build/nrfx_uarte.o
 .text.nrfx_uarte_0_irq_handler
                0x0000000000002ff8      0x118 _build/nrfx_uarte.o
                0x0000000000002ff8                nrfx_uarte_0_irq_handler
 .text.nrfx_uarte_init
                0x0000000000003110      0x1f8 _build/nrfx_uarte.o
                0x0000000000003110                nrfx_uarte_init
 .text.nrfx_uarte_uninit
                0x0000000000003308       0xec _build/nrfx_uarte.o
                0x0000000000003308                nrfx_uarte_uninit
 .text.nrfx_uarte_tx
                0x00000000000033f4       0xf4 _build/nrfx_uarte.o
                0x00000000000033f4                nrfx_uarte_tx
 .text.nrfx_uarte_rx
                0x00000000000034e8      0x130 _build/nrfx_uarte.o
                0x00000000000034e8                nrfx_uarte_rx
 .text.errata_36
                0x0000000000003618       0x20 _build/system_nrf52833.o
 .text.SystemInit
                0x0000000000003638      0x174 _build/system_nrf52833.o
                0x0000000000003638                SystemInit
 .text          0x00000000000037ac       0x3c _build/gcc_startup_nrf52833.os
                0x00000000000037ac                Reset_Handler
                0x00000000000037d4                NMI_Handler
                0x00000000000037d8                MemoryManagement_Handler
                0x00000000000037da                BusFault_Handler
                0x00000000000037dc                UsageFault_Handler
                0x00000000000037de                SVC_Handler
                0x00000000000037e0                DebugMon_Handler
                0x00000000000037e2                PendSV_Handler
                0x00000000000037e4                SysTick_Handler
                0x00000000000037e6                TIMER2_IRQHandler
                0x00000000000037e6                RTC0_IRQHandler
                0x00000000000037e6                SWI2_EGU2_IRQHandler
                0x00000000000037e6                PWM1_IRQHandler
                0x00000000000037e6                RADIO_IRQHandler
                0x00000000000037e6                PDM_IRQHandler
                0x00000000000037e6                TEMP_IRQHandler
                0x00000000000037e6                QDEC_IRQHandler
                0x00000000000037e6                TIMER3_IRQHandler
                0x00000000000037e6                PWM3_IRQHandler
                0x00000000000037e6                FPU_IRQHandler
                0x00000000000037e6                USBD_IRQHandler
                0x00000000000037e6                TIMER4_IRQHandler
                0x00000000000037e6                I2S_IRQHandler
                0x00000000000037e6                SWI4_EGU4_IRQHandler
                0x00000000000037e6                UARTE1_IRQHandler
                0x00000000000037e6                SPIM3_IRQHandler
                0x00000000000037e6                PWM2_IRQHandler
                0x00000000000037e6                ECB_IRQHandler
                0x00000000000037e6                SPIM1_SPIS1_TWIM1_TWIS1_SPI1_TWI1_IRQHandler
                0x00000000000037e6                Default_Handler
                0x00000000000037e6                CCM_AAR_IRQHandler
                0x00000000000037e6                WDT_IRQHandler
                0x00000000000037e6                SWI5_EGU5_IRQHandler
                0x00000000000037e6                RNG_IRQHandler
                0x00000000000037e6                RTC2_IRQHandler
                0x00000000000037e6                PWM0_IRQHandler
                0x00000000000037e6                SWI3_EGU3_IRQHandler
                0x00000000000037e6                SWI1_EGU1_IRQHandler
                0x00000000000037e6                SPIM2_SPIS2_SPI2_IRQHandler
                0x00000000000037e6                NFCT_IRQHandler
                0x00000000000037e6                MWU_IRQHandler
                0x00000000000037e6                COMP_LPCOMP_IRQHandler
 .text.exit     0x00000000000037e8       0x20 /opt/gcc-arm-none-eabi-9-2020-q2-update/bin/../lib/gcc/arm-none-eabi/9.3.1/../../../../arm-none-eabi/lib/thumb/v7e-m+fp/hard/libc.a(lib_a-exit.o)
                0x00000000000037e8                exit
 .text.__libc_init_array
                0x0000000000003808       0x48 /opt/gcc-arm-none-eabi-9-2020-q2-update/bin/../lib/gcc/arm-none-eabi/9.3.1/../../../../arm-none-eabi/lib/thumb/v7e-m+fp/hard/libc.a(lib_a-init.o)
                0x0000000000003808                __libc_init_array
 .text          0x0000000000003850      0x134 /opt/gcc-arm-none-eabi-9-2020-q2-update/bin/../lib/gcc/arm-none-eabi/9.3.1/../../../../arm-none-eabi/lib/thumb/v7e-m+fp/hard/libc.a(lib_a-memcpy.o)
                0x0000000000003850                memcpy
 .text.memset   0x0000000000003984       0xa0 /opt/gcc-arm-none-eabi-9-2020-q2-update/bin/../lib/gcc/arm-none-eabi/9.3.1/../../../../arm-none-eabi/lib/thumb/v7e-m+fp/hard/libc.a(lib_a-memset.o)
                0x0000000000003984                memset
 .text.printf   0x0000000000003a24       0x28 /opt/gcc-arm-none-eabi-9-2020-q2-update/bin/../lib/gcc/arm-none-eabi/9.3.1/../../../../arm-none-eabi/lib/thumb/v7e-m+fp/hard/libc.a(lib_a-printf.o)
                0x0000000000003a24                printf
 .text.setbuf   0x0000000000003a4c       0x10 /opt/gcc-arm-none-eabi-9-2020-q2-update/bin/../lib/gcc/arm-none-eabi/9.3.1/../../../../arm-none-eabi/lib/thumb/v7e-m+fp/hard/libc.a(lib_a-setbuf.o)
                0x0000000000003a4c                setbuf
 .text.setvbuf  0x0000000000003a5c      0x1a0 /opt/gcc-arm-none-eabi-9-2020-q2-update/bin/../lib/gcc/arm-none-eabi/9.3.1/../../../../arm-none-eabi/lib/thumb/v7e-m+fp/hard/libc.a(lib_a-setvbuf.o)
                0x0000000000003a5c                setvbuf
 *fill*         0x0000000000003bfc        0x4 
 .text          0x0000000000003c00       0xdc /opt/gcc-arm-none-eabi-9-2020-q2-update/bin/../lib/gcc/arm-none-eabi/9.3.1/../../../../arm-none-eabi/lib/thumb/v7e-m+fp/hard/libc.a(lib_a-strlen.o)
                0x0000000000003c00                strlen
 *fill*         0x0000000000003cdc        0x4 
 .text._vfprintf_r
                0x0000000000003ce0     0x1be0 /opt/gcc-arm-none-eabi-9-2020-q2-update/bin/../lib/gcc/arm-none-eabi/9.3.1/../../../../arm-none-eabi/lib/thumb/v7e-m+fp/hard/libc.a(lib_a-vfprintf.o)
                0x0000000000003ce0                _vfprintf_r
 .text.__sbprintf
                0x00000000000058c0       0x84 /opt/gcc-arm-none-eabi-9-2020-q2-update/bin/../lib/gcc/arm-none-eabi/9.3.1/../../../../arm-none-eabi/lib/thumb/v7e-m+fp/hard/libc.a(lib_a-vfprintf.o)
 .text.__swsetup_r
                0x0000000000005944       0xd0 /opt/gcc-arm-none-eabi-9-2020-q2-update/bin/../lib/gcc/arm-none-eabi/9.3.1/../../../../arm-none-eabi/lib/thumb/v7e-m+fp/hard/libc.a(lib_a-wsetup.o)
                0x0000000000005944                __swsetup_r
 .text.startup.register_fini
                0x0000000000005a14       0x14 /opt/gcc-arm-none-eabi-9-2020-q2-update/bin/../lib/gcc/arm-none-eabi/9.3.1/../../../../arm-none-eabi/lib/thumb/v7e-m+fp/hard/libc.a(lib_a-__call_atexit.o)
 .text.__call_exitprocs
                0x0000000000005a28       0xcc /opt/gcc-arm-none-eabi-9-2020-q2-update/bin/../lib/gcc/arm-none-eabi/9.3.1/../../../../arm-none-eabi/lib/thumb/v7e-m+fp/hard/libc.a(lib_a-__call_atexit.o)
                0x0000000000005a28                __call_exitprocs
 .text.atexit   0x0000000000005af4        0xc /opt/gcc-arm-none-eabi-9-2020-q2-update/bin/../lib/gcc/arm-none-eabi/9.3.1/../../../../arm-none-eabi/lib/thumb/v7e-m+fp/hard/libc.a(lib_a-atexit.o)
                0x0000000000005af4                atexit
 .text.quorem   0x0000000000005b00      0x11c /opt/gcc-arm-none-eabi-9-2020-q2-update/bin/../lib/gcc/arm-none-eabi/9.3.1/../../../../arm-none-eabi/lib/thumb/v7e-m+fp/hard/libc.a(lib_a-dtoa.o)
 *fill*         0x0000000000005c1c        0x4 
 .text._dtoa_r  0x0000000000005c20      0xf44 /opt/gcc-arm-none-eabi-9-2020-q2-update/bin/../lib/gcc/arm-none-eabi/9.3.1/../../../../arm-none-eabi/lib/thumb/v7e-m+fp/hard/libc.a(lib_a-dtoa.o)
                0x0000000000005c20                _dtoa_r
 .text.__sflush_r
                0x0000000000006b64      0x130 /opt/gcc-arm-none-eabi-9-2020-q2-update/bin/../lib/gcc/arm-none-eabi/9.3.1/../../../../arm-none-eabi/lib/thumb/v7e-m+fp/hard/libc.a(lib_a-fflush.o)
                0x0000000000006b64                __sflush_r
 .text._fflush_r
                0x0000000000006c94       0x5c /opt/gcc-arm-none-eabi-9-2020-q2-update/bin/../lib/gcc/arm-none-eabi/9.3.1/../../../../arm-none-eabi/lib/thumb/v7e-m+fp/hard/libc.a(lib_a-fflush.o)
                0x0000000000006c94                _fflush_r
 .text.std      0x0000000000006cf0       0x50 /opt/gcc-arm-none-eabi-9-2020-q2-update/bin/../lib/gcc/arm-none-eabi/9.3.1/../../../../arm-none-eabi/lib/thumb/v7e-m+fp/hard/libc.a(lib_a-findfp.o)
 .text._cleanup_r
                0x0000000000006d40        0xc /opt/gcc-arm-none-eabi-9-2020-q2-update/bin/../lib/gcc/arm-none-eabi/9.3.1/../../../../arm-none-eabi/lib/thumb/v7e-m+fp/hard/libc.a(lib_a-findfp.o)
                0x0000000000006d40                _cleanup_r
 .text.__sinit  0x0000000000006d4c       0x54 /opt/gcc-arm-none-eabi-9-2020-q2-update/bin/../lib/gcc/arm-none-eabi/9.3.1/../../../../arm-none-eabi/lib/thumb/v7e-m+fp/hard/libc.a(lib_a-findfp.o)
                0x0000000000006d4c                __sinit
 .text.__sfp_lock_acquire
                0x0000000000006da0        0xc /opt/gcc-arm-none-eabi-9-2020-q2-update/bin/../lib/gcc/arm-none-eabi/9.3.1/../../../../arm-none-eabi/lib/thumb/v7e-m+fp/hard/libc.a(lib_a-findfp.o)
                0x0000000000006da0                __sfp_lock_acquire
 .text.__sfp_lock_release
                0x0000000000006dac        0xc /opt/gcc-arm-none-eabi-9-2020-q2-update/bin/../lib/gcc/arm-none-eabi/9.3.1/../../../../arm-none-eabi/lib/thumb/v7e-m+fp/hard/libc.a(lib_a-findfp.o)
                0x0000000000006dac                __sfp_lock_release
 .text.__libc_fini_array
                0x0000000000006db8       0x2c /opt/gcc-arm-none-eabi-9-2020-q2-update/bin/../lib/gcc/arm-none-eabi/9.3.1/../../../../arm-none-eabi/lib/thumb/v7e-m+fp/hard/libc.a(lib_a-fini.o)
                0x0000000000006db8                __libc_fini_array
 .text._malloc_trim_r
                0x0000000000006de4       0xa0 /opt/gcc-arm-none-eabi-9-2020-q2-update/bin/../lib/gcc/arm-none-eabi/9.3.1/../../../../arm-none-eabi/lib/thumb/v7e-m+fp/hard/libc.a(lib_a-freer.o)
                0x0000000000006de4                _malloc_trim_r
 .text._free_r  0x0000000000006e84      0x208 /opt/gcc-arm-none-eabi-9-2020-q2-update/bin/../lib/gcc/arm-none-eabi/9.3.1/../../../../arm-none-eabi/lib/thumb/v7e-m+fp/hard/libc.a(lib_a-freer.o)
                0x0000000000006e84                _free_r
 .text._fwalk_reent
                0x000000000000708c       0x48 /opt/gcc-arm-none-eabi-9-2020-q2-update/bin/../lib/gcc/arm-none-eabi/9.3.1/../../../../arm-none-eabi/lib/thumb/v7e-m+fp/hard/libc.a(lib_a-fwalk.o)
                0x000000000000708c                _fwalk_reent
 .text._localeconv_r
                0x00000000000070d4        0x8 /opt/gcc-arm-none-eabi-9-2020-q2-update/bin/../lib/gcc/arm-none-eabi/9.3.1/../../../../arm-none-eabi/lib/thumb/v7e-m+fp/hard/libc.a(lib_a-localeconv.o)
                0x00000000000070d4                _localeconv_r
 .text.__retarget_lock_init_recursive
                0x00000000000070dc        0x4 /opt/gcc-arm-none-eabi-9-2020-q2-update/bin/../lib/gcc/arm-none-eabi/9.3.1/../../../../arm-none-eabi/lib/thumb/v7e-m+fp/hard/libc.a(lib_a-lock.o)
                0x00000000000070dc                __retarget_lock_init_recursive
 .text.__retarget_lock_close_recursive
                0x00000000000070e0        0x4 /opt/gcc-arm-none-eabi-9-2020-q2-update/bin/../lib/gcc/arm-none-eabi/9.3.1/../../../../arm-none-eabi/lib/thumb/v7e-m+fp/hard/libc.a(lib_a-lock.o)
                0x00000000000070e0                __retarget_lock_close_recursive
 .text.__retarget_lock_acquire_recursive
                0x00000000000070e4        0x4 /opt/gcc-arm-none-eabi-9-2020-q2-update/bin/../lib/gcc/arm-none-eabi/9.3.1/../../../../arm-none-eabi/lib/thumb/v7e-m+fp/hard/libc.a(lib_a-lock.o)
                0x00000000000070e4                __retarget_lock_acquire_recursive
 .text.__retarget_lock_release_recursive
                0x00000000000070e8        0x4 /opt/gcc-arm-none-eabi-9-2020-q2-update/bin/../lib/gcc/arm-none-eabi/9.3.1/../../../../arm-none-eabi/lib/thumb/v7e-m+fp/hard/libc.a(lib_a-lock.o)
                0x00000000000070e8                __retarget_lock_release_recursive
 .text.__swhatbuf_r
                0x00000000000070ec       0x5c /opt/gcc-arm-none-eabi-9-2020-q2-update/bin/../lib/gcc/arm-none-eabi/9.3.1/../../../../arm-none-eabi/lib/thumb/v7e-m+fp/hard/libc.a(lib_a-makebuf.o)
                0x00000000000070ec                __swhatbuf_r
 .text.__smakebuf_r
                0x0000000000007148       0x98 /opt/gcc-arm-none-eabi-9-2020-q2-update/bin/../lib/gcc/arm-none-eabi/9.3.1/../../../../arm-none-eabi/lib/thumb/v7e-m+fp/hard/libc.a(lib_a-makebuf.o)
                0x0000000000007148                __smakebuf_r
 .text.malloc   0x00000000000071e0       0x10 /opt/gcc-arm-none-eabi-9-2020-q2-update/bin/../lib/gcc/arm-none-eabi/9.3.1/../../../../arm-none-eabi/lib/thumb/v7e-m+fp/hard/libc.a(lib_a-malloc.o)
                0x00000000000071e0                malloc
 .text._malloc_r
                0x00000000000071f0      0x574 /opt/gcc-arm-none-eabi-9-2020-q2-update/bin/../lib/gcc/arm-none-eabi/9.3.1/../../../../arm-none-eabi/lib/thumb/v7e-m+fp/hard/libc.a(lib_a-mallocr.o)
                0x00000000000071f0                _malloc_r
 *fill*         0x0000000000007764        0xc 
 .text          0x0000000000007770       0xa0 /opt/gcc-arm-none-eabi-9-2020-q2-update/bin/../lib/gcc/arm-none-eabi/9.3.1/../../../../arm-none-eabi/lib/thumb/v7e-m+fp/hard/libc.a(lib_a-memchr.o)
                0x0000000000007770                memchr
 .text.__malloc_lock
                0x0000000000007810        0xc /opt/gcc-arm-none-eabi-9-2020-q2-update/bin/../lib/gcc/arm-none-eabi/9.3.1/../../../../arm-none-eabi/lib/thumb/v7e-m+fp/hard/libc.a(lib_a-mlock.o)
                0x0000000000007810                __malloc_lock
 .text.__malloc_unlock
                0x000000000000781c        0xc /opt/gcc-arm-none-eabi-9-2020-q2-update/bin/../lib/gcc/arm-none-eabi/9.3.1/../../../../arm-none-eabi/lib/thumb/v7e-m+fp/hard/libc.a(lib_a-mlock.o)
                0x000000000000781c                __malloc_unlock
 .text._Balloc  0x0000000000007828       0x4c /opt/gcc-arm-none-eabi-9-2020-q2-update/bin/../lib/gcc/arm-none-eabi/9.3.1/../../../../arm-none-eabi/lib/thumb/v7e-m+fp/hard/libc.a(lib_a-mprec.o)
                0x0000000000007828                _Balloc
 .text._Bfree   0x0000000000007874       0x14 /opt/gcc-arm-none-eabi-9-2020-q2-update/bin/../lib/gcc/arm-none-eabi/9.3.1/../../../../arm-none-eabi/lib/thumb/v7e-m+fp/hard/libc.a(lib_a-mprec.o)
                0x0000000000007874                _Bfree
 .text.__multadd
                0x0000000000007888       0xac /opt/gcc-arm-none-eabi-9-2020-q2-update/bin/../lib/gcc/arm-none-eabi/9.3.1/../../../../arm-none-eabi/lib/thumb/v7e-m+fp/hard/libc.a(lib_a-mprec.o)
                0x0000000000007888                __multadd
 .text.__hi0bits
                0x0000000000007934       0x40 /opt/gcc-arm-none-eabi-9-2020-q2-update/bin/../lib/gcc/arm-none-eabi/9.3.1/../../../../arm-none-eabi/lib/thumb/v7e-m+fp/hard/libc.a(lib_a-mprec.o)
                0x0000000000007934                __hi0bits
 .text.__lo0bits
                0x0000000000007974       0x60 /opt/gcc-arm-none-eabi-9-2020-q2-update/bin/../lib/gcc/arm-none-eabi/9.3.1/../../../../arm-none-eabi/lib/thumb/v7e-m+fp/hard/libc.a(lib_a-mprec.o)
                0x0000000000007974                __lo0bits
 .text.__i2b    0x00000000000079d4       0x2c /opt/gcc-arm-none-eabi-9-2020-q2-update/bin/../lib/gcc/arm-none-eabi/9.3.1/../../../../arm-none-eabi/lib/thumb/v7e-m+fp/hard/libc.a(lib_a-mprec.o)
                0x00000000000079d4                __i2b
 .text.__multiply
                0x0000000000007a00      0x160 /opt/gcc-arm-none-eabi-9-2020-q2-update/bin/../lib/gcc/arm-none-eabi/9.3.1/../../../../arm-none-eabi/lib/thumb/v7e-m+fp/hard/libc.a(lib_a-mprec.o)
                0x0000000000007a00                __multiply
 .text.__pow5mult
                0x0000000000007b60       0x98 /opt/gcc-arm-none-eabi-9-2020-q2-update/bin/../lib/gcc/arm-none-eabi/9.3.1/../../../../arm-none-eabi/lib/thumb/v7e-m+fp/hard/libc.a(lib_a-mprec.o)
                0x0000000000007b60                __pow5mult
 .text.__lshift
                0x0000000000007bf8       0xe8 /opt/gcc-arm-none-eabi-9-2020-q2-update/bin/../lib/gcc/arm-none-eabi/9.3.1/../../../../arm-none-eabi/lib/thumb/v7e-m+fp/hard/libc.a(lib_a-mprec.o)
                0x0000000000007bf8                __lshift
 .text.__mcmp   0x0000000000007ce0       0x3c /opt/gcc-arm-none-eabi-9-2020-q2-update/bin/../lib/gcc/arm-none-eabi/9.3.1/../../../../arm-none-eabi/lib/thumb/v7e-m+fp/hard/libc.a(lib_a-mprec.o)
                0x0000000000007ce0                __mcmp
 .text.__mdiff  0x0000000000007d1c      0x148 /opt/gcc-arm-none-eabi-9-2020-q2-update/bin/../lib/gcc/arm-none-eabi/9.3.1/../../../../arm-none-eabi/lib/thumb/v7e-m+fp/hard/libc.a(lib_a-mprec.o)
                0x0000000000007d1c                __mdiff
 .text.__d2b    0x0000000000007e64       0xd0 /opt/gcc-arm-none-eabi-9-2020-q2-update/bin/../lib/gcc/arm-none-eabi/9.3.1/../../../../arm-none-eabi/lib/thumb/v7e-m+fp/hard/libc.a(lib_a-mprec.o)
                0x0000000000007e64                __d2b
 .text.frexp    0x0000000000007f34       0x6c /opt/gcc-arm-none-eabi-9-2020-q2-update/bin/../lib/gcc/arm-none-eabi/9.3.1/../../../../arm-none-eabi/lib/thumb/v7e-m+fp/hard/libc.a(lib_a-s_frexp.o)
                0x0000000000007f34                frexp
 .text._sbrk_r  0x0000000000007fa0       0x24 /opt/gcc-arm-none-eabi-9-2020-q2-update/bin/../lib/gcc/arm-none-eabi/9.3.1/../../../../arm-none-eabi/lib/thumb/v7e-m+fp/hard/libc.a(lib_a-sbrkr.o)
                0x0000000000007fa0                _sbrk_r
 .text.__sread  0x0000000000007fc4       0x24 /opt/gcc-arm-none-eabi-9-2020-q2-update/bin/../lib/gcc/arm-none-eabi/9.3.1/../../../../arm-none-eabi/lib/thumb/v7e-m+fp/hard/libc.a(lib_a-stdio.o)
                0x0000000000007fc4                __sread
 .text.__swrite
                0x0000000000007fe8       0x40 /opt/gcc-arm-none-eabi-9-2020-q2-update/bin/../lib/gcc/arm-none-eabi/9.3.1/../../../../arm-none-eabi/lib/thumb/v7e-m+fp/hard/libc.a(lib_a-stdio.o)
                0x0000000000007fe8                __swrite
 .text.__sseek  0x0000000000008028       0x20 /opt/gcc-arm-none-eabi-9-2020-q2-update/bin/../lib/gcc/arm-none-eabi/9.3.1/../../../../arm-none-eabi/lib/thumb/v7e-m+fp/hard/libc.a(lib_a-stdio.o)
                0x0000000000008028                __sseek
 .text.__sclose
                0x0000000000008048        0x8 /opt/gcc-arm-none-eabi-9-2020-q2-update/bin/../lib/gcc/arm-none-eabi/9.3.1/../../../../arm-none-eabi/lib/thumb/v7e-m+fp/hard/libc.a(lib_a-stdio.o)
                0x0000000000008048                __sclose
 .text.strncpy  0x0000000000008050       0x68 /opt/gcc-arm-none-eabi-9-2020-q2-update/bin/../lib/gcc/arm-none-eabi/9.3.1/../../../../arm-none-eabi/lib/thumb/v7e-m+fp/hard/libc.a(lib_a-strncpy.o)
                0x0000000000008050                strncpy
 .text.__sprint_r.part.0
                0x00000000000080b8       0x78 /opt/gcc-arm-none-eabi-9-2020-q2-update/bin/../lib/gcc/arm-none-eabi/9.3.1/../../../../arm-none-eabi/lib/thumb/v7e-m+fp/hard/libc.a(lib_a-vfiprintf.o)
 .text.__sprint_r
                0x0000000000008130       0x18 /opt/gcc-arm-none-eabi-9-2020-q2-update/bin/../lib/gcc/arm-none-eabi/9.3.1/../../../../arm-none-eabi/lib/thumb/v7e-m+fp/hard/libc.a(lib_a-vfiprintf.o)
                0x0000000000008130                __sprint_r
 .text._vfiprintf_r
                0x0000000000008148      0xd4c /opt/gcc-arm-none-eabi-9-2020-q2-update/bin/../lib/gcc/arm-none-eabi/9.3.1/../../../../arm-none-eabi/lib/thumb/v7e-m+fp/hard/libc.a(lib_a-vfiprintf.o)
                0x0000000000008148                _vfiprintf_r
 .text.__sbprintf
                0x0000000000008e94       0x84 /opt/gcc-arm-none-eabi-9-2020-q2-update/bin/../lib/gcc/arm-none-eabi/9.3.1/../../../../arm-none-eabi/lib/thumb/v7e-m+fp/hard/libc.a(lib_a-vfiprintf.o)
 .text._write_r
                0x0000000000008f18       0x2c /opt/gcc-arm-none-eabi-9-2020-q2-update/bin/../lib/gcc/arm-none-eabi/9.3.1/../../../../arm-none-eabi/lib/thumb/v7e-m+fp/hard/libc.a(lib_a-writer.o)
                0x0000000000008f18                _write_r
 .text.__register_exitproc
                0x0000000000008f44       0x8c /opt/gcc-arm-none-eabi-9-2020-q2-update/bin/../lib/gcc/arm-none-eabi/9.3.1/../../../../arm-none-eabi/lib/thumb/v7e-m+fp/hard/libc.a(lib_a-__atexit.o)
                0x0000000000008f44                __register_exitproc
 .text.__assert_func
                0x0000000000008fd0       0x3c /opt/gcc-arm-none-eabi-9-2020-q2-update/bin/../lib/gcc/arm-none-eabi/9.3.1/../../../../arm-none-eabi/lib/thumb/v7e-m+fp/hard/libc.a(lib_a-assert.o)
                0x0000000000008fd0                __assert_func
 .text._calloc_r
                0x000000000000900c       0x60 /opt/gcc-arm-none-eabi-9-2020-q2-update/bin/../lib/gcc/arm-none-eabi/9.3.1/../../../../arm-none-eabi/lib/thumb/v7e-m+fp/hard/libc.a(lib_a-callocr.o)
                0x000000000000900c                _calloc_r
 .text._close_r
                0x000000000000906c       0x24 /opt/gcc-arm-none-eabi-9-2020-q2-update/bin/../lib/gcc/arm-none-eabi/9.3.1/../../../../arm-none-eabi/lib/thumb/v7e-m+fp/hard/libc.a(lib_a-closer.o)
                0x000000000000906c                _close_r
 .text._fclose_r
                0x0000000000009090       0xcc /opt/gcc-arm-none-eabi-9-2020-q2-update/bin/../lib/gcc/arm-none-eabi/9.3.1/../../../../arm-none-eabi/lib/thumb/v7e-m+fp/hard/libc.a(lib_a-fclose.o)
                0x0000000000009090                _fclose_r
 .text.fiprintf
                0x000000000000915c       0x28 /opt/gcc-arm-none-eabi-9-2020-q2-update/bin/../lib/gcc/arm-none-eabi/9.3.1/../../../../arm-none-eabi/lib/thumb/v7e-m+fp/hard/libc.a(lib_a-fiprintf.o)
                0x000000000000915c                fiprintf
 .text.__fputwc
                0x0000000000009184       0xa8 /opt/gcc-arm-none-eabi-9-2020-q2-update/bin/../lib/gcc/arm-none-eabi/9.3.1/../../../../arm-none-eabi/lib/thumb/v7e-m+fp/hard/libc.a(lib_a-fputwc.o)
                0x0000000000009184                __fputwc
 .text._fputwc_r
                0x000000000000922c       0x68 /opt/gcc-arm-none-eabi-9-2020-q2-update/bin/../lib/gcc/arm-none-eabi/9.3.1/../../../../arm-none-eabi/lib/thumb/v7e-m+fp/hard/libc.a(lib_a-fputwc.o)
                0x000000000000922c                _fputwc_r
 .text._fstat_r
                0x0000000000009294       0x2c /opt/gcc-arm-none-eabi-9-2020-q2-update/bin/../lib/gcc/arm-none-eabi/9.3.1/../../../../arm-none-eabi/lib/thumb/v7e-m+fp/hard/libc.a(lib_a-fstatr.o)
                0x0000000000009294                _fstat_r
 .text.__sfvwrite_r
                0x00000000000092c0      0x2e0 /opt/gcc-arm-none-eabi-9-2020-q2-update/bin/../lib/gcc/arm-none-eabi/9.3.1/../../../../arm-none-eabi/lib/thumb/v7e-m+fp/hard/libc.a(lib_a-fvwrite.o)
                0x00000000000092c0                __sfvwrite_r
 .text._isatty_r
                0x00000000000095a0       0x24 /opt/gcc-arm-none-eabi-9-2020-q2-update/bin/../lib/gcc/arm-none-eabi/9.3.1/../../../../arm-none-eabi/lib/thumb/v7e-m+fp/hard/libc.a(lib_a-isattyr.o)
                0x00000000000095a0                _isatty_r
 .text.__locale_mb_cur_max
                0x00000000000095c4        0xc /opt/gcc-arm-none-eabi-9-2020-q2-update/bin/../lib/gcc/arm-none-eabi/9.3.1/../../../../arm-none-eabi/lib/thumb/v7e-m+fp/hard/libc.a(lib_a-locale.o)
                0x00000000000095c4                __locale_mb_cur_max
 .text._lseek_r
                0x00000000000095d0       0x2c /opt/gcc-arm-none-eabi-9-2020-q2-update/bin/../lib/gcc/arm-none-eabi/9.3.1/../../../../arm-none-eabi/lib/thumb/v7e-m+fp/hard/libc.a(lib_a-lseekr.o)
                0x00000000000095d0                _lseek_r
 .text.__ascii_mbtowc
                0x00000000000095fc       0x2c /opt/gcc-arm-none-eabi-9-2020-q2-update/bin/../lib/gcc/arm-none-eabi/9.3.1/../../../../arm-none-eabi/lib/thumb/v7e-m+fp/hard/libc.a(lib_a-mbtowc_r.o)
                0x00000000000095fc                __ascii_mbtowc
 .text.memmove  0x0000000000009628       0xd8 /opt/gcc-arm-none-eabi-9-2020-q2-update/bin/../lib/gcc/arm-none-eabi/9.3.1/../../../../arm-none-eabi/lib/thumb/v7e-m+fp/hard/libc.a(lib_a-memmove.o)
                0x0000000000009628                memmove
 .text._read_r  0x0000000000009700       0x2c /opt/gcc-arm-none-eabi-9-2020-q2-update/bin/../lib/gcc/arm-none-eabi/9.3.1/../../../../arm-none-eabi/lib/thumb/v7e-m+fp/hard/libc.a(lib_a-readr.o)
                0x0000000000009700                _read_r
 .text._realloc_r
                0x000000000000972c      0x3e0 /opt/gcc-arm-none-eabi-9-2020-q2-update/bin/../lib/gcc/arm-none-eabi/9.3.1/../../../../arm-none-eabi/lib/thumb/v7e-m+fp/hard/libc.a(lib_a-reallocr.o)
                0x000000000000972c                _realloc_r
 .text.__swbuf_r
                0x0000000000009b0c       0xb0 /opt/gcc-arm-none-eabi-9-2020-q2-update/bin/../lib/gcc/arm-none-eabi/9.3.1/../../../../arm-none-eabi/lib/thumb/v7e-m+fp/hard/libc.a(lib_a-wbuf.o)
                0x0000000000009b0c                __swbuf_r
 .text._wcrtomb_r
                0x0000000000009bbc       0x3c /opt/gcc-arm-none-eabi-9-2020-q2-update/bin/../lib/gcc/arm-none-eabi/9.3.1/../../../../arm-none-eabi/lib/thumb/v7e-m+fp/hard/libc.a(lib_a-wcrtomb.o)
                0x0000000000009bbc                _wcrtomb_r
 .text.__ascii_wctomb
                0x0000000000009bf8       0x1c /opt/gcc-arm-none-eabi-9-2020-q2-update/bin/../lib/gcc/arm-none-eabi/9.3.1/../../../../arm-none-eabi/lib/thumb/v7e-m+fp/hard/libc.a(lib_a-wctomb_r.o)
                0x0000000000009bf8                __ascii_wctomb
 .text.abort    0x0000000000009c14       0x10 /opt/gcc-arm-none-eabi-9-2020-q2-update/bin/../lib/gcc/arm-none-eabi/9.3.1/../../../../arm-none-eabi/lib/thumb/v7e-m+fp/hard/libc.a(lib_a-abort.o)
                0x0000000000009c14                abort
 .text._raise_r
                0x0000000000009c24       0x58 /opt/gcc-arm-none-eabi-9-2020-q2-update/bin/../lib/gcc/arm-none-eabi/9.3.1/../../../../arm-none-eabi/lib/thumb/v7e-m+fp/hard/libc.a(lib_a-signal.o)
                0x0000000000009c24                _raise_r
 .text.raise    0x0000000000009c7c       0x10 /opt/gcc-arm-none-eabi-9-2020-q2-update/bin/../lib/gcc/arm-none-eabi/9.3.1/../../../../arm-none-eabi/lib/thumb/v7e-m+fp/hard/libc.a(lib_a-signal.o)
                0x0000000000009c7c                raise
 .text._kill_r  0x0000000000009c8c       0x2c /opt/gcc-arm-none-eabi-9-2020-q2-update/bin/../lib/gcc/arm-none-eabi/9.3.1/../../../../arm-none-eabi/lib/thumb/v7e-m+fp/hard/libc.a(lib_a-signalr.o)
                0x0000000000009c8c                _kill_r
 .text._getpid_r
                0x0000000000009cb8        0x4 /opt/gcc-arm-none-eabi-9-2020-q2-update/bin/../lib/gcc/arm-none-eabi/9.3.1/../../../../arm-none-eabi/lib/thumb/v7e-m+fp/hard/libc.a(lib_a-signalr.o)
                0x0000000000009cb8                _getpid_r
 .text._close   0x0000000000009cbc       0x10 /opt/gcc-arm-none-eabi-9-2020-q2-update/bin/../lib/gcc/arm-none-eabi/9.3.1/../../../../arm-none-eabi/lib/thumb/v7e-m+fp/hard/libnosys.a(close.o)
                0x0000000000009cbc                _close
 .text._fstat   0x0000000000009ccc       0x10 /opt/gcc-arm-none-eabi-9-2020-q2-update/bin/../lib/gcc/arm-none-eabi/9.3.1/../../../../arm-none-eabi/lib/thumb/v7e-m+fp/hard/libnosys.a(fstat.o)
                0x0000000000009ccc                _fstat
 .text._getpid  0x0000000000009cdc       0x10 /opt/gcc-arm-none-eabi-9-2020-q2-update/bin/../lib/gcc/arm-none-eabi/9.3.1/../../../../arm-none-eabi/lib/thumb/v7e-m+fp/hard/libnosys.a(getpid.o)
                0x0000000000009cdc                _getpid
 .text._isatty  0x0000000000009cec       0x10 /opt/gcc-arm-none-eabi-9-2020-q2-update/bin/../lib/gcc/arm-none-eabi/9.3.1/../../../../arm-none-eabi/lib/thumb/v7e-m+fp/hard/libnosys.a(isatty.o)
                0x0000000000009cec                _isatty
 .text._kill    0x0000000000009cfc       0x10 /opt/gcc-arm-none-eabi-9-2020-q2-update/bin/../lib/gcc/arm-none-eabi/9.3.1/../../../../arm-none-eabi/lib/thumb/v7e-m+fp/hard/libnosys.a(kill.o)
                0x0000000000009cfc                _kill
 .text._lseek   0x0000000000009d0c       0x10 /opt/gcc-arm-none-eabi-9-2020-q2-update/bin/../lib/gcc/arm-none-eabi/9.3.1/../../../../arm-none-eabi/lib/thumb/v7e-m+fp/hard/libnosys.a(lseek.o)
                0x0000000000009d0c                _lseek
 .text._sbrk    0x0000000000009d1c       0x1c /opt/gcc-arm-none-eabi-9-2020-q2-update/bin/../lib/gcc/arm-none-eabi/9.3.1/../../../../arm-none-eabi/lib/thumb/v7e-m+fp/hard/libnosys.a(sbrk.o)
                0x0000000000009d1c                _sbrk
 .text._exit    0x0000000000009d38        0x4 /opt/gcc-arm-none-eabi-9-2020-q2-update/bin/../lib/gcc/arm-none-eabi/9.3.1/../../../../arm-none-eabi/lib/thumb/v7e-m+fp/hard/libnosys.a(_exit.o)
                0x0000000000009d38                _exit
 .text          0x0000000000009d3c      0x378 /opt/gcc-arm-none-eabi-9-2020-q2-update/bin/../lib/gcc/arm-none-eabi/9.3.1/thumb/v7e-m+fp/hard/libgcc.a(_arm_addsubdf3.o)
                0x0000000000009d3c                __aeabi_drsub
                0x0000000000009d44                __aeabi_dsub
                0x0000000000009d44                __subdf3
                0x0000000000009d48                __adddf3
                0x0000000000009d48                __aeabi_dadd
                0x0000000000009fc0                __aeabi_ui2d
                0x0000000000009fc0                __floatunsidf
                0x0000000000009fe0                __floatsidf
                0x0000000000009fe0                __aeabi_i2d
                0x000000000000a004                __extendsfdf2
                0x000000000000a004                __aeabi_f2d
                0x000000000000a048                __aeabi_ul2d
                0x000000000000a048                __floatundidf
                0x000000000000a058                __floatdidf
                0x000000000000a058                __aeabi_l2d
 .text          0x000000000000a0b4      0x424 /opt/gcc-arm-none-eabi-9-2020-q2-update/bin/../lib/gcc/arm-none-eabi/9.3.1/thumb/v7e-m+fp/hard/libgcc.a(_arm_muldivdf3.o)
                0x000000000000a0b4                __aeabi_dmul
                0x000000000000a0b4                __muldf3
                0x000000000000a308                __aeabi_ddiv
                0x000000000000a308                __divdf3
 .text          0x000000000000a4d8      0x110 /opt/gcc-arm-none-eabi-9-2020-q2-update/bin/../lib/gcc/arm-none-eabi/9.3.1/thumb/v7e-m+fp/hard/libgcc.a(_arm_cmpdf2.o)
                0x000000000000a4d8                __gtdf2
                0x000000000000a4d8                __gedf2
                0x000000000000a4e0                __ltdf2
                0x000000000000a4e0                __ledf2
                0x000000000000a4e8                __cmpdf2
                0x000000000000a4e8                __eqdf2
                0x000000000000a4e8                __nedf2
                0x000000000000a564                __aeabi_cdrcmple
                0x000000000000a574                __aeabi_cdcmple
                0x000000000000a574                __aeabi_cdcmpeq
                0x000000000000a584                __aeabi_dcmpeq
                0x000000000000a598                __aeabi_dcmplt
                0x000000000000a5ac                __aeabi_dcmple
                0x000000000000a5c0                __aeabi_dcmpge
                0x000000000000a5d4                __aeabi_dcmpgt
 .text          0x000000000000a5e8       0x2c /opt/gcc-arm-none-eabi-9-2020-q2-update/bin/../lib/gcc/arm-none-eabi/9.3.1/thumb/v7e-m+fp/hard/libgcc.a(_arm_unorddf2.o)
                0x000000000000a5e8                __aeabi_dcmpun
                0x000000000000a5e8                __unorddf2
 .text          0x000000000000a614       0x50 /opt/gcc-arm-none-eabi-9-2020-q2-update/bin/../lib/gcc/arm-none-eabi/9.3.1/thumb/v7e-m+fp/hard/libgcc.a(_arm_fixdfsi.o)
                0x000000000000a614                __fixdfsi
                0x000000000000a614                __aeabi_d2iz
 .text          0x000000000000a664       0x40 /opt/gcc-arm-none-eabi-9-2020-q2-update/bin/../lib/gcc/arm-none-eabi/9.3.1/thumb/v7e-m+fp/hard/libgcc.a(_arm_fixunsdfsi.o)
                0x000000000000a664                __fixunsdfsi
                0x000000000000a664                __aeabi_d2uiz
 .text          0x000000000000a6a4       0x30 /opt/gcc-arm-none-eabi-9-2020-q2-update/bin/../lib/gcc/arm-none-eabi/9.3.1/thumb/v7e-m+fp/hard/libgcc.a(_aeabi_uldivmod.o)
                0x000000000000a6a4                __aeabi_uldivmod
 .text          0x000000000000a6d4      0x2c4 /opt/gcc-arm-none-eabi-9-2020-q2-update/bin/../lib/gcc/arm-none-eabi/9.3.1/thumb/v7e-m+fp/hard/libgcc.a(_udivmoddi4.o)
                0x000000000000a6d4                __udivmoddi4
 .text          0x000000000000a998        0x4 /opt/gcc-arm-none-eabi-9-2020-q2-update/bin/../lib/gcc/arm-none-eabi/9.3.1/thumb/v7e-m+fp/hard/libgcc.a(_dvmd_tls.o)
                0x000000000000a998                __aeabi_ldiv0
                0x000000000000a998                __aeabi_idiv0
 *(.init)
 .init          0x000000000000a99c        0x4 /opt/gcc-arm-none-eabi-9-2020-q2-update/bin/../lib/gcc/arm-none-eabi/9.3.1/thumb/v7e-m+fp/hard/crti.o
                0x000000000000a99c                _init
 .init          0x000000000000a9a0        0x8 /opt/gcc-arm-none-eabi-9-2020-q2-update/bin/../lib/gcc/arm-none-eabi/9.3.1/thumb/v7e-m+fp/hard/crtn.o
 *(.fini)
 .fini          0x000000000000a9a8        0x4 /opt/gcc-arm-none-eabi-9-2020-q2-update/bin/../lib/gcc/arm-none-eabi/9.3.1/thumb/v7e-m+fp/hard/crti.o
                0x000000000000a9a8                _fini
 .fini          0x000000000000a9ac        0x8 /opt/gcc-arm-none-eabi-9-2020-q2-update/bin/../lib/gcc/arm-none-eabi/9.3.1/thumb/v7e-m+fp/hard/crtn.o
 *crtbegin.o(.ctors)
 *crtbegin?.o(.ctors)
 *(EXCLUDE_FILE(*crtend.o *crtend?.o) .ctors)
 *(SORT_BY_NAME(.ctors.*))
 *(.ctors)
 *crtbegin.o(.dtors)
 *crtbegin?.o(.dtors)
 *(EXCLUDE_FILE(*crtend.o *crtend?.o) .dtors)
 *(SORT_BY_NAME(.dtors.*))
 *(.dtors)
 *(.rodata*)
 .rodata.nrf_gpio_pin_port_decode.str1.1
                0x000000000000a9b4       0x43 _build/led_matrix.o
 *fill*         0x000000000000a9f7        0x1 
 .rodata.my_timer_1
                0x000000000000a9f8        0x4 _build/led_matrix.o
 .rodata.main.str1.1
                0x000000000000a9fc       0x24 _build/main.o
 .rodata.delay_machine_code.8590
                0x000000000000aa20        0x6 _build/main.o
 .rodata.nrf_gpio_pin_port_decode.str1.1
                0x000000000000aa26       0x43 _build/better_error_handling.o
 .rodata.app_error_fault_handler.str1.1
                0x000000000000aa26       0x78 _build/better_error_handling.o
 .rodata.LED_COLS
                0x000000000000aa9e        0x5 _build/better_error_handling.o
 .rodata.LED_ROWS
                0x000000000000aaa3        0x5 _build/better_error_handling.o
 *fill*         0x000000000000aaa8        0x8 
 .rodata.delay_machine_code.8602
                0x000000000000aab0        0x6 _build/better_error_handling.o
 .rodata.uart_init.constprop.0.str1.1
                0x000000000000aab6       0x62 _build/microbit_nrf_log_backend_uart.o
 .rodata        0x000000000000ab18       0x20 _build/microbit_nrf_log_backend_uart.o
 .rodata.nrf_log_backend_uart_api
                0x000000000000ab38        0xc _build/microbit_nrf_log_backend_uart.o
                0x000000000000ab38                nrf_log_backend_uart_api
 .rodata.called_first.str1.1
                0x000000000000ab44       0x5c _build/microbit_before_startup.o
 .rodata.delay_machine_code.8590
                0x000000000000aba0        0x6 _build/microbit_before_startup.o
 *fill*         0x000000000000aba6        0xa 
 .rodata.delay_machine_code.9248
                0x000000000000abb0        0x6 _build/app_timer.o
 .rodata.app_util_critical_region_enter.str1.1
                0x000000000000abb6       0x55 _build/app_util_platform.o
 .rodata.HardFault_c_handler.str1.1
                0x000000000000ac0b      0x12e _build/hardfault_implementation.o
 .rodata.str1.1
                0x000000000000ad39      0x4c0 _build/hardfault_implementation.o
 *fill*         0x000000000000b1f9        0x3 
 .rodata.cfsr_msgs.9441
                0x000000000000b1fc       0x68 _build/hardfault_implementation.o
 .rodata.nrf_balloc_init.str1.1
                0x000000000000b264       0x50 _build/nrf_balloc.o
 .rodata.nrf_fprintf_buffer_flush.str1.1
                0x000000000000b2b4       0x46 _build/nrf_fprintf.o
 .rodata.nrf_fprintf_fmt.str1.1
                0x000000000000b2fa       0x4d _build/nrf_fprintf_format.o
 .rodata._aV2C.7922
                0x000000000000b347       0x10 _build/nrf_fprintf_format.o
 .rodata.nrf_log_default_backends_init.str1.1
                0x000000000000b357       0x5f _build/nrf_log_default_backends.o
 .rodata.str1.1
                0x000000000000b3b6       0x11 _build/nrf_log_default_backends.o
 .rodata.buf_prealloc.str1.1
                0x000000000000b3c7       0x57 _build/nrf_log_frontend.o
 .rodata.nrf_log_frontend_dequeue.str1.1
                0x000000000000b41e       0x11 _build/nrf_log_frontend.o
 .rodata.str1.1
                0x000000000000b42f        0x4 _build/nrf_log_frontend.o
 *fill*         0x000000000000b433        0x1 
 .rodata.m_log_push_ringbuf
                0x000000000000b434        0xc _build/nrf_log_frontend.o
 .rodata.postfix_process.str1.1
                0x000000000000b440        0x8 _build/nrf_log_str_formatter.o
                                          0xb (size before relaxing)
 .rodata.prefix_process.str1.1
                0x000000000000b448       0x2a _build/nrf_log_str_formatter.o
 .rodata.nrf_log_hexdump_entry_process.str1.1
                0x000000000000b472        0xf _build/nrf_log_str_formatter.o
                                         0x11 (size before relaxing)
 .rodata.str1.1
                0x000000000000b481       0x4b _build/nrf_log_str_formatter.o
                                         0x51 (size before relaxing)
 .rodata.m_colors
                0x000000000000b4cc       0x24 _build/nrf_log_str_formatter.o
 .rodata.severity_names
                0x000000000000b4f0       0x14 _build/nrf_log_str_formatter.o
 .rodata.str1.1
                0x000000000000b504        0x9 _build/nrf_pwr_mgmt.o
 .rodata.memobj_op.str1.1
                0x000000000000b50d       0x50 _build/nrf_memobj.o
 .rodata.str1.1
                0x000000000000b55d      0x391 _build/nrf_strerror.o
 .rodata.m_unknown_str
                0x000000000000b8ee       0x13 _build/nrf_strerror.o
 *fill*         0x000000000000b901        0x3 
 .rodata.nrf_strerror_array
                0x000000000000b904      0x118 _build/nrf_strerror.o
 .rodata.str1.1
                0x000000000000ba1c        0x6 _build/nrf_drv_clock.o
 .rodata.nrf_gpio_pin_port_decode.str1.1
                0x000000000000ba22       0x43 _build/nrfx_gpiote.o
 .rodata.str1.1
                0x000000000000ba22        0x7 _build/nrfx_gpiote.o
 .rodata.UARTE0_UART0_IRQHandler.str1.1
                0x000000000000ba29       0x4f _build/nrfx_prs.o
 .rodata.str1.1
                0x000000000000ba78        0x4 _build/nrfx_prs.o
 .rodata.str1.1
                0x000000000000ba7c        0x6 _build/nrfx_saadc.o
 .rodata.str1.1
                0x000000000000ba82        0x6 _build/nrfx_timer.o
 .rodata.SPIM0_SPIS0_TWIM0_TWIS0_SPI0_TWI0_IRQHandler.str1.1
                0x000000000000ba88       0x4c _build/nrfx_twim.o
 .rodata.str1.1
                0x000000000000bad4        0x5 _build/nrfx_twim.o
 .rodata.str1.1
                0x000000000000bad9        0x6 _build/nrfx_clock.o
 .rodata.nrf_gpio_pin_port_decode.str1.1
                0x000000000000badf       0x43 _build/nrfx_uart.o
 .rodata.nrfx_uart_init.str1.1
                0x000000000000badf       0x90 _build/nrfx_uart.o
 .rodata.str1.1
                0x000000000000bb6f        0x5 _build/nrfx_uart.o
 .rodata.nrf_gpio_pin_port_decode.str1.1
                0x000000000000bb74       0x43 _build/nrfx_uarte.o
 .rodata.nrfx_uarte_init.str1.1
                0x000000000000bb74       0x4d _build/nrfx_uarte.o
                                         0x91 (size before relaxing)
 .rodata.str1.1
                0x000000000000bbc1        0x6 _build/nrfx_uarte.o
 *fill*         0x000000000000bbc7        0x1 
 .rodata._ctype_
                0x000000000000bbc8      0x101 /opt/gcc-arm-none-eabi-9-2020-q2-update/bin/../lib/gcc/arm-none-eabi/9.3.1/../../../../arm-none-eabi/lib/thumb/v7e-m+fp/hard/libc.a(lib_a-ctype_.o)
                0x000000000000bbc8                _ctype_
 *fill*         0x000000000000bcc9        0x3 
 .rodata._global_impure_ptr
                0x000000000000bccc        0x4 /opt/gcc-arm-none-eabi-9-2020-q2-update/bin/../lib/gcc/arm-none-eabi/9.3.1/../../../../arm-none-eabi/lib/thumb/v7e-m+fp/hard/libc.a(lib_a-impure.o)
                0x000000000000bccc                _global_impure_ptr
 .rodata._vfprintf_r.str1.4
                0x000000000000bcd0       0x42 /opt/gcc-arm-none-eabi-9-2020-q2-update/bin/../lib/gcc/arm-none-eabi/9.3.1/../../../../arm-none-eabi/lib/thumb/v7e-m+fp/hard/libc.a(lib_a-vfprintf.o)
 *fill*         0x000000000000bd12        0x2 
 .rodata.blanks.8713
                0x000000000000bd14       0x10 /opt/gcc-arm-none-eabi-9-2020-q2-update/bin/../lib/gcc/arm-none-eabi/9.3.1/../../../../arm-none-eabi/lib/thumb/v7e-m+fp/hard/libc.a(lib_a-vfprintf.o)
 .rodata.zeroes.8714
                0x000000000000bd24       0x10 /opt/gcc-arm-none-eabi-9-2020-q2-update/bin/../lib/gcc/arm-none-eabi/9.3.1/../../../../arm-none-eabi/lib/thumb/v7e-m+fp/hard/libc.a(lib_a-vfprintf.o)
 .rodata._dtoa_r.str1.4
                0x000000000000bd34       0xa0 /opt/gcc-arm-none-eabi-9-2020-q2-update/bin/../lib/gcc/arm-none-eabi/9.3.1/../../../../arm-none-eabi/lib/thumb/v7e-m+fp/hard/libc.a(lib_a-dtoa.o)
                                         0xa4 (size before relaxing)
 .rodata.__multadd.str1.4
                0x000000000000bdd4       0x7d /opt/gcc-arm-none-eabi-9-2020-q2-update/bin/../lib/gcc/arm-none-eabi/9.3.1/../../../../arm-none-eabi/lib/thumb/v7e-m+fp/hard/libc.a(lib_a-mprec.o)
                                         0x91 (size before relaxing)
 *fill*         0x000000000000be51        0x7 
 .rodata.__mprec_bigtens
                0x000000000000be58       0x28 /opt/gcc-arm-none-eabi-9-2020-q2-update/bin/../lib/gcc/arm-none-eabi/9.3.1/../../../../arm-none-eabi/lib/thumb/v7e-m+fp/hard/libc.a(lib_a-mprec.o)
                0x000000000000be58                __mprec_bigtens
 .rodata.__mprec_tens
                0x000000000000be80       0xc8 /opt/gcc-arm-none-eabi-9-2020-q2-update/bin/../lib/gcc/arm-none-eabi/9.3.1/../../../../arm-none-eabi/lib/thumb/v7e-m+fp/hard/libc.a(lib_a-mprec.o)
                0x000000000000be80                __mprec_tens
 .rodata.p05.7485
                0x000000000000bf48        0xc /opt/gcc-arm-none-eabi-9-2020-q2-update/bin/../lib/gcc/arm-none-eabi/9.3.1/../../../../arm-none-eabi/lib/thumb/v7e-m+fp/hard/libc.a(lib_a-mprec.o)
 .rodata._vfiprintf_r.str1.4
                0x000000000000bf54       0x2f /opt/gcc-arm-none-eabi-9-2020-q2-update/bin/../lib/gcc/arm-none-eabi/9.3.1/../../../../arm-none-eabi/lib/thumb/v7e-m+fp/hard/libc.a(lib_a-vfiprintf.o)
 .rodata.blanks.8691
                0x000000000000bf54       0x10 /opt/gcc-arm-none-eabi-9-2020-q2-update/bin/../lib/gcc/arm-none-eabi/9.3.1/../../../../arm-none-eabi/lib/thumb/v7e-m+fp/hard/libc.a(lib_a-vfiprintf.o)
 .rodata.zeroes.8692
                0x000000000000bf64       0x10 /opt/gcc-arm-none-eabi-9-2020-q2-update/bin/../lib/gcc/arm-none-eabi/9.3.1/../../../../arm-none-eabi/lib/thumb/v7e-m+fp/hard/libc.a(lib_a-vfiprintf.o)
 .rodata.__assert_func.str1.4
                0x000000000000bf74       0x3f /opt/gcc-arm-none-eabi-9-2020-q2-update/bin/../lib/gcc/arm-none-eabi/9.3.1/../../../../arm-none-eabi/lib/thumb/v7e-m+fp/hard/libc.a(lib_a-assert.o)
                                         0x43 (size before relaxing)
 *fill*         0x000000000000bfb3        0x1 
 .rodata._setlocale_r.str1.4
                0x000000000000bfb4        0xa /opt/gcc-arm-none-eabi-9-2020-q2-update/bin/../lib/gcc/arm-none-eabi/9.3.1/../../../../arm-none-eabi/lib/thumb/v7e-m+fp/hard/libc.a(lib_a-locale.o)
                                          0xd (size before relaxing)
 *fill*         0x000000000000bfbe        0x2 
 .rodata.str1.4
                0x000000000000bfc0        0x2 /opt/gcc-arm-none-eabi-9-2020-q2-update/bin/../lib/gcc/arm-none-eabi/9.3.1/../../../../arm-none-eabi/lib/thumb/v7e-m+fp/hard/libc.a(lib_a-locale.o)
 *(.eh_frame*)
 *fill*         0x000000000000bfc2        0x2 
 .eh_frame      0x000000000000bfc4        0x0 /opt/gcc-arm-none-eabi-9-2020-q2-update/bin/../lib/gcc/arm-none-eabi/9.3.1/thumb/v7e-m+fp/hard/crtbegin.o
 .eh_frame      0x000000000000bfc4        0x4 /opt/gcc-arm-none-eabi-9-2020-q2-update/bin/../lib/gcc/arm-none-eabi/9.3.1/thumb/v7e-m+fp/hard/crtend.o

.glue_7         0x000000000000bfc8        0x0
 .glue_7        0x000000000000bfc8        0x0 linker stubs

.glue_7t        0x000000000000bfc8        0x0
 .glue_7t       0x000000000000bfc8        0x0 linker stubs

.vfp11_veneer   0x000000000000bfc8        0x0
 .vfp11_veneer  0x000000000000bfc8        0x0 linker stubs

.v4_bx          0x000000000000bfc8        0x0
 .v4_bx         0x000000000000bfc8        0x0 linker stubs

.iplt           0x000000000000bfc8        0x0
 .iplt          0x000000000000bfc8        0x0 /opt/gcc-arm-none-eabi-9-2020-q2-update/bin/../lib/gcc/arm-none-eabi/9.3.1/thumb/v7e-m+fp/hard/crtbegin.o

.pwr_mgmt_data  0x000000000000bfc8        0x0
                0x000000000000bfc8                PROVIDE (__start_pwr_mgmt_data = .)
 *(SORT_BY_NAME(.pwr_mgmt_data*))
                0x000000000000bfc8                PROVIDE (__stop_pwr_mgmt_data = .)

.log_const_data
                0x000000000000bfc8       0x60
                0x000000000000bfc8                PROVIDE (__start_log_const_data = .)
 *(SORT_BY_NAME(.log_const_data*))
 .log_const_data_CLOCK
                0x000000000000bfc8        0x8 _build/nrfx_clock.o
                0x000000000000bfc8                m_nrf_log_CLOCK_logs_data_const
 .log_const_data_GPIOTE
                0x000000000000bfd0        0x8 _build/nrfx_gpiote.o
                0x000000000000bfd0                m_nrf_log_GPIOTE_logs_data_const
 .log_const_data_PRS
                0x000000000000bfd8        0x8 _build/nrfx_prs.o
                0x000000000000bfd8                m_nrf_log_PRS_logs_data_const
 .log_const_data_SAADC
                0x000000000000bfe0        0x8 _build/nrfx_saadc.o
                0x000000000000bfe0                m_nrf_log_SAADC_logs_data_const
 .log_const_data_TIMER
                0x000000000000bfe8        0x8 _build/nrfx_timer.o
                0x000000000000bfe8                m_nrf_log_TIMER_logs_data_const
 .log_const_data_TWIM
                0x000000000000bff0        0x8 _build/nrfx_twim.o
                0x000000000000bff0                m_nrf_log_TWIM_logs_data_const
 .log_const_data_UART
                0x000000000000bff8        0x8 _build/nrfx_uart.o
                0x000000000000bff8                m_nrf_log_UART_logs_data_const
 .log_const_data_UARTE
                0x000000000000c000        0x8 _build/nrfx_uarte.o
                0x000000000000c000                m_nrf_log_UARTE_logs_data_const
 .log_const_data_app
                0x000000000000c008        0x8 _build/nrf_log_frontend.o
                0x000000000000c008                m_nrf_log_app_logs_data_const
 .log_const_data_clock
                0x000000000000c010        0x8 _build/nrf_drv_clock.o
                0x000000000000c010                m_nrf_log_clock_logs_data_const
 .log_const_data_hardfault
                0x000000000000c018        0x8 _build/hardfault_implementation.o
                0x000000000000c018                m_nrf_log_hardfault_logs_data_const
 .log_const_data_pwr_mgmt
                0x000000000000c020        0x8 _build/nrf_pwr_mgmt.o
                0x000000000000c020                m_nrf_log_pwr_mgmt_logs_data_const
                0x000000000000c028                PROVIDE (__stop_log_const_data = .)

.nrf_balloc     0x000000000000c028       0x14
                [!provide]                        PROVIDE (__start_nrf_balloc = .)
 *(.nrf_balloc)
 .nrf_balloc    0x000000000000c028       0x14 _build/nrf_log_frontend.o
                0x000000000000c028                log_mempool
                [!provide]                        PROVIDE (__stop_nrf_balloc = .)

.log_backends   0x000000000000c03c       0x10
 .log_backends  0x000000000000c03c       0x10 _build/nrf_log_default_backends.o

.nrf_queue      0x000000000000c04c        0x0
                [!provide]                        PROVIDE (__start_nrf_queue = .)
 *(.nrf_queue)
                [!provide]                        PROVIDE (__stop_nrf_queue = .)

.cli_command    0x000000000000c04c        0x0
                [!provide]                        PROVIDE (__start_cli_command = .)
 *(.cli_command)
                [!provide]                        PROVIDE (__stop_cli_command = .)

.sdh_stack_observers
                0x000000000000c04c        0x0
                [!provide]                        PROVIDE (__start_sdh_stack_observers = .)
 *(SORT_BY_NAME(.sdh_stack_observers*))
                [!provide]                        PROVIDE (__stop_sdh_stack_observers = .)

.sdh_req_observers
                0x000000000000c04c        0x0
                [!provide]                        PROVIDE (__start_sdh_req_observers = .)
 *(SORT_BY_NAME(.sdh_req_observers*))
                [!provide]                        PROVIDE (__stop_sdh_req_observers = .)

.sdh_state_observers
                0x000000000000c04c        0x0
                [!provide]                        PROVIDE (__start_sdh_state_observers = .)
 *(SORT_BY_NAME(.sdh_state_observers*))
                [!provide]                        PROVIDE (__stop_sdh_state_observers = .)

.sdh_ant_observers
                0x000000000000c04c        0x0
                [!provide]                        PROVIDE (__start_sdh_ant_observers = .)
 *(SORT_BY_NAME(.sdh_ant_observers*))
                [!provide]                        PROVIDE (__stop_sdh_ant_observers = .)

.sdh_ble_observers
                0x000000000000c04c        0x0
                [!provide]                        PROVIDE (__start_sdh_ble_observers = .)
 *(SORT_BY_NAME(.sdh_ble_observers*))
                [!provide]                        PROVIDE (__stop_sdh_ble_observers = .)

.sdh_soc_observers
                0x000000000000c04c        0x0
                [!provide]                        PROVIDE (__start_sdh_soc_observers = .)
 *(SORT_BY_NAME(.sdh_soc_observers*))
                [!provide]                        PROVIDE (__stop_sdh_soc_observers = .)

.crypto_data    0x000000000000c04c        0x0
                [!provide]                        PROVIDE (__start_crypto_data = .)
 *(SORT_BY_NAME(.crypto_data*))
                [!provide]                        PROVIDE (__stop_crypto_data = .)

.ARM.extab
 *(.ARM.extab* .gnu.linkonce.armextab.*)
                0x000000000000c04c                __exidx_start = .

.ARM.exidx      0x000000000000c04c        0x8
 *(.ARM.exidx* .gnu.linkonce.armexidx.*)
 .ARM.exidx     0x000000000000c04c        0x8 /opt/gcc-arm-none-eabi-9-2020-q2-update/bin/../lib/gcc/arm-none-eabi/9.3.1/../../../../arm-none-eabi/lib/thumb/v7e-m+fp/hard/crt0.o
                                         0x10 (size before relaxing)
 .ARM.exidx     0x000000000000c054        0x0 /opt/gcc-arm-none-eabi-9-2020-q2-update/bin/../lib/gcc/arm-none-eabi/9.3.1/thumb/v7e-m+fp/hard/libgcc.a(_udivmoddi4.o)
                                          0x8 (size before relaxing)
                0x000000000000c054                __exidx_end = .
                0x000000000000c054                __etext = .

.rel.dyn        0x000000000000c054        0x0
 .rel.iplt      0x000000000000c054        0x0 /opt/gcc-arm-none-eabi-9-2020-q2-update/bin/../lib/gcc/arm-none-eabi/9.3.1/thumb/v7e-m+fp/hard/crtbegin.o

.data           0x0000000020000000      0xc68 load address 0x000000000000c054
                0x0000000020000000                __data_start__ = .
 *(vtable)
 *(.data*)
 .data.led_states
                0x0000000020000000        0x5 _build/led_matrix.o
                0x0000000020000000                led_states
 .data.font     0x0000000020000005      0x280 _build/font.o
                0x0000000020000005                font
 *fill*         0x0000000020000285        0x3 
 .data.m_uart   0x0000000020000288       0x14 _build/microbit_nrf_log_backend_uart.o
                0x0000000020000288                m_uart
 .data.log_backend_cb_uart_log_backend
                0x000000002000029c        0x8 _build/nrf_log_default_backends.o
 .data.SystemCoreClock
                0x00000000200002a4        0x4 _build/system_nrf52833.o
                0x00000000200002a4                SystemCoreClock
 .data._impure_ptr
                0x00000000200002a8        0x4 /opt/gcc-arm-none-eabi-9-2020-q2-update/bin/../lib/gcc/arm-none-eabi/9.3.1/../../../../arm-none-eabi/lib/thumb/v7e-m+fp/hard/libc.a(lib_a-impure.o)
                0x00000000200002a8                _impure_ptr
 *fill*         0x00000000200002ac        0x4 
 .data.impure_data
                0x00000000200002b0      0x428 /opt/gcc-arm-none-eabi-9-2020-q2-update/bin/../lib/gcc/arm-none-eabi/9.3.1/../../../../arm-none-eabi/lib/thumb/v7e-m+fp/hard/libc.a(lib_a-impure.o)
 .data.__atexit_recursive_mutex
                0x00000000200006d8        0x4 /opt/gcc-arm-none-eabi-9-2020-q2-update/bin/../lib/gcc/arm-none-eabi/9.3.1/../../../../arm-none-eabi/lib/thumb/v7e-m+fp/hard/libc.a(lib_a-__call_atexit.o)
                0x00000000200006d8                __atexit_recursive_mutex
 .data.__malloc_av_
                0x00000000200006dc      0x408 /opt/gcc-arm-none-eabi-9-2020-q2-update/bin/../lib/gcc/arm-none-eabi/9.3.1/../../../../arm-none-eabi/lib/thumb/v7e-m+fp/hard/libc.a(lib_a-mallocr.o)
                0x00000000200006dc                __malloc_av_
 .data.__malloc_sbrk_base
                0x0000000020000ae4        0x4 /opt/gcc-arm-none-eabi-9-2020-q2-update/bin/../lib/gcc/arm-none-eabi/9.3.1/../../../../arm-none-eabi/lib/thumb/v7e-m+fp/hard/libc.a(lib_a-mallocr.o)
                0x0000000020000ae4                __malloc_sbrk_base
 .data.__malloc_trim_threshold
                0x0000000020000ae8        0x4 /opt/gcc-arm-none-eabi-9-2020-q2-update/bin/../lib/gcc/arm-none-eabi/9.3.1/../../../../arm-none-eabi/lib/thumb/v7e-m+fp/hard/libc.a(lib_a-mallocr.o)
                0x0000000020000ae8                __malloc_trim_threshold
 .data.__global_locale
                0x0000000020000aec      0x16c /opt/gcc-arm-none-eabi-9-2020-q2-update/bin/../lib/gcc/arm-none-eabi/9.3.1/../../../../arm-none-eabi/lib/thumb/v7e-m+fp/hard/libc.a(lib_a-locale.o)
                0x0000000020000aec                __global_locale
                0x0000000020000c58                . = ALIGN (0x4)
                0x0000000020000c58                PROVIDE (__preinit_array_start = .)
 *(.preinit_array)
                0x0000000020000c58                PROVIDE (__preinit_array_end = .)
                0x0000000020000c58                . = ALIGN (0x4)
                0x0000000020000c58                PROVIDE (__init_array_start = .)
 *(SORT_BY_NAME(.init_array.*))
 .init_array.00000
                0x0000000020000c58        0x4 /opt/gcc-arm-none-eabi-9-2020-q2-update/bin/../lib/gcc/arm-none-eabi/9.3.1/../../../../arm-none-eabi/lib/thumb/v7e-m+fp/hard/libc.a(lib_a-__call_atexit.o)
 *(.init_array)
 .init_array    0x0000000020000c5c        0x4 /opt/gcc-arm-none-eabi-9-2020-q2-update/bin/../lib/gcc/arm-none-eabi/9.3.1/thumb/v7e-m+fp/hard/crtbegin.o
 .init_array    0x0000000020000c60        0x4 _build/microbit_before_startup.o
                0x0000000020000c64                PROVIDE (__init_array_end = .)
                0x0000000020000c64                . = ALIGN (0x4)
                0x0000000020000c64                PROVIDE (__fini_array_start = .)
 *(SORT_BY_NAME(.fini_array.*))
 *(.fini_array)
 .fini_array    0x0000000020000c64        0x4 /opt/gcc-arm-none-eabi-9-2020-q2-update/bin/../lib/gcc/arm-none-eabi/9.3.1/thumb/v7e-m+fp/hard/crtbegin.o
                0x0000000020000c68                PROVIDE (__fini_array_end = .)
 *(.jcr*)
                0x0000000020000c68                . = ALIGN (0x4)
                0x0000000020000c68                __data_end__ = .
LOAD /opt/gcc-arm-none-eabi-9-2020-q2-update/bin/../lib/gcc/arm-none-eabi/9.3.1/thumb/v7e-m+fp/hard/crti.o
LOAD /opt/gcc-arm-none-eabi-9-2020-q2-update/bin/../lib/gcc/arm-none-eabi/9.3.1/thumb/v7e-m+fp/hard/crtbegin.o
LOAD /opt/gcc-arm-none-eabi-9-2020-q2-update/bin/../lib/gcc/arm-none-eabi/9.3.1/../../../../arm-none-eabi/lib/thumb/v7e-m+fp/hard/crt0.o
START GROUP
LOAD _build/led_matrix.o
LOAD _build/font.o
LOAD _build/main.o
LOAD _build/better_error_handling.o
LOAD _build/microbit_nrf_log_backend_uart.o
LOAD _build/microbit_retarget.o
LOAD _build/microbit_before_startup.o
LOAD _build/app_error_handler_gcc.o
LOAD _build/app_scheduler.o
LOAD _build/app_timer.o
LOAD _build/app_util_platform.o
LOAD _build/hardfault_handler_gcc.o
LOAD _build/hardfault_implementation.o
LOAD _build/nrf_assert.o
LOAD _build/nrf_atomic.o
LOAD _build/nrf_balloc.o
LOAD _build/nrf_drv_twi.o
LOAD _build/nrf_drv_uart.o
LOAD _build/nrf_fprintf.o
LOAD _build/nrf_fprintf_format.o
LOAD _build/nrf_log_backend_rtt.o
LOAD _build/nrf_log_backend_serial.o
LOAD _build/nrf_log_default_backends.o
LOAD _build/nrf_log_frontend.o
LOAD _build/nrf_log_str_formatter.o
LOAD _build/nrf_pwr_mgmt.o
LOAD _build/nrf_memobj.o
LOAD _build/nrf_ringbuf.o
LOAD _build/nrf_section_iter.o
LOAD _build/nrf_serial.o
LOAD _build/nrf_sdh.o
LOAD _build/nrf_strerror.o
LOAD _build/nrf_queue.o
LOAD _build/nrf_drv_clock.o
LOAD _build/nrf_nvmc.o
LOAD _build/nrfx_gpiote.o
LOAD _build/nrfx_ppi.o
LOAD _build/nrfx_prs.o
LOAD _build/nrfx_saadc.o
LOAD _build/nrfx_timer.o
LOAD _build/nrfx_twi.o
LOAD _build/nrfx_twim.o
LOAD _build/nrfx_clock.o
LOAD _build/nrfx_uart.o
LOAD _build/nrfx_uarte.o
LOAD _build/app_fifo.o
LOAD _build/app_uart_fifo.o
LOAD _build/system_nrf52833.o
LOAD _build/app_error_weak.o
LOAD _build/gcc_startup_nrf52833.os
LOAD /opt/gcc-arm-none-eabi-9-2020-q2-update/bin/../lib/gcc/arm-none-eabi/9.3.1/../../../../arm-none-eabi/lib/thumb/v7e-m+fp/hard/libc.a
LOAD /opt/gcc-arm-none-eabi-9-2020-q2-update/bin/../lib/gcc/arm-none-eabi/9.3.1/../../../../arm-none-eabi/lib/thumb/v7e-m+fp/hard/libnosys.a
LOAD /opt/gcc-arm-none-eabi-9-2020-q2-update/bin/../lib/gcc/arm-none-eabi/9.3.1/../../../../arm-none-eabi/lib/thumb/v7e-m+fp/hard/libm.a
LOAD /opt/gcc-arm-none-eabi-9-2020-q2-update/bin/../lib/gcc/arm-none-eabi/9.3.1/../../../../arm-none-eabi/lib/thumb/v7e-m+fp/hard/libstdc++.a
END GROUP
START GROUP
LOAD /opt/gcc-arm-none-eabi-9-2020-q2-update/bin/../lib/gcc/arm-none-eabi/9.3.1/thumb/v7e-m+fp/hard/libgcc.a
LOAD /opt/gcc-arm-none-eabi-9-2020-q2-update/bin/../lib/gcc/arm-none-eabi/9.3.1/../../../../arm-none-eabi/lib/thumb/v7e-m+fp/hard/libc.a
END GROUP
LOAD /opt/gcc-arm-none-eabi-9-2020-q2-update/bin/../lib/gcc/arm-none-eabi/9.3.1/thumb/v7e-m+fp/hard/crtend.o
LOAD /opt/gcc-arm-none-eabi-9-2020-q2-update/bin/../lib/gcc/arm-none-eabi/9.3.1/thumb/v7e-m+fp/hard/crtn.o
START GROUP
LOAD /opt/gcc-arm-none-eabi-9-2020-q2-update/bin/../lib/gcc/arm-none-eabi/9.3.1/thumb/v7e-m+fp/hard/libgcc.a
LOAD /opt/gcc-arm-none-eabi-9-2020-q2-update/bin/../lib/gcc/arm-none-eabi/9.3.1/../../../../arm-none-eabi/lib/thumb/v7e-m+fp/hard/libc.a
LOAD /opt/gcc-arm-none-eabi-9-2020-q2-update/bin/../lib/gcc/arm-none-eabi/9.3.1/../../../../arm-none-eabi/lib/thumb/v7e-m+fp/hard/libnosys.a
END GROUP
                0x0000000000001000                FLASH_PAGE_SIZE = 0x1000
                0x0000000000000004                FLASH_DATA_PAGES_USED = 0x4

.igot.plt       0x0000000020000c68        0x0 load address 0x000000000000ccbc
 .igot.plt      0x0000000020000c68        0x0 /opt/gcc-arm-none-eabi-9-2020-q2-update/bin/../lib/gcc/arm-none-eabi/9.3.1/thumb/v7e-m+fp/hard/crtbegin.o
                0x0000000020000c68                . = ALIGN (0x4)

.svc_data       0x0000000020000c68        0x0
                [!provide]                        PROVIDE (__start_svc_data = .)
 *(.svc_data)
                [!provide]                        PROVIDE (__stop_svc_data = .)

.fs_data        0x0000000020000c68        0x0
                [!provide]                        PROVIDE (__start_fs_data = .)
 *(.fs_data)
                [!provide]                        PROVIDE (__stop_fs_data = .)

.log_dynamic_data
                0x0000000020000c68        0x0
                0x0000000020000c68                PROVIDE (__start_log_dynamic_data = .)
 *(SORT_BY_NAME(.log_dynamic_data*))
                [!provide]                        PROVIDE (__stop_log_dynamic_data = .)

.cli_sorted_cmd_ptrs
                0x0000000020000c68        0x0
                [!provide]                        PROVIDE (__start_cli_sorted_cmd_ptrs = .)
 *(.cli_sorted_cmd_ptrs)
                [!provide]                        PROVIDE (__stop_cli_sorted_cmd_ptrs = .)

.bss            0x0000000020000c68      0x8f0 load address 0x000000000000ccbc
                0x0000000020000c68                . = ALIGN (0x4)
                0x0000000020000c68                __bss_start__ = .
 *(.bss*)
 .bss           0x0000000020000c68       0x1c /opt/gcc-arm-none-eabi-9-2020-q2-update/bin/../lib/gcc/arm-none-eabi/9.3.1/thumb/v7e-m+fp/hard/crtbegin.o
 .bss.current_row
                0x0000000020000c84        0x1 _build/led_matrix.o
                0x0000000020000c84                current_row
 *fill*         0x0000000020000c85        0x3 
 .bss.my_timer_1_data
                0x0000000020000c88       0x20 _build/led_matrix.o
 .bss.m_async_mode
                0x0000000020000ca8        0x1 _build/microbit_nrf_log_backend_uart.o
 .bss.m_string_buff
                0x0000000020000ca9       0x40 _build/microbit_nrf_log_backend_uart.o
 .bss.m_xfer_done
                0x0000000020000ce9        0x1 _build/microbit_nrf_log_backend_uart.o
 *fill*         0x0000000020000cea        0x2 
 .bss.m_op_queue
                0x0000000020000cec      0x10c _build/app_timer.o
 .bss.m_rtc1_reset
                0x0000000020000df8        0x1 _build/app_timer.o
 .bss.m_rtc1_running
                0x0000000020000df9        0x1 _build/app_timer.o
 *fill*         0x0000000020000dfa        0x2 
 .bss.m_ticks_elapsed
                0x0000000020000dfc        0x8 _build/app_timer.o
 .bss.m_ticks_elapsed_q_read_ind
                0x0000000020000e04        0x1 _build/app_timer.o
 .bss.m_ticks_elapsed_q_write_ind
                0x0000000020000e05        0x1 _build/app_timer.o
 *fill*         0x0000000020000e06        0x2 
 .bss.m_ticks_latest
                0x0000000020000e08        0x4 _build/app_timer.o
 .bss.mp_timer_id_head
                0x0000000020000e0c        0x4 _build/app_timer.o
 .bss.m_in_critical_region
                0x0000000020000e10        0x4 _build/app_util_platform.o
 .bss.m_contexts
                0x0000000020000e14        0x8 _build/nrf_drv_uart.o
 .bss.m_handlers
                0x0000000020000e1c        0x8 _build/nrf_drv_uart.o
 .bss.log_mempool_nrf_balloc_cb
                0x0000000020000e24        0x8 _build/nrf_log_frontend.o
 .bss.log_mempool_nrf_balloc_pool_mem
                0x0000000020000e2c       0xc0 _build/nrf_log_frontend.o
 .bss.log_mempool_nrf_balloc_pool_stack
                0x0000000020000eec        0x8 _build/nrf_log_frontend.o
 .bss.m_log_data
                0x0000000020000ef4      0x424 _build/nrf_log_frontend.o
 .bss.m_log_push_ringbuf_buf
                0x0000000020001318       0x80 _build/nrf_log_frontend.o
 .bss.m_log_push_ringbuf_cb
                0x0000000020001398       0x18 _build/nrf_log_frontend.o
 .bss.m_cb      0x00000000200013b0       0x68 _build/nrfx_gpiote.o
 .bss.m_prs_box_4
                0x0000000020001418        0x8 _build/nrfx_prs.o
 .bss.m_cb      0x0000000020001420       0x30 _build/nrfx_saadc.o
 .bss.m_cb      0x0000000020001450       0x18 _build/nrfx_timer.o
 .bss.m_cb      0x0000000020001468       0x34 _build/nrfx_twim.o
 .bss.m_clock_cb
                0x000000002000149c        0x8 _build/nrfx_clock.o
 .bss.m_cb      0x00000000200014a4       0x2c _build/nrfx_uart.o
 .bss.m_cb      0x00000000200014d0       0x24 _build/nrfx_uarte.o
 .bss.__malloc_current_mallinfo
                0x00000000200014f4       0x28 /opt/gcc-arm-none-eabi-9-2020-q2-update/bin/../lib/gcc/arm-none-eabi/9.3.1/../../../../arm-none-eabi/lib/thumb/v7e-m+fp/hard/libc.a(lib_a-mallocr.o)
                0x00000000200014f4                __malloc_current_mallinfo
 .bss.__malloc_max_sbrked_mem
                0x000000002000151c        0x4 /opt/gcc-arm-none-eabi-9-2020-q2-update/bin/../lib/gcc/arm-none-eabi/9.3.1/../../../../arm-none-eabi/lib/thumb/v7e-m+fp/hard/libc.a(lib_a-mallocr.o)
                0x000000002000151c                __malloc_max_sbrked_mem
 .bss.__malloc_max_total_mem
                0x0000000020001520        0x4 /opt/gcc-arm-none-eabi-9-2020-q2-update/bin/../lib/gcc/arm-none-eabi/9.3.1/../../../../arm-none-eabi/lib/thumb/v7e-m+fp/hard/libc.a(lib_a-mallocr.o)
                0x0000000020001520                __malloc_max_total_mem
 .bss.__malloc_top_pad
                0x0000000020001524        0x4 /opt/gcc-arm-none-eabi-9-2020-q2-update/bin/../lib/gcc/arm-none-eabi/9.3.1/../../../../arm-none-eabi/lib/thumb/v7e-m+fp/hard/libc.a(lib_a-mallocr.o)
                0x0000000020001524                __malloc_top_pad
 .bss.heap_end.5507
                0x0000000020001528        0x4 /opt/gcc-arm-none-eabi-9-2020-q2-update/bin/../lib/gcc/arm-none-eabi/9.3.1/../../../../arm-none-eabi/lib/thumb/v7e-m+fp/hard/libnosys.a(sbrk.o)
 *(COMMON)
 COMMON         0x000000002000152c        0x2 _build/nrf_drv_uart.o
                0x000000002000152c                nrf_drv_uart_use_easy_dma
 *fill*         0x000000002000152e        0x2 
 COMMON         0x0000000020001530       0x21 /opt/gcc-arm-none-eabi-9-2020-q2-update/bin/../lib/gcc/arm-none-eabi/9.3.1/../../../../arm-none-eabi/lib/thumb/v7e-m+fp/hard/libc.a(lib_a-lock.o)
                0x0000000020001530                __lock___atexit_recursive_mutex
                0x0000000020001534                __lock___arc4random_mutex
                0x0000000020001538                __lock___env_recursive_mutex
                0x000000002000153c                __lock___sinit_recursive_mutex
                0x0000000020001540                __lock___malloc_recursive_mutex
                0x0000000020001544                __lock___at_quick_exit_mutex
                0x0000000020001548                __lock___dd_hash_mutex
                0x000000002000154c                __lock___tz_mutex
                0x0000000020001550                __lock___sfp_recursive_mutex
 *fill*         0x0000000020001551        0x3 
 COMMON         0x0000000020001554        0x4 /opt/gcc-arm-none-eabi-9-2020-q2-update/bin/../lib/gcc/arm-none-eabi/9.3.1/../../../../arm-none-eabi/lib/thumb/v7e-m+fp/hard/libc.a(lib_a-reent.o)
                0x0000000020001554                errno
                0x0000000020001558                . = ALIGN (0x4)
                0x0000000020001558                __bss_end__ = .

.heap           0x0000000020001558     0x2000
                0x0000000020001558                __HeapBase = .
                0x0000000020001558                __end__ = .
                0x0000000020001558                PROVIDE (end = .)
 *(.heap*)
 .heap          0x0000000020001558     0x2000 _build/gcc_startup_nrf52833.os
                0x0000000020003558                __HeapLimit = .

.stack_dummy    0x0000000020001558     0x2000
 *(.stack*)
 .stack         0x0000000020001558     0x2000 _build/gcc_startup_nrf52833.os
                0x0000000020020000                __StackTop = (ORIGIN (RAM) + LENGTH (RAM))
                0x000000002001e000                __StackLimit = (__StackTop - SIZEOF (.stack_dummy))
                0x0000000020020000                PROVIDE (__stack = __StackTop)
                0x0000000000000001                ASSERT ((__StackLimit >= __HeapLimit), region RAM overflowed with stack)
                0x0000000000000c68                DataInitFlashUsed = (__bss_start__ - __data_start__)
                0x000000000000c054                CodeFlashUsed = (__etext - ORIGIN (FLASH))
                0x000000000000ccbc                TotalFlashUsed = (CodeFlashUsed + DataInitFlashUsed)
                0x0000000000000001                ASSERT ((TotalFlashUsed <= LENGTH (FLASH)), region FLASH overflowed with .data and user data)
OUTPUT(_build/led_matrix_sdk16_blank.elf elf32-littlearm)
LOAD linker stubs

.ARM.attributes
                0x0000000000000000       0x30
 .ARM.attributes
                0x0000000000000000       0x1e /opt/gcc-arm-none-eabi-9-2020-q2-update/bin/../lib/gcc/arm-none-eabi/9.3.1/thumb/v7e-m+fp/hard/crti.o
 .ARM.attributes
                0x000000000000001e       0x34 /opt/gcc-arm-none-eabi-9-2020-q2-update/bin/../lib/gcc/arm-none-eabi/9.3.1/thumb/v7e-m+fp/hard/crtbegin.o
 .ARM.attributes
                0x0000000000000052       0x1c /opt/gcc-arm-none-eabi-9-2020-q2-update/bin/../lib/gcc/arm-none-eabi/9.3.1/../../../../arm-none-eabi/lib/thumb/v7e-m+fp/hard/crt0.o
 .ARM.attributes
                0x000000000000006e       0x34 _build/led_matrix.o
 .ARM.attributes
                0x00000000000000a2       0x39 _build/font.o
 .ARM.attributes
                0x00000000000000db       0x34 _build/main.o
 .ARM.attributes
                0x000000000000010f       0x34 _build/better_error_handling.o
 .ARM.attributes
                0x0000000000000143       0x34 _build/microbit_nrf_log_backend_uart.o
 .ARM.attributes
                0x0000000000000177       0x34 _build/microbit_retarget.o
 .ARM.attributes
                0x00000000000001ab       0x34 _build/microbit_before_startup.o
 .ARM.attributes
                0x00000000000001df       0x34 _build/app_error_handler_gcc.o
 .ARM.attributes
                0x0000000000000213       0x34 _build/app_timer.o
 .ARM.attributes
                0x0000000000000247       0x34 _build/app_util_platform.o
 .ARM.attributes
                0x000000000000027b       0x34 _build/hardfault_handler_gcc.o
 .ARM.attributes
                0x00000000000002af       0x34 _build/hardfault_implementation.o
 .ARM.attributes
                0x00000000000002e3       0x34 _build/nrf_assert.o
 .ARM.attributes
                0x0000000000000317       0x34 _build/nrf_atomic.o
 .ARM.attributes
                0x000000000000034b       0x34 _build/nrf_balloc.o
 .ARM.attributes
                0x000000000000037f       0x34 _build/nrf_drv_uart.o
 .ARM.attributes
                0x00000000000003b3       0x34 _build/nrf_fprintf.o
 .ARM.attributes
                0x00000000000003e7       0x34 _build/nrf_fprintf_format.o
 .ARM.attributes
                0x000000000000041b       0x34 _build/nrf_log_backend_serial.o
 .ARM.attributes
                0x000000000000044f       0x34 _build/nrf_log_default_backends.o
 .ARM.attributes
                0x0000000000000483       0x34 _build/nrf_log_frontend.o
 .ARM.attributes
                0x00000000000004b7       0x34 _build/nrf_log_str_formatter.o
 .ARM.attributes
                0x00000000000004eb       0x34 _build/nrf_pwr_mgmt.o
 .ARM.attributes
                0x000000000000051f       0x34 _build/nrf_memobj.o
 .ARM.attributes
                0x0000000000000553       0x34 _build/nrf_ringbuf.o
 .ARM.attributes
                0x0000000000000587       0x34 _build/nrf_strerror.o
 .ARM.attributes
                0x00000000000005bb       0x34 _build/nrf_drv_clock.o
 .ARM.attributes
                0x00000000000005ef       0x34 _build/nrfx_gpiote.o
 .ARM.attributes
                0x0000000000000623       0x34 _build/nrfx_prs.o
 .ARM.attributes
                0x0000000000000657       0x34 _build/nrfx_saadc.o
 .ARM.attributes
                0x000000000000068b       0x34 _build/nrfx_timer.o
 .ARM.attributes
                0x00000000000006bf       0x34 _build/nrfx_twim.o
 .ARM.attributes
                0x00000000000006f3       0x34 _build/nrfx_clock.o
 .ARM.attributes
                0x0000000000000727       0x34 _build/nrfx_uart.o
 .ARM.attributes
                0x000000000000075b       0x34 _build/nrfx_uarte.o
 .ARM.attributes
                0x000000000000078f       0x34 _build/system_nrf52833.o
 .ARM.attributes
                0x00000000000007c3       0x1c _build/gcc_startup_nrf52833.os
 .ARM.attributes
                0x00000000000007df       0x32 /opt/gcc-arm-none-eabi-9-2020-q2-update/bin/../lib/gcc/arm-none-eabi/9.3.1/../../../../arm-none-eabi/lib/thumb/v7e-m+fp/hard/libc.a(lib_a-ctype_.o)
 .ARM.attributes
                0x0000000000000811       0x34 /opt/gcc-arm-none-eabi-9-2020-q2-update/bin/../lib/gcc/arm-none-eabi/9.3.1/../../../../arm-none-eabi/lib/thumb/v7e-m+fp/hard/libc.a(lib_a-exit.o)
 .ARM.attributes
                0x0000000000000845       0x32 /opt/gcc-arm-none-eabi-9-2020-q2-update/bin/../lib/gcc/arm-none-eabi/9.3.1/../../../../arm-none-eabi/lib/thumb/v7e-m+fp/hard/libc.a(lib_a-impure.o)
 .ARM.attributes
                0x0000000000000877       0x34 /opt/gcc-arm-none-eabi-9-2020-q2-update/bin/../lib/gcc/arm-none-eabi/9.3.1/../../../../arm-none-eabi/lib/thumb/v7e-m+fp/hard/libc.a(lib_a-init.o)
 .ARM.attributes
                0x00000000000008ab       0x1c /opt/gcc-arm-none-eabi-9-2020-q2-update/bin/../lib/gcc/arm-none-eabi/9.3.1/../../../../arm-none-eabi/lib/thumb/v7e-m+fp/hard/libc.a(lib_a-memcpy.o)
 .ARM.attributes
                0x00000000000008c7       0x34 /opt/gcc-arm-none-eabi-9-2020-q2-update/bin/../lib/gcc/arm-none-eabi/9.3.1/../../../../arm-none-eabi/lib/thumb/v7e-m+fp/hard/libc.a(lib_a-memset.o)
 .ARM.attributes
                0x00000000000008fb       0x34 /opt/gcc-arm-none-eabi-9-2020-q2-update/bin/../lib/gcc/arm-none-eabi/9.3.1/../../../../arm-none-eabi/lib/thumb/v7e-m+fp/hard/libc.a(lib_a-printf.o)
 .ARM.attributes
                0x000000000000092f       0x34 /opt/gcc-arm-none-eabi-9-2020-q2-update/bin/../lib/gcc/arm-none-eabi/9.3.1/../../../../arm-none-eabi/lib/thumb/v7e-m+fp/hard/libc.a(lib_a-setbuf.o)
 .ARM.attributes
                0x0000000000000963       0x34 /opt/gcc-arm-none-eabi-9-2020-q2-update/bin/../lib/gcc/arm-none-eabi/9.3.1/../../../../arm-none-eabi/lib/thumb/v7e-m+fp/hard/libc.a(lib_a-setvbuf.o)
 .ARM.attributes
                0x0000000000000997       0x1c /opt/gcc-arm-none-eabi-9-2020-q2-update/bin/../lib/gcc/arm-none-eabi/9.3.1/../../../../arm-none-eabi/lib/thumb/v7e-m+fp/hard/libc.a(lib_a-strlen.o)
 .ARM.attributes